Component: ARM Compiler 5.06 update 3 (build 300) Tool: armlink [4d35c9]

==============================================================================

Section Cross References

    startup_stm32f103xe.o(STACK) refers (Special) to heapauxi.o(.text) for __use_two_region_memory
    startup_stm32f103xe.o(HEAP) refers (Special) to heapauxi.o(.text) for __use_two_region_memory
    startup_stm32f103xe.o(RESET) refers (Special) to heapauxi.o(.text) for __use_two_region_memory
    startup_stm32f103xe.o(RESET) refers to startup_stm32f103xe.o(STACK) for __initial_sp
    startup_stm32f103xe.o(RESET) refers to startup_stm32f103xe.o(.text) for Reset_Handler
    startup_stm32f103xe.o(RESET) refers to stm32f1xx_it.o(i.NMI_Handler) for NMI_Handler
    startup_stm32f103xe.o(RESET) refers to stm32f1xx_it.o(i.HardFault_Handler) for HardFault_Handler
    startup_stm32f103xe.o(RESET) refers to stm32f1xx_it.o(i.MemManage_Handler) for MemManage_Handler
    startup_stm32f103xe.o(RESET) refers to stm32f1xx_it.o(i.BusFault_Handler) for BusFault_Handler
    startup_stm32f103xe.o(RESET) refers to stm32f1xx_it.o(i.UsageFault_Handler) for UsageFault_Handler
    startup_stm32f103xe.o(RESET) refers to stm32f1xx_it.o(i.SVC_Handler) for SVC_Handler
    startup_stm32f103xe.o(RESET) refers to stm32f1xx_it.o(i.DebugMon_Handler) for DebugMon_Handler
    startup_stm32f103xe.o(RESET) refers to stm32f1xx_it.o(i.PendSV_Handler) for PendSV_Handler
    startup_stm32f103xe.o(RESET) refers to stm32f1xx_it.o(i.SysTick_Handler) for SysTick_Handler
    startup_stm32f103xe.o(RESET) refers to usmart_port.o(i.TIM4_IRQHandler) for TIM4_IRQHandler
    startup_stm32f103xe.o(RESET) refers to usart.o(i.USART1_IRQHandler) for USART1_IRQHandler
    startup_stm32f103xe.o(.text) refers (Special) to heapauxi.o(.text) for __use_two_region_memory
    startup_stm32f103xe.o(.text) refers to system_stm32f1xx.o(i.SystemInit) for SystemInit
    startup_stm32f103xe.o(.text) refers to __main.o(!!!main) for __main
    startup_stm32f103xe.o(.text) refers to startup_stm32f103xe.o(HEAP) for Heap_Mem
    startup_stm32f103xe.o(.text) refers to startup_stm32f103xe.o(STACK) for Stack_Mem
    main.o(i.main) refers to stm32f1xx_hal.o(i.HAL_Init) for HAL_Init
    main.o(i.main) refers to sys.o(i.sys_stm32_clock_init) for sys_stm32_clock_init
    main.o(i.main) refers to delay.o(i.delay_init) for delay_init
    main.o(i.main) refers to usart.o(i.usart_init) for usart_init
    main.o(i.main) refers to led.o(i.led_init) for led_init
    main.o(i.main) refers to lcd.o(i.lcd_init) for lcd_init
    main.o(i.main) refers to key.o(i.key_init) for key_init
    main.o(i.main) refers to norflash.o(i.norflash_init) for norflash_init
    main.o(i.main) refers to lcd.o(i.lcd_show_string) for lcd_show_string
    main.o(i.main) refers to norflash.o(i.norflash_read_id) for norflash_read_id
    main.o(i.main) refers to delay.o(i.delay_ms) for delay_ms
    main.o(i.main) refers to stm32f1xx_hal_gpio.o(i.HAL_GPIO_TogglePin) for HAL_GPIO_TogglePin
    main.o(i.main) refers to key.o(i.key_scan) for key_scan
    main.o(i.main) refers to lcd.o(i.lcd_fill) for lcd_fill
    main.o(i.main) refers to norflash.o(i.norflash_write_page) for norflash_write_page
    main.o(i.main) refers to norflash.o(i.norflash_read) for norflash_read
    main.o(i.main) refers to usmart_config.o(.data) for usmart_dev
    main.o(i.main) refers to main.o(.constdata) for g_text_buf
    system_stm32f1xx.o(i.SystemCoreClockUpdate) refers to system_stm32f1xx.o(.data) for SystemCoreClock
    system_stm32f1xx.o(i.SystemCoreClockUpdate) refers to system_stm32f1xx.o(.constdata) for AHBPrescTable
    stm32f1xx_it.o(i.SysTick_Handler) refers to stm32f1xx_hal.o(i.HAL_IncTick) for HAL_IncTick
    delay.o(i.HAL_Delay) refers to delay.o(i.delay_ms) for delay_ms
    delay.o(i.delay_init) refers to delay.o(.data) for g_fac_us
    delay.o(i.delay_ms) refers to delay.o(i.delay_us) for delay_us
    delay.o(i.delay_us) refers to delay.o(.data) for g_fac_us
    sys.o(i.sys_stm32_clock_init) refers to rt_memclr_w.o(.text) for __aeabi_memclr4
    sys.o(i.sys_stm32_clock_init) refers to stm32f1xx_hal_rcc.o(i.HAL_RCC_OscConfig) for HAL_RCC_OscConfig
    sys.o(i.sys_stm32_clock_init) refers to stm32f1xx_hal_rcc.o(i.HAL_RCC_ClockConfig) for HAL_RCC_ClockConfig
    usart.o(.rev16_text) refers (Special) to use_no_semi_2.o(.text) for __use_no_semihosting
    usart.o(.revsh_text) refers (Special) to use_no_semi_2.o(.text) for __use_no_semihosting
    usart.o(.rrx_text) refers (Special) to use_no_semi_2.o(.text) for __use_no_semihosting
    usart.o(i.HAL_UART_MspInit) refers (Special) to use_no_semi_2.o(.text) for __use_no_semihosting
    usart.o(i.HAL_UART_MspInit) refers to stm32f1xx_hal_gpio.o(i.HAL_GPIO_Init) for HAL_GPIO_Init
    usart.o(i.HAL_UART_MspInit) refers to stm32f1xx_hal_cortex.o(i.HAL_NVIC_EnableIRQ) for HAL_NVIC_EnableIRQ
[...]
    .ARM.Collect$$libinit$$00000019          0x08000208   Section        0  libinit2.o(.ARM.Collect$$libinit$$00000019)
    .ARM.Collect$$libinit$$0000001B          0x08000208   Section        0  libinit2.o(.ARM.Collect$$libinit$$0000001B)
    .ARM.Collect$$libinit$$0000001D          0x08000208   Section        0  libinit2.o(.ARM.Collect$$libinit$$0000001D)
    .ARM.Collect$$libinit$$0000001F          0x08000208   Section        0  libinit2.o(.ARM.Collect$$libinit$$0000001F)
    .ARM.Collect$$libinit$$00000021          0x08000208   Section        0  libinit2.o(.ARM.Collect$$libinit$$00000021)
    .ARM.Collect$$libinit$$00000023          0x08000208   Section        0  libinit2.o(.ARM.Collect$$libinit$$00000023)
    .ARM.Collect$$libinit$$00000025          0x08000208   Section        0  libinit2.o(.ARM.Collect$$libinit$$00000025)
    .ARM.Collect$$libinit$$0000002C          0x08000208   Section        0  libinit2.o(.ARM.Collect$$libinit$$0000002C)
    .ARM.Collect$$libinit$$0000002E          0x08000208   Section        0  libinit2.o(.ARM.Collect$$libinit$$0000002E)
    .ARM.Collect$$libinit$$00000030          0x08000208   Section        0  libinit2.o(.ARM.Collect$$libinit$$00000030)
    .ARM.Collect$$libinit$$00000032          0x08000208   Section        0  libinit2.o(.ARM.Collect$$libinit$$00000032)
    .ARM.Collect$$libinit$$00000033          0x08000208   Section        2  libinit2.o(.ARM.Collect$$libinit$$00000033)
    .ARM.Collect$$libshutdown$$00000000      0x0800020a   Section        2  libshutdown.o(.ARM.Collect$$libshutdown$$00000000)
    .ARM.Collect$$libshutdown$$00000002      0x0800020c   Section        0  libshutdown2.o(.ARM.Collect$$libshutdown$$00000002)
    .ARM.Collect$$libshutdown$$00000004      0x0800020c   Section        0  libshutdown2.o(.ARM.Collect$$libshutdown$$00000004)
    .ARM.Collect$$libshutdown$$00000007      0x0800020c   Section        0  libshutdown2.o(.ARM.Collect$$libshutdown$$00000007)
    .ARM.Collect$$libshutdown$$0000000A      0x0800020c   Section        0  libshutdown2.o(.ARM.Collect$$libshutdown$$0000000A)
    .ARM.Collect$$libshutdown$$0000000C      0x0800020c   Section        0  libshutdown2.o(.ARM.Collect$$libshutdown$$0000000C)
    .ARM.Collect$$libshutdown$$0000000F      0x0800020c   Section        0  libshutdown2.o(.ARM.Collect$$libshutdown$$0000000F)
    .ARM.Collect$$libshutdown$$00000010      0x0800020c   Section        2  libshutdown2.o(.ARM.Collect$$libshutdown$$00000010)
    .ARM.Collect$$rtentry$$00000000          0x0800020e   Section        0  __rtentry.o(.ARM.Collect$$rtentry$$00000000)
    .ARM.Collect$$rtentry$$00000002          0x0800020e   Section        0  __rtentry2.o(.ARM.Collect$$rtentry$$00000002)
    .ARM.Collect$$rtentry$$00000004          0x0800020e   Section        6  __rtentry4.o(.ARM.Collect$$rtentry$$00000004)
    .ARM.Collect$$rtentry$$00000009          0x08000214   Section        0  __rtentry2.o(.ARM.Collect$$rtentry$$00000009)
    .ARM.Collect$$rtentry$$0000000A          0x08000214   Section        4  __rtentry2.o(.ARM.Collect$$rtentry$$0000000A)
    .ARM.Collect$$rtentry$$0000000C          0x08000218   Section        0  __rtentry2.o(.ARM.Collect$$rtentry$$0000000C)
    .ARM.Collect$$rtentry$$0000000D          0x08000218   Section        8  __rtentry2.o(.ARM.Collect$$rtentry$$0000000D)
    .ARM.Collect$$rtexit$$00000000           0x08000220   Section        2  rtexit.o(.ARM.Collect$$rtexit$$00000000)
    .ARM.Collect$$rtexit$$00000002           0x08000222   Section        0  rtexit2.o(.ARM.Collect$$rtexit$$00000002)
    .ARM.Collect$$rtexit$$00000003           0x08000222   Section        4  rtexit2.o(.ARM.Collect$$rtexit$$00000003)
    .ARM.Collect$$rtexit$$00000004           0x08000226   Section        6  rtexit2.o(.ARM.Collect$$rtexit$$00000004)
    .text                                    0x0800022c   Section       64  startup_stm32f103xe.o(.text)
    .text                                    0x0800026c   Section        2  use_no_semi_2.o(.text)
    .text                                    0x08000270   Section        0  noretval__2printf.o(.text)
    .text                                    0x08000288   Section        0  _printf_pad.o(.text)
    .text                                    0x080002d6   Section        0  _printf_str.o(.text)
    .text                                    0x08000328   Section        0  _printf_dec.o(.text)
    .text                                    0x080003a0   Section        0  _printf_hex_int.o(.text)
    .text                                    0x080003f8   Section        0  __printf_flags_ss_wp.o(.text)
    .text                                    0x08000580   Section       78  rt_memclr_w.o(.text)
    .text                                    0x080005ce   Section        0  heapauxi.o(.text)
    .text                                    0x080005d4   Section        2  use_no_semi.o(.text)
    .text                                    0x080005d6   Section        0  _printf_intcommon.o(.text)
    .text                                    0x08000688   Section        0  _printf_char.o(.text)
    .text                                    0x080006b4   Section        0  _printf_char_file.o(.text)
    .text                                    0x080006d8   Section        0  _printf_char_common.o(.text)
    _printf_input_char                       0x080006d9   Thumb Code    10  _printf_char_common.o(.text)
    .text                                    0x08000708   Section        0  ferror.o(.text)
    .text                                    0x08000710   Section       74  sys_stackheap_outer.o(.text)
    .text                                    0x0800075a   Section        0  exit.o(.text)
    .text                                    0x0800076c   Section        8  libspace.o(.text)
    i.BusFault_Handler                       0x08000774   Section        0  stm32f1xx_it.o(i.BusFault_Handler)
    i.DebugMon_Handler                       0x08000778   Section        0  stm32f1xx_it.o(i.DebugMon_Handler)
    i.FSMC_NORSRAM_Extended_Timing_Init      0x0800077c   Section        0  stm32f1xx_ll_fsmc.o(i.FSMC_NORSRAM_Extended_Timing_Init)
    i.FSMC_NORSRAM_Init                      0x080007c0   Section        0  stm32f1xx_ll_fsmc.o(i.FSMC_NORSRAM_Init)
    i.FSMC_NORSRAM_Timing_Init               0x08000838   Section        0  stm32f1xx_ll_fsmc.o(i.FSMC_NORSRAM_Timing_Init)
    i.HAL_DMA_Abort_IT                       0x0800087c   Section        0  stm32f1xx_hal_dma.o(i.HAL_DMA_Abort_IT)
    i.HAL_GPIO_Init                          0x08000a24   Section        0  stm32f1xx_hal_gpio.o(i.HAL_GPIO_Init)
    i.HAL_GPIO_ReadPin                       0x08000d64   Section        0  stm32f1xx_hal_gpio.o(i.HAL_GPIO_ReadPin)
    i.HAL_GPIO_TogglePin                     0x08000d74   Section        0  stm32f1xx_hal_gpio.o(i.HAL_GPIO_TogglePin)
    i.HAL_GPIO_WritePin                      0x08000d88   Section        0  stm32f1xx_hal_gpio.o(i.HAL_GPIO_WritePin)
    i.HAL_GetTick                            0x08000d94   Section        0  stm32f1xx_hal.o(i.HAL_GetTick)
    i.HAL_IncTick                            0x08000da0   Section        0  stm32f1xx_hal.o(i.HAL_IncTick)
    i.HAL_Init                               0x08000db8   Section        0  stm32f1xx_hal.o(i.HAL_Init)
    i.HAL_InitTick                           0x08000de0   Section        0  stm32f1xx_hal.o(i.HAL_InitTick)
    i.HAL_MspInit                            0x08000e2c   Section        0  stm32f1xx_hal.o(i.HAL_MspInit)
    i.HAL_NVIC_EnableIRQ                     0x08000e2e   Section        0  stm32f1xx_hal_cortex.o(i.HAL_NVIC_EnableIRQ)
    i.HAL_NVIC_SetPriority                   0x08000e4e   Section        0  stm32f1xx_hal_cortex.o(i.HAL_NVIC_SetPriority)
    i.HAL_NVIC_SetPriorityGrouping           0x08000ecc   Section        0  stm32f1xx_hal_cortex.o(i.HAL_NVIC_SetPriorityGrouping)
    i.HAL_RCC_ClockConfig                    0x08000ef4   Section        0  stm32f1xx_hal_rcc.o(i.HAL_RCC_ClockConfig)
    i.HAL_RCC_GetHCLKFreq                    0x08001080   Section        0  stm32f1xx_hal_rcc.o(i.HAL_RCC_GetHCLKFreq)
    i.HAL_RCC_GetPCLK1Freq                   0x0800108c   Section        0  stm32f1xx_hal_rcc.o(i.HAL_RCC_GetPCLK1Freq)
    i.HAL_RCC_GetPCLK2Freq                   0x080010ac   Section        0  stm32f1xx_hal_rcc.o(i.HAL_RCC_GetPCLK2Freq)
    i.HAL_RCC_GetSysClockFreq                0x080010cc   Section        0  stm32f1xx_hal_rcc.o(i.HAL_RCC_GetSysClockFreq)
    i.HAL_RCC_OscConfig                      0x08001160   Section        0  stm32f1xx_hal_rcc.o(i.HAL_RCC_OscConfig)
    i.HAL_SPI_Init                           0x080015c4   Section        0  stm32f1xx_hal_spi.o(i.HAL_SPI_Init)
    i.HAL_SPI_MspInit                        0x08001698   Section        0  spi.o(i.HAL_SPI_MspInit)
    i.HAL_SPI_TransmitReceive                0x08001748   Section        0  stm32f1xx_hal_spi.o(i.HAL_SPI_TransmitReceive)
    i.HAL_SRAM_Init                          0x08001a36   Section        0  stm32f1xx_hal_sram.o(i.HAL_SRAM_Init)
    i.HAL_SRAM_MspInit                       0x08001a9c   Section        0  lcd.o(i.HAL_SRAM_MspInit)
    i.HAL_SYSTICK_Config                     0x08001b2c   Section        0  stm32f1xx_hal_cortex.o(i.HAL_SYSTICK_Config)
    i.HAL_TIM_Base_Init                      0x08001b60   Section        0  stm32f1xx_hal_tim.o(i.HAL_TIM_Base_Init)
    i.HAL_TIM_Base_MspInit                   0x08001bc6   Section        0  stm32f1xx_hal_tim.o(i.HAL_TIM_Base_MspInit)
    i.HAL_TIM_Base_Start_IT                  0x08001bc8   Section        0  stm32f1xx_hal_tim.o(i.HAL_TIM_Base_Start_IT)
    i.HAL_UART_ErrorCallback                 0x08001c58   Section        0  stm32f1xx_hal_uart.o(i.HAL_UART_ErrorCallback)
    i.HAL_UART_IRQHandler                    0x08001c5c   Section        0  stm32f1xx_hal_uart.o(i.HAL_UART_IRQHandler)
    i.HAL_UART_Init                          0x08001db0   Section        0  stm32f1xx_hal_uart.o(i.HAL_UART_Init)
    i.HAL_UART_MspInit                       0x08001e24   Section        0  usart.o(i.HAL_UART_MspInit)
    i.HAL_UART_Receive_IT                    0x08001ed8   Section        0  stm32f1xx_hal_uart.o(i.HAL_UART_Receive_IT)
    i.HAL_UART_RxCpltCallback                0x08001f48   Section        0  usart.o(i.HAL_UART_RxCpltCallback)
    i.HAL_UART_TxCpltCallback                0x08001fe4   Section        0  stm32f1xx_hal_uart.o(i.HAL_UART_TxCpltCallback)
    i.HardFault_Handler                      0x08001fe6   Section        0  stm32f1xx_it.o(i.HardFault_Handler)
    i.MemManage_Handler                      0x08001fea   Section        0  stm32f1xx_it.o(i.MemManage_Handler)
    i.NMI_Handler                            0x08001fee   Section        0  stm32f1xx_it.o(i.NMI_Handler)
    i.PendSV_Handler                         0x08001ff0   Section        0  stm32f1xx_it.o(i.PendSV_Handler)
    i.RCC_Delay                              0x08001ff4   Section        0  stm32f1xx_hal_rcc.o(i.RCC_Delay)
    RCC_Delay                                0x08001ff5   Thumb Code    36  stm32f1xx_hal_rcc.o(i.RCC_Delay)
    i.SPI_EndRxTxTransaction                 0x0800201c   Section        0  stm32f1xx_hal_spi.o(i.SPI_EndRxTxTransaction)
    SPI_EndRxTxTransaction                   0x0800201d   Thumb Code    40  stm32f1xx_hal_spi.o(i.SPI_EndRxTxTransaction)
    i.SPI_ISCRCErrorValid                    0x08002044   Section        0  stm32f1xx_hal_spi.o(i.SPI_ISCRCErrorValid)
    i.SPI_WaitFlagStateUntilTimeout          0x0800204c   Section        0  stm32f1xx_hal_spi.o(i.SPI_WaitFlagStateUntilTimeout)
    SPI_WaitFlagStateUntilTimeout            0x0800204d   Thumb Code   210  stm32f1xx_hal_spi.o(i.SPI_WaitFlagStateUntilTimeout)
    i.SVC_Handler                            0x08002124   Section        0  stm32f1xx_it.o(i.SVC_Handler)
    i.SysTick_Handler                        0x08002126   Section        0  stm32f1xx_it.o(i.SysTick_Handler)
    i.SystemInit                             0x0800212e   Section        0  system_stm32f1xx.o(i.SystemInit)
    i.TIM4_IRQHandler                        0x08002130   Section        0  usmart_port.o(i.TIM4_IRQHandler)
    i.TIM_Base_SetConfig                     0x08002174   Section        0  stm32f1xx_hal_tim.o(i.TIM_Base_SetConfig)
    i.UART_DMAAbortOnError                   0x08002210   Section        0  stm32f1xx_hal_uart.o(i.UART_DMAAbortOnError)
    UART_DMAAbortOnError                     0x08002211   Thumb Code    20  stm32f1xx_hal_uart.o(i.UART_DMAAbortOnError)
    i.UART_EndRxTransfer                     0x08002224   Section        0  stm32f1xx_hal_uart.o(i.UART_EndRxTransfer)
    UART_EndRxTransfer                       0x08002225   Thumb Code    32  stm32f1xx_hal_uart.o(i.UART_EndRxTransfer)
    i.UART_EndTransmit_IT                    0x08002244   Section        0  stm32f1xx_hal_uart.o(i.UART_EndTransmit_IT)
    UART_EndTransmit_IT                      0x08002245   Thumb Code    32  stm32f1xx_hal_uart.o(i.UART_EndTransmit_IT)
    i.UART_Receive_IT                        0x08002264   Section        0  stm32f1xx_hal_uart.o(i.UART_Receive_IT)
    UART_Receive_IT                          0x08002265   Thumb Code   160  stm32f1xx_hal_uart.o(i.UART_Receive_IT)
    i.UART_SetConfig                         0x08002304   Section        0  stm32f1xx_hal_uart.o(i.UART_SetConfig)
    UART_SetConfig                           0x08002305   Thumb Code   248  stm32f1xx_hal_uart.o(i.UART_SetConfig)
    i.UART_Transmit_IT                       0x08002400   Section        0  stm32f1xx_hal_uart.o(i.UART_Transmit_IT)
    UART_Transmit_IT                         0x08002401   Thumb Code    96  stm32f1xx_hal_uart.o(i.UART_Transmit_IT)
    i.USART1_IRQHandler                      0x08002460   Section        0  usart.o(i.USART1_IRQHandler)
    i.UsageFault_Handler                     0x08002470   Section        0  stm32f1xx_it.o(i.UsageFault_Handler)
    i.__NVIC_GetPriorityGrouping             0x08002474   Section        0  stm32f1xx_hal_cortex.o(i.__NVIC_GetPriorityGrouping)
    __NVIC_GetPriorityGrouping               0x08002475   Thumb Code    10  stm32f1xx_hal_cortex.o(i.__NVIC_GetPriorityGrouping)
    i.__NVIC_SetPriority                     0x08002484   Section        0  stm32f1xx_hal_cortex.o(i.__NVIC_SetPriority)
    __NVIC_SetPriority                       0x08002485   Thumb Code    32  stm32f1xx_hal_cortex.o(i.__NVIC_SetPriority)
    i._is_digit                              0x080024ac   Section        0  __printf_wp.o(i._is_digit)
    i._sys_exit                              0x080024ba   Section        0  usart.o(i._sys_exit)
    i.delay_init                             0x080024c0   Section        0  delay.o(i.delay_init)
    i.delay_ms                               0x080024cc   Section        0  delay.o(i.delay_ms)
    i.delay_us                               0x080024e0   Section        0  delay.o(i.delay_us)
    i.fputc                                  0x08002528   Section        0  usart.o(i.fputc)
    i.key_init                               0x08002544   Section        0  key.o(i.key_init)
    i.key_scan                               0x08002634   Section        0  key.o(i.key_scan)
    i.lcd_clear                              0x080026f8   Section        0  lcd.o(i.lcd_clear)
    i.lcd_display_dir                        0x0800272c   Section        0  lcd.o(i.lcd_display_dir)
    i.lcd_draw_point                         0x08002898   Section        0  lcd.o(i.lcd_draw_point)
    i.lcd_ex_ili9341_reginit                 0x080028b8   Section        0  lcd.o(i.lcd_ex_ili9341_reginit)
    i.lcd_ex_ili9806_reginit                 0x08002ae4   Section        0  lcd.o(i.lcd_ex_ili9806_reginit)
    i.lcd_ex_nt35310_reginit                 0x08002e24   Section        0  lcd.o(i.lcd_ex_nt35310_reginit)
    i.lcd_ex_nt35510_reginit                 0x08003d16   Section        0  lcd.o(i.lcd_ex_nt35510_reginit)
    i.lcd_ex_ssd1963_reginit                 0x08004c12   Section        0  lcd.o(i.lcd_ex_ssd1963_reginit)
    i.lcd_ex_st7789_reginit                  0x08004d80   Section        0  lcd.o(i.lcd_ex_st7789_reginit)
    i.lcd_ex_st7796_reginit                  0x08004f28   Section        0  lcd.o(i.lcd_ex_st7796_reginit)
    i.lcd_fill                               0x080050f0   Section        0  lcd.o(i.lcd_fill)
    i.lcd_init                               0x08005144   Section        0  lcd.o(i.lcd_init)
    i.lcd_opt_delay                          0x080055ac   Section        0  lcd.o(i.lcd_opt_delay)
    lcd_opt_delay                            0x080055ad   Thumb Code    12  lcd.o(i.lcd_opt_delay)
    i.lcd_rd_data                            0x080055b8   Section        0  lcd.o(i.lcd_rd_data)
    lcd_rd_data                              0x080055b9   Thumb Code    20  lcd.o(i.lcd_rd_data)
    i.lcd_scan_dir                           0x080055d0   Section        0  lcd.o(i.lcd_scan_dir)
    i.lcd_set_cursor                         0x0800580c   Section        0  lcd.o(i.lcd_set_cursor)
    i.lcd_show_char                          0x0800592c   Section        0  lcd.o(i.lcd_show_char)
    i.lcd_show_string                        0x08005a6c   Section        0  lcd.o(i.lcd_show_string)
    i.lcd_ssd_backlight_set                  0x08005ad8   Section        0  lcd.o(i.lcd_ssd_backlight_set)
    i.lcd_wr_data                            0x08005b2c   Section        0  lcd.o(i.lcd_wr_data)
    i.lcd_wr_regno                           0x08005b44   Section        0  lcd.o(i.lcd_wr_regno)
    i.lcd_write_ram_prepare                  0x08005b5c   Section        0  lcd.o(i.lcd_write_ram_prepare)
    i.lcd_write_reg                          0x08005b70   Section        0  lcd.o(i.lcd_write_reg)
    i.led_init                               0x08005b80   Section        0  led.o(i.led_init)
    i.main                                   0x08005c10   Section        0  main.o(i.main)
    i.norflash_erase_chip                    0x08005ee8   Section        0  norflash.o(i.norflash_erase_chip)
    i.norflash_erase_sector                  0x08005f20   Section        0  norflash.o(i.norflash_erase_sector)
    i.norflash_init                          0x08005f64   Section        0  norflash.o(i.norflash_init)
    i.norflash_read                          0x0800601c   Section        0  norflash.o(i.norflash_read)
    i.norflash_read_id                       0x0800606c   Section        0  norflash.o(i.norflash_read_id)
    i.norflash_read_sr                       0x080060bc   Section        0  norflash.o(i.norflash_read_sr)
    i.norflash_send_address                  0x08006118   Section        0  norflash.o(i.norflash_send_address)
    norflash_send_address                    0x08006119   Thumb Code    46  norflash.o(i.norflash_send_address)
    i.norflash_wait_busy                     0x0800614c   Section        0  norflash.o(i.norflash_wait_busy)
    norflash_wait_busy                       0x0800614d   Thumb Code    20  norflash.o(i.norflash_wait_busy)
    i.norflash_write_enable                  0x08006160   Section        0  norflash.o(i.norflash_write_enable)
    i.norflash_write_page                    0x0800618c   Section        0  norflash.o(i.norflash_write_page)
    i.norflash_write_sr                      0x080061e4   Section        0  norflash.o(i.norflash_write_sr)
    i.read_addr                              0x0800623c   Section        0  usmart.o(i.read_addr)
    i.spi2_init                              0x08006244   Section        0  spi.o(i.spi2_init)
    i.spi2_read_write_byte                   0x080062c0   Section        0  spi.o(i.spi2_read_write_byte)
    i.spi2_set_speed                         0x080062e0   Section        0  spi.o(i.spi2_set_speed)
    i.sys_stm32_clock_init                   0x08006328   Section        0  sys.o(i.sys_stm32_clock_init)
    i.usart_init                             0x08006390   Section        0  usart.o(i.usart_init)
    i.usmart_cmd_rec                         0x080063c8   Section        0  usmart.o(i.usmart_cmd_rec)
    i.usmart_exe                             0x08006478   Section        0  usmart.o(i.usmart_exe)
    i.usmart_get_aparm                       0x0800674c   Section        0  usmart_str.o(i.usmart_get_aparm)
    i.usmart_get_cmdname                     0x08006820   Section        0  usmart_str.o(i.usmart_get_cmdname)
    i.usmart_get_fname                       0x08006858   Section        0  usmart_str.o(i.usmart_get_fname)
    i.usmart_get_fparam                      0x08006a18   Section        0  usmart_str.o(i.usmart_get_fparam)
    i.usmart_get_input_string                0x08006b24   Section        0  usmart_port.o(i.usmart_get_input_string)
    i.usmart_get_parmpos                     0x08006b4c   Section        0  usmart_str.o(i.usmart_get_parmpos)
    i.usmart_init                            0x08006b6c   Section        0  usmart.o(i.usmart_init)
    i.usmart_pow                             0x08006b94   Section        0  usmart_str.o(i.usmart_pow)
    i.usmart_scan                            0x08006bac   Section        0  usmart.o(i.usmart_scan)
    i.usmart_search_nextc                    0x08006c54   Section        0  usmart_str.o(i.usmart_search_nextc)
    i.usmart_str2num                         0x08006c6a   Section        0  usmart_str.o(i.usmart_str2num)
    i.usmart_strcmp                          0x08006d70   Section        0  usmart_str.o(i.usmart_strcmp)
    i.usmart_strcopy                         0x08006d92   Section        0  usmart_str.o(i.usmart_strcopy)
    i.usmart_strlen                          0x08006da8   Section        0  usmart_str.o(i.usmart_strlen)
    i.usmart_sys_cmd_exe                     0x08006dc0   Section        0  usmart.o(i.usmart_sys_cmd_exe)
    i.usmart_timx_get_time                   0x080074b4   Section        0  usmart_port.o(i.usmart_timx_get_time)
    i.usmart_timx_init                       0x080074f8   Section        0  usmart_port.o(i.usmart_timx_init)
    i.usmart_timx_reset_time                 0x08007558   Section        0  usmart_port.o(i.usmart_timx_reset_time)
    i.write_addr                             0x0800758c   Section        0  usmart.o(i.write_addr)
    x$fpl$dfixu                              0x08007590   Section       90  dfixu.o(x$fpl$dfixu)
    x$fpl$dfltu                              0x080075ea   Section       38  dflt_clz.o(x$fpl$dfltu)
    x$fpl$dmul                               0x08007610   Section      340  dmul.o(x$fpl$dmul)
    x$fpl$dnaninf                            0x08007764   Section      156  dnaninf.o(x$fpl$dnaninf)
    x$fpl$dretinf                            0x08007800   Section       12  dretinf.o(x$fpl$dretinf)
    .constdata                               0x0800780c   Section       23  main.o(.constdata)
    x$fpl$usenofp                            0x0800780c   Section        0  usenofp.o(x$fpl$usenofp)
    .constdata                               0x08007823   Section       24  system_stm32f1xx.o(.constdata)
    .constdata                               0x0800783b   Section    12160  lcd.o(.constdata)
    .constdata                               0x0800a7bb   Section       40  _printf_hex_int.o(.constdata)
    uc_hextab                                0x0800a7bb   Data          20  _printf_hex_int.o(.constdata)
    lc_hextab                                0x0800a7cf   Data          20  _printf_hex_int.o(.constdata)
    .constdata                               0x0800a7e3   Section       17  __printf_flags_ss_wp.o(.constdata)
    maptable                                 0x0800a7e3   Data          17  __printf_flags_ss_wp.o(.constdata)
    .conststring                             0x0800a7f4   Section       40  usmart.o(.conststring)
    .conststring                             0x0800a81c   Section      244  usmart_config.o(.conststring)
    .data                                    0x20000000   Section        4  system_stm32f1xx.o(.data)
    .data                                    0x20000004   Section        4  delay.o(.data)
    g_fac_us                                 0x20000004   Data           4  delay.o(.data)
    .data                                    0x20000008   Section        7  usart.o(.data)
    .data                                    0x20000010   Section        9  stm32f1xx_hal.o(.data)
    .data                                    0x2000001c   Section        8  lcd.o(.data)
    .data                                    0x20000024   Section        1  key.o(.data)
    key_up                                   0x20000024   Data           1  key.o(.data)
    .data                                    0x20000026   Section        2  norflash.o(.data)
    .data                                    0x20000028   Section       28  usmart.o(.data)
    .data                                    0x20000044   Section      300  usmart_config.o(.data)
    .bss                                     0x20000170   Section      264  usart.o(.bss)
    .bss                                     0x20000278   Section       86  lcd.o(.bss)
    .bss                                     0x200002d0   Section       88  spi.o(.bss)
    .bss                                     0x20000328   Section       72  usmart_port.o(.bss)
    .bss                                     0x20000370   Section       96  libspace.o(.bss)
    HEAP                                     0x200003d0   Section      512  startup_stm32f103xe.o(HEAP)
    Heap_Mem                                 0x200003d0   Data         512  startup_stm32f103xe.o(HEAP)
    STACK                                    0x200005d0   Section     1024  startup_stm32f103xe.o(STACK)
    Stack_Mem                                0x200005d0   Data        1024  startup_stm32f103xe.o(STACK)
    __initial_sp                             0x200009d0   Data           0  startup_stm32f103xe.o(STACK)

    Global Symbols

    Symbol Name                              Value     Ov Type        Size  Object(Section)

    BuildAttributes$$THM_ISAv4$P$D$K$B$S$PE$A:L22UL41UL21$X:L11$S22US41US21$IEEE1$IW$USESV6$~STKCKD$USESV7$~SHL$OSPACE$ROPI$EBA8$UX$STANDARDLIB$REQ8$PRES8$EABIv2 0x00000000   Number         0  anon$$obj.o ABSOLUTE
    __ARM_use_no_argv                        0x00000000   Number         0  main.o ABSOLUTE
    _printf_flags                            0x00000000   Number         0  printf_stubs.o ABSOLUTE
    _printf_return_value                     0x00000000   Number         0  printf_stubs.o ABSOLUTE
    _printf_sizespec                         0x00000000   Number         0  printf_stubs.o ABSOLUTE
    _printf_widthprec                        0x00000000   Number         0  printf_stubs.o ABSOLUTE
    __ARM_exceptions_init                     - Undefined Weak Reference
    __alloca_initialize                       - Undefined Weak Reference
    __arm_preinit_                            - Undefined Weak Reference
    __cpp_initialize__aeabi_                  - Undefined Weak Reference
    __cxa_finalize                            - Undefined Weak Reference
    __rt_locale                               - Undefined Weak Reference
    __sigvec_lookup                           - Undefined Weak Reference
    _atexit_init                              - Undefined Weak Reference
    _call_atexit_fns                          - Undefined Weak Reference
    _clock_init                               - Undefined Weak Reference
    _fp_trap_init                             - Undefined Weak Reference
    _fp_trap_shutdown                         - Undefined Weak Reference
    _get_lc_collate                           - Undefined Weak Reference
    _get_lc_ctype                             - Undefined Weak Reference
    _get_lc_monetary                          - Undefined Weak Reference
    _get_lc_numeric                           - Undefined Weak Reference
    _get_lc_time                              - Undefined Weak Reference
    _getenv_init                              - Undefined Weak Reference
    _handle_redirection                       - Undefined Weak Reference
    _init_alloc                               - Undefined Weak Reference
    _init_user_alloc                          - Undefined Weak Reference
    _initio                                   - Undefined Weak Reference
    _mutex_acquire                            - Undefined Weak Reference
    _mutex_release                            - Undefined Weak Reference
    _printf_mbtowc                            - Undefined Weak Reference
    _printf_truncate_signed                   - Undefined Weak Reference
    _printf_truncate_unsigned                 - Undefined Weak Reference
    _rand_init                                - Undefined Weak Reference
    _signal_finish                            - Undefined Weak Reference
    _signal_init                              - Undefined Weak Reference
    _terminate_alloc                          - Undefined Weak Reference
    _terminate_user_alloc                     - Undefined Weak Reference
    _terminateio                              - Undefined Weak Reference
    __Vectors_Size                           0x00000130   Number         0  startup_stm32f103xe.o ABSOLUTE
    __Vectors                                0x08000000   Data           4  startup_stm32f103xe.o(RESET)
    __Vectors_End                            0x08000130   Data           0  startup_stm32f103xe.o(RESET)
    __main                                   0x08000131   Thumb Code     8  __main.o(!!!main)
    __scatterload                            0x08000139   Thumb Code     0  __scatter.o(!!!scatter)
    __scatterload_rt2                        0x08000139   Thumb Code    44  __scatter.o(!!!scatter)
    __scatterload_rt2_thumb_only             0x08000139   Thumb Code     0  __scatter.o(!!!scatter)
    __scatterload_null                       0x08000147   Thumb Code     0  __scatter.o(!!!scatter)
    __decompress                             0x0800016d   Thumb Code    90  __dczerorl2.o(!!dczerorl2)
    __decompress1                            0x0800016d   Thumb Code     0  __dczerorl2.o(!!dczerorl2)
    __scatterload_zeroinit                   0x080001c9   Thumb Code    28  __scatter_zi.o(!!handler_zi)
    _printf_d                                0x080001e5   Thumb Code     0  _printf_d.o(.ARM.Collect$$_printf_percent$$00000009)
    _printf_percent                          0x080001e5   Thumb Code     0  _printf_percent.o(.ARM.Collect$$_printf_percent$$00000000)
    _printf_u                                0x080001eb   Thumb Code     0  _printf_u.o(.ARM.Collect$$_printf_percent$$0000000A)
    _printf_x                                0x080001f1   Thumb Code     0  _printf_x.o(.ARM.Collect$$_printf_percent$$0000000C)
    _printf_c                                0x080001f7   Thumb Code     0  _printf_c.o(.ARM.Collect$$_printf_percent$$00000013)
    _printf_s                                0x080001fd   Thumb Code     0  _printf_s.o(.ARM.Collect$$_printf_percent$$00000014)
    _printf_percent_end                      0x08000203   Thumb Code     0  _printf_percent_end.o(.ARM.Collect$$_printf_percent$$00000017)
    __rt_lib_init                            0x08000207   Thumb Code     0  libinit.o(.ARM.Collect$$libinit$$00000000)
    __rt_lib_init_alloca_1                   0x08000209   Thumb Code     0  libinit2.o(.ARM.Collect$$libinit$$0000002E)
    __rt_lib_init_argv_1                     0x08000209   Thumb Code     0  libinit2.o(.ARM.Collect$$libinit$$0000002C)
    __rt_lib_init_atexit_1                   0x08000209   Thumb Code     0  libinit2.o(.ARM.Collect$$libinit$$0000001B)
    __rt_lib_init_clock_1                    0x08000209   Thumb Code     0  libinit2.o(.ARM.Collect$$libinit$$00000021)
    __rt_lib_init_cpp_1                      0x08000209   Thumb Code     0  libinit2.o(.ARM.Collect$$libinit$$00000032)
    __rt_lib_init_exceptions_1               0x08000209   Thumb Code     0  libinit2.o(.ARM.Collect$$libinit$$00000030)
    __rt_lib_init_fp_1                       0x08000209   Thumb Code     0  libinit2.o(.ARM.Collect$$libinit$$00000002)
    __rt_lib_init_fp_trap_1                  0x08000209   Thumb Code     0  libinit2.o(.ARM.Collect$$libinit$$0000001F)
    __rt_lib_init_getenv_1                   0x08000209   Thumb Code     0  libinit2.o(.ARM.Collect$$libinit$$00000023)
    __rt_lib_init_heap_1                     0x08000209   Thumb Code     0  libinit2.o(.ARM.Collect$$libinit$$0000000A)
    __rt_lib_init_lc_collate_1               0x08000209   Thumb Code     0  libinit2.o(.ARM.Collect$$libinit$$00000011)
    __rt_lib_init_lc_ctype_1                 0x08000209   Thumb Code     0  libinit2.o(.ARM.Collect$$libinit$$00000013)
    __rt_lib_init_lc_monetary_1              0x08000209   Thumb Code     0  libinit2.o(.ARM.Collect$$libinit$$00000015)
    __rt_lib_init_lc_numeric_1               0x08000209   Thumb Code     0  libinit2.o(.ARM.Collect$$libinit$$00000017)
    __rt_lib_init_lc_time_1                  0x08000209   Thumb Code     0  libinit2.o(.ARM.Collect$$libinit$$00000019)
    __rt_lib_init_preinit_1                  0x08000209   Thumb Code     0  libinit2.o(.ARM.Collect$$libinit$$00000004)
    __rt_lib_init_rand_1                     0x08000209   Thumb Code     0  libinit2.o(.ARM.Collect$$libinit$$0000000E)
    __rt_lib_init_return                     0x08000209   Thumb Code     0  libinit2.o(.ARM.Collect$$libinit$$00000033)
    __rt_lib_init_signal_1                   0x08000209   Thumb Code     0  libinit2.o(.ARM.Collect$$libinit$$0000001D)
    __rt_lib_init_stdio_1                    0x08000209   Thumb Code     0  libinit2.o(.ARM.Collect$$libinit$$00000025)
    __rt_lib_init_user_alloc_1               0x08000209   Thumb Code     0  libinit2.o(.ARM.Collect$$libinit$$0000000C)
    __rt_lib_shutdown                        0x0800020b   Thumb Code     0  libshutdown.o(.ARM.Collect$$libshutdown$$00000000)
    __rt_lib_shutdown_cpp_1                  0x0800020d   Thumb Code     0  libshutdown2.o(.ARM.Collect$$libshutdown$$00000002)
    __rt_lib_shutdown_fp_trap_1              0x0800020d   Thumb Code     0  libshutdown2.o(.ARM.Collect$$libshutdown$$00000007)
    __rt_lib_shutdown_heap_1                 0x0800020d   Thumb Code     0  libshutdown2.o(.ARM.Collect$$libshutdown$$0000000F)
    __rt_lib_shutdown_return                 0x0800020d   Thumb Code     0  libshutdown2.o(.ARM.Collect$$libshutdown$$00000010)
    __rt_lib_shutdown_signal_1               0x0800020d   Thumb Code     0  libshutdown2.o(.ARM.Collect$$libshutdown$$0000000A)
    __rt_lib_shutdown_stdio_1                0x0800020d   Thumb Code     0  libshutdown2.o(.ARM.Collect$$libshutdown$$00000004)
    __rt_lib_shutdown_user_alloc_1           0x0800020d   Thumb Code     0  libshutdown2.o(.ARM.Collect$$libshutdown$$0000000C)
    __rt_entry                               0x0800020f   Thumb Code     0  __rtentry.o(.ARM.Collect$$rtentry$$00000000)
    __rt_entry_presh_1                       0x0800020f   Thumb Code     0  __rtentry2.o(.ARM.Collect$$rtentry$$00000002)
    __rt_entry_sh                            0x0800020f   Thumb Code     0  __rtentry4.o(.ARM.Collect$$rtentry$$00000004)
    __rt_entry_li                            0x08000215   Thumb Code     0  __rtentry2.o(.ARM.Collect$$rtentry$$0000000A)
    __rt_entry_postsh_1                      0x08000215   Thumb Code     0  __rtentry2.o(.ARM.Collect$$rtentry$$00000009)
    __rt_entry_main                          0x08000219   Thumb Code     0  __rtentry2.o(.ARM.Collect$$rtentry$$0000000D)
    __rt_entry_postli_1                      0x08000219   Thumb Code     0  __rtentry2.o(.ARM.Collect$$rtentry$$0000000C)
    __rt_exit                                0x08000221   Thumb Code     0  rtexit.o(.ARM.Collect$$rtexit$$00000000)
    __rt_exit_ls                             0x08000223   Thumb Code     0  rtexit2.o(.ARM.Collect$$rtexit$$00000003)
    __rt_exit_prels_1                        0x08000223   Thumb Code     0  rtexit2.o(.ARM.Collect$$rtexit$$00000002)
    __rt_exit_exit                           0x08000227   Thumb Code     0  rtexit2.o(.ARM.Collect$$rtexit$$00000004)
    Reset_Handler                            0x0800022d   Thumb Code     8  startup_stm32f103xe.o(.text)
    ADC1_2_IRQHandler                        0x08000247   Thumb Code     0  startup_stm32f103xe.o(.text)
    ADC3_IRQHandler                          0x08000247   Thumb Code     0  startup_stm32f103xe.o(.text)
    CAN1_RX1_IRQHandler                      0x08000247   Thumb Code     0  startup_stm32f103xe.o(.text)
    CAN1_SCE_IRQHandler                      0x08000247   Thumb Code     0  startup_stm32f103xe.o(.text)
    DMA1_Channel1_IRQHandler                 0x08000247   Thumb Code     0  startup_stm32f103xe.o(.text)
    DMA1_Channel2_IRQHandler                 0x08000247   Thumb Code     0  startup_stm32f103xe.o(.text)
    DMA1_Channel3_IRQHandler                 0x08000247   Thumb Code     0  startup_stm32f103xe.o(.text)
    DMA1_Channel4_IRQHandler                 0x08000247   Thumb Code     0  startup_stm32f103xe.o(.text)
    DMA1_Channel5_IRQHandler                 0x08000247   Thumb Code     0  startup_stm32f103xe.o(.text)
    DMA1_Channel6_IRQHandler                 0x08000247   Thumb Code     0  startup_stm32f103xe.o(.text)
    DMA1_Channel7_IRQHandler                 0x08000247   Thumb Code     0  startup_stm32f103xe.o(.text)
    DMA2_Channel1_IRQHandler                 0x08000247   Thumb Code     0  startup_stm32f103xe.o(.text)
    DMA2_Channel2_IRQHandler                 0x08000247   Thumb Code     0  startup_stm32f103xe.o(.text)
    DMA2_Channel3_IRQHandler                 0x08000247   Thumb Code     0  startup_stm32f103xe.o(.text)
    DMA2_Channel4_5_IRQHandler               0x08000247   Thumb Code     0  startup_stm32f103xe.o(.text)
    EXTI0_IRQHandler                         0x08000247   Thumb Code     0  startup_stm32f103xe.o(.text)
    EXTI15_10_IRQHandler                     0x08000247   Thumb Code     0  startup_stm32f103xe.o(.text)
    EXTI1_IRQHandler                         0x08000247   Thumb Code     0  startup_stm32f103xe.o(.text)
    EXTI2_IRQHandler                         0x08000247   Thumb Code     0  startup_stm32f103xe.o(.text)
    EXTI3_IRQHandler                         0x08000247   Thumb Code     0  startup_stm32f103xe.o(.text)
    EXTI4_IRQHandler                         0x08000247   Thumb Code     0  startup_stm32f103xe.o(.text)
    EXTI9_5_IRQHandler                       0x08000247   Thumb Code     0  startup_stm32f103xe.o(.text)
    FLASH_IRQHandler                         0x08000247   Thumb Code     0  startup_stm32f103xe.o(.text)
    FSMC_IRQHandler                          0x08000247   Thumb Code     0  startup_stm32f103xe.o(.text)
    I2C1_ER_IRQHandler                       0x08000247   Thumb Code     0  startup_stm32f103xe.o(.text)
    I2C1_EV_IRQHandler                       0x08000247   Thumb Code     0  startup_stm32f103xe.o(.text)
    I2C2_ER_IRQHandler                       0x08000247   Thumb Code     0  startup_stm32f103xe.o(.text)
    I2C2_EV_IRQHandler                       0x08000247   Thumb Code     0  startup_stm32f103xe.o(.text)
    PVD_IRQHandler                           0x08000247   Thumb Code     0  startup_stm32f103xe.o(.text)
    RCC_IRQHandler                           0x08000247   Thumb Code     0  startup_stm32f103xe.o(.text)
    RTC_Alarm_IRQHandler                     0x08000247   Thumb Code     0  startup_stm32f103xe.o(.text)
    RTC_IRQHandler                           0x08000247   Thumb Code     0  startup_stm32f103xe.o(.text)
    SDIO_IRQHandler                          0x08000247   Thumb Code     0  startup_stm32f103xe.o(.text)
    SPI1_IRQHandler                          0x08000247   Thumb Code     0  startup_stm32f103xe.o(.text)
    SPI2_IRQHandler                          0x08000247   Thumb Code     0  startup_stm32f103xe.o(.text)
    SPI3_IRQHandler                          0x08000247   Thumb Code     0  startup_stm32f103xe.o(.text)
    TAMPER_IRQHandler                        0x08000247   Thumb Code     0  startup_stm32f103xe.o(.text)
    TIM1_BRK_IRQHandler                      0x08000247   Thumb Code     0  startup_stm32f103xe.o(.text)
    TIM1_CC_IRQHandler                       0x08000247   Thumb Code     0  startup_stm32f103xe.o(.text)
    TIM1_TRG_COM_IRQHandler                  0x08000247   Thumb Code     0  startup_stm32f103xe.o(.text)
    TIM1_UP_IRQHandler                       0x08000247   Thumb Code     0  startup_stm32f103xe.o(.text)
    TIM2_IRQHandler                          0x08000247   Thumb Code     0  startup_stm32f103xe.o(.text)
    TIM3_IRQHandler                          0x08000247   Thumb Code     0  startup_stm32f103xe.o(.text)
    TIM5_IRQHandler                          0x08000247   Thumb Code     0  startup_stm32f103xe.o(.text)
    TIM6_IRQHandler                          0x08000247   Thumb Code     0  startup_stm32f103xe.o(.text)
    TIM7_IRQHandler                          0x08000247   Thumb Code     0  startup_stm32f103xe.o(.text)
    TIM8_BRK_IRQHandler                      0x08000247   Thumb Code     0  startup_stm32f103xe.o(.text)
    TIM8_CC_IRQHandler                       0x08000247   Thumb Code     0  startup_stm32f103xe.o(.text)
    TIM8_TRG_COM_IRQHandler                  0x08000247   Thumb Code     0  startup_stm32f103xe.o(.text)
    TIM8_UP_IRQHandler                       0x08000247   Thumb Code     0  startup_stm32f103xe.o(.text)
    UART4_IRQHandler                         0x08000247   Thumb Code     0  startup_stm32f103xe.o(.text)
    UART5_IRQHandler                         0x08000247   Thumb Code     0  startup_stm32f103xe.o(.text)
    USART2_IRQHandler                        0x08000247   Thumb Code     0  startup_stm32f103xe.o(.text)
    USART3_IRQHandler                        0x08000247   Thumb Code     0  startup_stm32f103xe.o(.text)
    USBWakeUp_IRQHandler                     0x08000247   Thumb Code     0  startup_stm32f103xe.o(.text)
    USB_HP_CAN1_TX_IRQHandler                0x08000247   Thumb Code     0  startup_stm32f103xe.o(.text)
    USB_LP_CAN1_RX0_IRQHandler               0x08000247   Thumb Code     0  startup_stm32f103xe.o(.text)
    WWDG_IRQHandler                          0x08000247   Thumb Code     0  startup_stm32f103xe.o(.text)
    __user_initial_stackheap                 0x08000249   Thumb Code     0  startup_stm32f103xe.o(.text)
    __use_no_semihosting                     0x0800026d   Thumb Code     2  use_no_semi_2.o(.text)
    __2printf                                0x08000271   Thumb Code    20  noretval__2printf.o(.text)
    _printf_pre_padding                      0x08000289   Thumb Code    44  _printf_pad.o(.text)
    _printf_post_padding                     0x080002b5   Thumb Code    34  _printf_pad.o(.text)
    _printf_str                              0x080002d7   Thumb Code    82  _printf_str.o(.text)
    _printf_int_dec                          0x08000329   Thumb Code   104  _printf_dec.o(.text)
    _printf_int_hex                          0x080003a1   Thumb Code    84  _printf_hex_int.o(.text)
    _printf_longlong_hex                     0x080003a1   Thumb Code     0  _printf_hex_int.o(.text)
    __printf                                 0x080003f9   Thumb Code   388  __printf_flags_ss_wp.o(.text)
    __aeabi_memclr4                          0x08000581   Thumb Code     0  rt_memclr_w.o(.text)
    __aeabi_memclr8                          0x08000581   Thumb Code     0  rt_memclr_w.o(.text)
    __rt_memclr_w                            0x08000581   Thumb Code    78  rt_memclr_w.o(.text)
    _memset_w                                0x08000585   Thumb Code     0  rt_memclr_w.o(.text)
    __use_two_region_memory                  0x080005cf   Thumb Code     2  heapauxi.o(.text)
    __rt_heap_escrow$2region                 0x080005d1   Thumb Code     2  heapauxi.o(.text)
    __rt_heap_expand$2region                 0x080005d3   Thumb Code     2  heapauxi.o(.text)
    __semihosting$guard                      0x080005d5   Thumb Code     0  use_no_semi.o(.text)
    __use_no_semihosting_swi                 0x080005d5   Thumb Code     2  use_no_semi.o(.text)
    _printf_int_common                       0x080005d7   Thumb Code   178  _printf_intcommon.o(.text)
    _printf_cs_common                        0x08000689   Thumb Code    20  _printf_char.o(.text)
    _printf_char                             0x0800069d   Thumb Code    16  _printf_char.o(.text)
    _printf_string                           0x080006ad   Thumb Code     8  _printf_char.o(.text)
    _printf_char_file                        0x080006b5   Thumb Code    32  _printf_char_file.o(.text)
    _printf_char_common                      0x080006e3   Thumb Code    32  _printf_char_common.o(.text)
    ferror                                   0x08000709   Thumb Code     8  ferror.o(.text)
    __user_setup_stackheap                   0x08000711   Thumb Code    74  sys_stackheap_outer.o(.text)
    exit                                     0x0800075b   Thumb Code    18  exit.o(.text)
    __user_libspace                          0x0800076d   Thumb Code     8  libspace.o(.text)
    __user_perproc_libspace                  0x0800076d   Thumb Code     0  libspace.o(.text)
    __user_perthread_libspace                0x0800076d   Thumb Code     0  libspace.o(.text)
    BusFault_Handler                         0x08000775   Thumb Code     4  stm32f1xx_it.o(i.BusFault_Handler)
    DebugMon_Handler                         0x08000779   Thumb Code     2  stm32f1xx_it.o(i.DebugMon_Handler)
    FSMC_NORSRAM_Extended_Timing_Init        0x0800077d   Thumb Code    62  stm32f1xx_ll_fsmc.o(i.FSMC_NORSRAM_Extended_Timing_Init)
    FSMC_NORSRAM_Init                        0x080007c1   Thumb Code   116  stm32f1xx_ll_fsmc.o(i.FSMC_NORSRAM_Init)
    FSMC_NORSRAM_Timing_Init                 0x08000839   Thumb Code    66  stm32f1xx_ll_fsmc.o(i.FSMC_NORSRAM_Timing_Init)
    HAL_DMA_Abort_IT                         0x0800087d   Thumb Code   414  stm32f1xx_hal_dma.o(i.HAL_DMA_Abort_IT)
    HAL_GPIO_Init                            0x08000a25   Thumb Code   792  stm32f1xx_hal_gpio.o(i.HAL_GPIO_Init)
    HAL_GPIO_ReadPin                         0x08000d65   Thumb Code    16  stm32f1xx_hal_gpio.o(i.HAL_GPIO_ReadPin)
    HAL_GPIO_TogglePin                       0x08000d75   Thumb Code    20  stm32f1xx_hal_gpio.o(i.HAL_GPIO_TogglePin)
    HAL_GPIO_WritePin                        0x08000d89   Thumb Code    12  stm32f1xx_hal_gpio.o(i.HAL_GPIO_WritePin)
    HAL_GetTick                              0x08000d95   Thumb Code     6  stm32f1xx_hal.o(i.HAL_GetTick)
    HAL_IncTick                              0x08000da1   Thumb Code    16  stm32f1xx_hal.o(i.HAL_IncTick)
    HAL_Init                                 0x08000db9   Thumb Code    34  stm32f1xx_hal.o(i.HAL_Init)
    HAL_InitTick                             0x08000de1   Thumb Code    64  stm32f1xx_hal.o(i.HAL_InitTick)
    HAL_MspInit                              0x08000e2d   Thumb Code     2  stm32f1xx_hal.o(i.HAL_MspInit)
    HAL_NVIC_EnableIRQ                       0x08000e2f   Thumb Code    32  stm32f1xx_hal_cortex.o(i.HAL_NVIC_EnableIRQ)
    HAL_NVIC_SetPriority                     0x08000e4f   Thumb Code   124  stm32f1xx_hal_cortex.o(i.HAL_NVIC_SetPriority)
    HAL_NVIC_SetPriorityGrouping             0x08000ecd   Thumb Code    32  stm32f1xx_hal_cortex.o(i.HAL_NVIC_SetPriorityGrouping)
    HAL_RCC_ClockConfig                      0x08000ef5   Thumb Code   376  stm32f1xx_hal_rcc.o(i.HAL_RCC_ClockConfig)
    HAL_RCC_GetHCLKFreq                      0x08001081   Thumb Code     6  stm32f1xx_hal_rcc.o(i.HAL_RCC_GetHCLKFreq)
    HAL_RCC_GetPCLK1Freq                     0x0800108d   Thumb Code    22  stm32f1xx_hal_rcc.o(i.HAL_RCC_GetPCLK1Freq)
    HAL_RCC_GetPCLK2Freq                     0x080010ad   Thumb Code    22  stm32f1xx_hal_rcc.o(i.HAL_RCC_GetPCLK2Freq)
    HAL_RCC_GetSysClockFreq                  0x080010cd   Thumb Code   116  stm32f1xx_hal_rcc.o(i.HAL_RCC_GetSysClockFreq)
    HAL_RCC_OscConfig                        0x08001161   Thumb Code  1114  stm32f1xx_hal_rcc.o(i.HAL_RCC_OscConfig)
    HAL_SPI_Init                             0x080015c5   Thumb Code   212  stm32f1xx_hal_spi.o(i.HAL_SPI_Init)
    HAL_SPI_MspInit                          0x08001699   Thumb Code   164  spi.o(i.HAL_SPI_MspInit)
    HAL_SPI_TransmitReceive                  0x08001749   Thumb Code   750  stm32f1xx_hal_spi.o(i.HAL_SPI_TransmitReceive)
    HAL_SRAM_Init                            0x08001a37   Thumb Code   102  stm32f1xx_hal_sram.o(i.HAL_SRAM_Init)
    HAL_SRAM_MspInit                         0x08001a9d   Thumb Code   130  lcd.o(i.HAL_SRAM_MspInit)
    HAL_SYSTICK_Config                       0x08001b2d   Thumb Code    52  stm32f1xx_hal_cortex.o(i.HAL_SYSTICK_Config)
    HAL_TIM_Base_Init                        0x08001b61   Thumb Code   102  stm32f1xx_hal_tim.o(i.HAL_TIM_Base_Init)
    HAL_TIM_Base_MspInit                     0x08001bc7   Thumb Code     2  stm32f1xx_hal_tim.o(i.HAL_TIM_Base_MspInit)
    HAL_TIM_Base_Start_IT                    0x08001bc9   Thumb Code   122  stm32f1xx_hal_tim.o(i.HAL_TIM_Base_Start_IT)
    HAL_UART_ErrorCallback                   0x08001c59   Thumb Code     2  stm32f1xx_hal_uart.o(i.HAL_UART_ErrorCallback)
    HAL_UART_IRQHandler                      0x08001c5d   Thumb Code   334  stm32f1xx_hal_uart.o(i.HAL_UART_IRQHandler)
    HAL_UART_Init                            0x08001db1   Thumb Code   114  stm32f1xx_hal_uart.o(i.HAL_UART_Init)
    HAL_UART_MspInit                         0x08001e25   Thumb Code   168  usart.o(i.HAL_UART_MspInit)
    HAL_UART_Receive_IT                      0x08001ed9   Thumb Code   112  stm32f1xx_hal_uart.o(i.HAL_UART_Receive_IT)
    HAL_UART_RxCpltCallback                  0x08001f49   Thumb Code   134  usart.o(i.HAL_UART_RxCpltCallback)
    HAL_UART_TxCpltCallback                  0x08001fe5   Thumb Code     2  stm32f1xx_hal_uart.o(i.HAL_UART_TxCpltCallback)
    HardFault_Handler                        0x08001fe7   Thumb Code     4  stm32f1xx_it.o(i.HardFault_Handler)
    MemManage_Handler                        0x08001feb   Thumb Code     4  stm32f1xx_it.o(i.MemManage_Handler)
    NMI_Handler                              0x08001fef   Thumb Code     2  stm32f1xx_it.o(i.NMI_Handler)
    PendSV_Handler                           0x08001ff1   Thumb Code     2  stm32f1xx_it.o(i.PendSV_Handler)
    SPI_ISCRCErrorValid                      0x08002045   Thumb Code     6  stm32f1xx_hal_spi.o(i.SPI_ISCRCErrorValid)
    SVC_Handler                              0x08002125   Thumb Code     2  stm32f1xx_it.o(i.SVC_Handler)
    SysTick_Handler                          0x08002127   Thumb Code     8  stm32f1xx_it.o(i.SysTick_Handler)
    SystemInit                               0x0800212f   Thumb Code     2  system_stm32f1xx.o(i.SystemInit)
    TIM4_IRQHandler                          0x08002131   Thumb Code    58  usmart_port.o(i.TIM4_IRQHandler)
    TIM_Base_SetConfig                       0x08002175   Thumb Code   134  stm32f1xx_hal_tim.o(i.TIM_Base_SetConfig)
    USART1_IRQHandler                        0x08002461   Thumb Code    10  usart.o(i.USART1_IRQHandler)
    UsageFault_Handler                       0x08002471   Thumb Code     4  stm32f1xx_it.o(i.UsageFault_Handler)
    _is_digit                                0x080024ad   Thumb Code    14  __printf_wp.o(i._is_digit)
    _sys_exit                                0x080024bb   Thumb Code     4  usart.o(i._sys_exit)
    delay_init                               0x080024c1   Thumb Code     6  delay.o(i.delay_init)
    delay_ms                                 0x080024cd   Thumb Code    18  delay.o(i.delay_ms)
    delay_us                                 0x080024e1   Thumb Code    68  delay.o(i.delay_us)
    fputc                                    0x08002529   Thumb Code    24  usart.o(i.fputc)
    key_init                                 0x08002545   Thumb Code   226  key.o(i.key_init)
    key_scan                                 0x08002635   Thumb Code   184  key.o(i.key_scan)
    lcd_clear                                0x080026f9   Thumb Code    42  lcd.o(i.lcd_clear)
    lcd_display_dir                          0x0800272d   Thumb Code   360  lcd.o(i.lcd_display_dir)
    lcd_draw_point                           0x08002899   Thumb Code    26  lcd.o(i.lcd_draw_point)
    lcd_ex_ili9341_reginit                   0x080028b9   Thumb Code   556  lcd.o(i.lcd_ex_ili9341_reginit)
    lcd_ex_ili9806_reginit                   0x08002ae5   Thumb Code   832  lcd.o(i.lcd_ex_ili9806_reginit)
    lcd_ex_nt35310_reginit                   0x08002e25   Thumb Code  3826  lcd.o(i.lcd_ex_nt35310_reginit)
    lcd_ex_nt35510_reginit                   0x08003d17   Thumb Code  3836  lcd.o(i.lcd_ex_nt35510_reginit)
    lcd_ex_ssd1963_reginit                   0x08004c13   Thumb Code   366  lcd.o(i.lcd_ex_ssd1963_reginit)
    lcd_ex_st7789_reginit                    0x08004d81   Thumb Code   424  lcd.o(i.lcd_ex_st7789_reginit)
    lcd_ex_st7796_reginit                    0x08004f29   Thumb Code   454  lcd.o(i.lcd_ex_st7796_reginit)
    lcd_fill                                 0x080050f1   Thumb Code    80  lcd.o(i.lcd_fill)
    lcd_init                                 0x08005145   Thumb Code  1120  lcd.o(i.lcd_init)
    lcd_scan_dir                             0x080055d1   Thumb Code   568  lcd.o(i.lcd_scan_dir)
    lcd_set_cursor                           0x0800580d   Thumb Code   282  lcd.o(i.lcd_set_cursor)
    lcd_show_char                            0x0800592d   Thumb Code   294  lcd.o(i.lcd_show_char)
    lcd_show_string                          0x08005a6d   Thumb Code   106  lcd.o(i.lcd_show_string)
    lcd_ssd_backlight_set                    0x08005ad9   Thumb Code    80  lcd.o(i.lcd_ssd_backlight_set)
    lcd_wr_data                              0x08005b2d   Thumb Code    18  lcd.o(i.lcd_wr_data)
    lcd_wr_regno                             0x08005b45   Thumb Code    18  lcd.o(i.lcd_wr_regno)
    lcd_write_ram_prepare                    0x08005b5d   Thumb Code    10  lcd.o(i.lcd_write_ram_prepare)
    lcd_write_reg                            0x08005b71   Thumb Code    10  lcd.o(i.lcd_write_reg)
    led_init                                 0x08005b81   Thumb Code   132  led.o(i.led_init)
    main                                     0x08005c11   Thumb Code   500  main.o(i.main)
    norflash_erase_chip                      0x08005ee9   Thumb Code    52  norflash.o(i.norflash_erase_chip)
    norflash_erase_sector                    0x08005f21   Thumb Code    62  norflash.o(i.norflash_erase_sector)
    norflash_init                            0x08005f65   Thumb Code   172  norflash.o(i.norflash_init)
    norflash_read                            0x0800601d   Thumb Code    76  norflash.o(i.norflash_read)
    norflash_read_id                         0x0800606d   Thumb Code    76  norflash.o(i.norflash_read_id)
    norflash_read_sr                         0x080060bd   Thumb Code    88  norflash.o(i.norflash_read_sr)
    norflash_write_enable                    0x08006161   Thumb Code    40  norflash.o(i.norflash_write_enable)
    norflash_write_page                      0x0800618d   Thumb Code    82  norflash.o(i.norflash_write_page)
    norflash_write_sr                        0x080061e5   Thumb Code    84  norflash.o(i.norflash_write_sr)
    read_addr                                0x0800623d   Thumb Code     6  usmart.o(i.read_addr)
    spi2_init                                0x08006245   Thumb Code   110  spi.o(i.spi2_init)
    spi2_read_write_byte                     0x080062c1   Thumb Code    28  spi.o(i.spi2_read_write_byte)
    spi2_set_speed                           0x080062e1   Thumb Code    68  spi.o(i.spi2_set_speed)
    sys_stm32_clock_init                     0x08006329   Thumb Code   102  sys.o(i.sys_stm32_clock_init)
    usart_init                               0x08006391   Thumb Code    44  usart.o(i.usart_init)
    usmart_cmd_rec                           0x080063c9   Thumb Code   170  usmart.o(i.usmart_cmd_rec)
    usmart_exe                               0x08006479   Thumb Code   632  usmart.o(i.usmart_exe)
    usmart_get_aparm                         0x0800674d   Thumb Code   212  usmart_str.o(i.usmart_get_aparm)
    usmart_get_cmdname                       0x08006821   Thumb Code    54  usmart_str.o(i.usmart_get_cmdname)
    usmart_get_fname                         0x08006859   Thumb Code   440  usmart_str.o(i.usmart_get_fname)
    usmart_get_fparam                        0x08006a19   Thumb Code   262  usmart_str.o(i.usmart_get_fparam)
    usmart_get_input_string                  0x08006b25   Thumb Code    30  usmart_port.o(i.usmart_get_input_string)
    usmart_get_parmpos                       0x08006b4d   Thumb Code    26  usmart_str.o(i.usmart_get_parmpos)
    usmart_init                              0x08006b6d   Thumb Code    36  usmart.o(i.usmart_init)
    usmart_pow                               0x08006b95   Thumb Code    22  usmart_str.o(i.usmart_pow)
    usmart_scan                              0x08006bad   Thumb Code   106  usmart.o(i.usmart_scan)
    usmart_search_nextc                      0x08006c55   Thumb Code    22  usmart_str.o(i.usmart_search_nextc)
    usmart_str2num                           0x08006c6b   Thumb Code   262  usmart_str.o(i.usmart_str2num)
    usmart_strcmp                            0x08006d71   Thumb Code    34  usmart_str.o(i.usmart_strcmp)
    usmart_strcopy                           0x08006d93   Thumb Code    22  usmart_str.o(i.usmart_strcopy)
    usmart_strlen                            0x08006da9   Thumb Code    24  usmart_str.o(i.usmart_strlen)
    usmart_sys_cmd_exe                       0x08006dc1   Thumb Code  1570  usmart.o(i.usmart_sys_cmd_exe)
    usmart_timx_get_time                     0x080074b5   Thumb Code    58  usmart_port.o(i.usmart_timx_get_time)
    usmart_timx_init                         0x080074f9   Thumb Code    84  usmart_port.o(i.usmart_timx_init)
    usmart_timx_reset_time                   0x08007559   Thumb Code    44  usmart_port.o(i.usmart_timx_reset_time)
    write_addr                               0x0800758d   Thumb Code     4  usmart.o(i.write_addr)
    __aeabi_d2uiz                            0x08007591   Thumb Code     0  dfixu.o(x$fpl$dfixu)
    _dfixu                                   0x08007591   Thumb Code    90  dfixu.o(x$fpl$dfixu)
    __aeabi_ui2d                             0x080075eb   Thumb Code     0  dflt_clz.o(x$fpl$dfltu)
    _dfltu                                   0x080075eb   Thumb Code    38  dflt_clz.o(x$fpl$dfltu)
    __aeabi_dmul                             0x08007611   Thumb Code     0  dmul.o(x$fpl$dmul)
    _dmul                                    0x08007611   Thumb Code   332  dmul.o(x$fpl$dmul)
    __fpl_dnaninf                            0x08007765   Thumb Code   156  dnaninf.o(x$fpl$dnaninf)
    __fpl_dretinf                            0x08007801   Thumb Code    12  dretinf.o(x$fpl$dretinf)
    __I$use$fp                               0x0800780c   Number         0  usenofp.o(x$fpl$usenofp)
    g_text_buf                               0x0800780c   Data          23  main.o(.constdata)
    AHBPrescTable                            0x08007823   Data          16  system_stm32f1xx.o(.constdata)
    APBPrescTable                            0x08007833   Data           8  system_stm32f1xx.o(.constdata)
    asc2_1206                                0x0800783b   Data        1140  lcd.o(.constdata)
    asc2_1608                                0x08007caf   Data        1520  lcd.o(.constdata)
    asc2_2412                                0x0800829f   Data        3420  lcd.o(.constdata)
    asc2_3216                                0x08008ffb   Data        6080  lcd.o(.constdata)
    Region$$Table$$Base                      0x0800a910   Number         0  anon$$obj.o(Region$$Table)
    Region$$Table$$Limit                     0x0800a930   Number         0  anon$$obj.o(Region$$Table)
    SystemCoreClock                          0x20000000   Data           4  system_stm32f1xx.o(.data)
    __stdout                                 0x20000008   Data           4  usart.o(.data)
    g_usart_rx_sta                           0x2000000c   Data           2  usart.o(.data)
    g_rx_buffer                              0x2000000e   Data           1  usart.o(.data)
    uwTick                                   0x20000010   Data           4  stm32f1xx_hal.o(.data)
    uwTickPrio                               0x20000014   Data           4  stm32f1xx_hal.o(.data)
    uwTickFreq                               0x20000018   Data           1  stm32f1xx_hal.o(.data)
    g_point_color                            0x2000001c   Data           4  lcd.o(.data)
    g_back_color                             0x20000020   Data           4  lcd.o(.data)
    g_norflash_type                          0x20000026   Data           2  norflash.o(.data)
    sys_cmd_tab                              0x20000028   Data          28  usmart.o(.data)
    usmart_nametab                           0x20000044   Data          56  usmart_config.o(.data)
    usmart_dev                               0x2000007c   Data         244  usmart_config.o(.data)
    g_usart_rx_buf                           0x20000170   Data         200  usart.o(.bss)
    g_uart1_handle                           0x20000238   Data          64  usart.o(.bss)
    g_sram_handle                            0x20000278   Data          72  lcd.o(.bss)
    lcddev                                   0x200002c0   Data          14  lcd.o(.bss)
    g_spi2_handler                           0x200002d0   Data          88  spi.o(.bss)
    g_timx_usmart_handle                     0x20000328   Data          72  usmart_port.o(.bss)
    __libspace_start                         0x20000370   Data          96  libspace.o(.bss)
    __temporary_stack_top$libspace           0x200003d0   Data           0  libspace.o(.bss)



==============================================================================

Memory Map of the image

  Image Entry point : 0x08000131

  Load Region LR_IROM1 (Base: 0x08000000, Size: 0x0000aaa0, Max: 0x00080000, ABSOLUTE, COMPRESSED[0x0000a9a0])

    Execution Region ER_IROM1 (Base: 0x08000000, Size: 0x0000a930, Max: 0x00080000, ABSOLUTE)

    Base Addr    Size         Type   Attr      Idx    E Section Name        Object

    0x08000000   0x00000130   Data   RO            3    RESET               startup_stm32f103xe.o
    0x08000130   0x00000008   Code   RO         4390  * !!!main             c_w.l(__main.o)
    0x08000138   0x00000034   Code   RO         4574    !!!scatter          c_w.l(__scatter.o)
    0x0800016c   0x0000005a   Code   RO         4572    !!dczerorl2         c_w.l(__dczerorl2.o)
    0x080001c6   0x00000002   PAD
    0x080001c8   0x0000001c   Code   RO         4576    !!handler_zi        c_w.l(__scatter_zi.o)
    0x080001e4   0x00000000   Code   RO         4385    .ARM.Collect$$_printf_percent$$00000000  c_w.l(_printf_percent.o)
    0x080001e4   0x00000006   Code   RO         4383    .ARM.Collect$$_printf_percent$$00000009  c_w.l(_printf_d.o)
    0x080001ea   0x00000006   Code   RO         4384    .ARM.Collect$$_printf_percent$$0000000A  c_w.l(_printf_u.o)
    0x080001f0   0x00000006   Code   RO         4382    .ARM.Collect$$_printf_percent$$0000000C  c_w.l(_printf_x.o)
    0x080001f6   0x00000006   Code   RO         4380    .ARM.Collect$$_printf_percent$$00000013  c_w.l(_printf_c.o)
    0x080001fc   0x00000006   Code   RO         4381    .ARM.Collect$$_printf_percent$$00000014  c_w.l(_printf_s.o)
    0x08000202   0x00000004   Code   RO         4413    .ARM.Collect$$_printf_percent$$00000017  c_w.l(_printf_percent_end.o)
    0x08000206   0x00000002   Code   RO         4451    .ARM.Collect$$libinit$$00000000  c_w.l(libinit.o)
    0x08000208   0x00000000   Code   RO         4458    .ARM.Collect$$libinit$$00000002  c_w.l(libinit2.o)
    0x08000208   0x00000000   Code   RO         4460    .ARM.Collect$$libinit$$00000004  c_w.l(libinit2.o)
    0x08000208   0x00000000   Code   RO         4463    .ARM.Collect$$libinit$$0000000A  c_w.l(libinit2.o)
    0x08000208   0x00000000   Code   RO         4465    .ARM.Collect$$libinit$$0000000C  c_w.l(libinit2.o)
    0x08000208   0x00000000   Code   RO         4467    .ARM.Collect$$libinit$$0000000E  c_w.l(libinit2.o)
    0x08000208   0x00000000   Code   RO         4470    .ARM.Collect$$libinit$$00000011  c_w.l(libinit2.o)
    0x08000208   0x00000000   Code   RO         4472    .ARM.Collect$$libinit$$00000013  c_w.l(libinit2.o)
    0x08000208   0x00000000   Code   RO         4474    .ARM.Collect$$libinit$$00000015  c_w.l(libinit2.o)
    0x08000208   0x00000000   Code   RO         4476    .ARM.Collect$$libinit$$00000017  c_w.l(libinit2.o)
    0x08000208   0x00000000   Code   RO         4478    .ARM.Collect$$libinit$$00000019  c_w.l(libinit2.o)
    0x08000208   0x00000000   Code   RO         4480    .ARM.Collect$$libinit$$0000001B  c_w.l(libinit2.o)
    0x08000208   0x00000000   Code   RO         4482    .ARM.Collect$$libinit$$0000001D  c_w.l(libinit2.o)
    0x08000208   0x00000000   Code   RO         4484    .ARM.Collect$$libinit$$0000001F  c_w.l(libinit2.o)
    0x08000208   0x00000000   Code   RO         4486    .ARM.Collect$$libinit$$00000021  c_w.l(libinit2.o)
    0x08000208   0x00000000   Code   RO         4488    .ARM.Collect$$libinit$$00000023  c_w.l(libinit2.o)
    0x08000208   0x00000000   Code   RO         4490    .ARM.Collect$$libinit$$00000025  c_w.l(libinit2.o)
    0x08000208   0x00000000   Code   RO         4494    .ARM.Collect$$libinit$$0000002C  c_w.l(libinit2.o)
    0x08000208   0x00000000   Code   RO         4496    .ARM.Collect$$libinit$$0000002E  c_w.l(libinit2.o)
    0x08000208   0x00000000   Code   RO         4498    .ARM.Collect$$libinit$$00000030  c_w.l(libinit2.o)
    0x08000208   0x00000000   Code   RO         4500    .ARM.Collect$$libinit$$00000032  c_w.l(libinit2.o)
    0x08000208   0x00000002   Code   RO         4501    .ARM.Collect$$libinit$$00000033  c_w.l(libinit2.o)
    0x0800020a   0x00000002   Code   RO         4519    .ARM.Collect$$libshutdown$$00000000  c_w.l(libshutdown.o)
    0x0800020c   0x00000000   Code   RO         4527    .ARM.Collect$$libshutdown$$00000002  c_w.l(libshutdown2.o)
    0x0800020c   0x00000000   Code   RO         4529    .ARM.Collect$$libshutdown$$00000004  c_w.l(libshutdown2.o)
    0x0800020c   0x00000000   Code   RO         4532    .ARM.Collect$$libshutdown$$00000007  c_w.l(libshutdown2.o)
    0x0800020c   0x00000000   Code   RO         4535    .ARM.Collect$$libshutdown$$0000000A  c_w.l(libshutdown2.o)
    0x0800020c   0x00000000   Code   RO         4537    .ARM.Collect$$libshutdown$$0000000C  c_w.l(libshutdown2.o)
    0x0800020c   0x00000000   Code   RO         4540    .ARM.Collect$$libshutdown$$0000000F  c_w.l(libshutdown2.o)
    0x0800020c   0x00000002   Code   RO         4541    .ARM.Collect$$libshutdown$$00000010  c_w.l(libshutdown2.o)
    0x0800020e   0x00000000   Code   RO         4406    .ARM.Collect$$rtentry$$00000000  c_w.l(__rtentry.o)
    0x0800020e   0x00000000   Code   RO         4420    .ARM.Collect$$rtentry$$00000002  c_w.l(__rtentry2.o)
    0x0800020e   0x00000006   Code   RO         4432    .ARM.Collect$$rtentry$$00000004  c_w.l(__rtentry4.o)
    0x08000214   0x00000000   Code   RO         4422    .ARM.Collect$$rtentry$$00000009  c_w.l(__rtentry2.o)
    0x08000214   0x00000004   Code   RO         4423    .ARM.Collect$$rtentry$$0000000A  c_w.l(__rtentry2.o)
    0x08000218   0x00000000   Code   RO         4425    .ARM.Collect$$rtentry$$0000000C  c_w.l(__rtentry2.o)
    0x08000218   0x00000008   Code   RO         4426    .ARM.Collect$$rtentry$$0000000D  c_w.l(__rtentry2.o)
    0x08000220   0x00000002   Code   RO         4455    .ARM.Collect$$rtexit$$00000000  c_w.l(rtexit.o)
    0x08000222   0x00000000   Code   RO         4503    .ARM.Collect$$rtexit$$00000002  c_w.l(rtexit2.o)
    0x08000222   0x00000004   Code   RO         4504    .ARM.Collect$$rtexit$$00000003  c_w.l(rtexit2.o)
    0x08000226   0x00000006   Code   RO         4505    .ARM.Collect$$rtexit$$00000004  c_w.l(rtexit2.o)
    0x0800022c   0x00000040   Code   RO            4    .text               startup_stm32f103xe.o
    0x0800026c   0x00000002   Code   RO         4325    .text               c_w.l(use_no_semi_2.o)
    0x0800026e   0x00000002   PAD
    0x08000270   0x00000018   Code   RO         4329    .text               c_w.l(noretval__2printf.o)
    0x08000288   0x0000004e   Code   RO         4333    .text               c_w.l(_printf_pad.o)
    0x080002d6   0x00000052   Code   RO         4335    .text               c_w.l(_printf_str.o)
    0x08000328   0x00000078   Code   RO         4337    .text               c_w.l(_printf_dec.o)
    0x080003a0   0x00000058   Code   RO         4342    .text               c_w.l(_printf_hex_int.o)
    0x080003f8   0x00000188   Code   RO         4377    .text               c_w.l(__printf_flags_ss_wp.o)
    0x08000580   0x0000004e   Code   RO         4386    .text               c_w.l(rt_memclr_w.o)
    0x080005ce   0x00000006   Code   RO         4388    .text               c_w.l(heapauxi.o)
    0x080005d4   0x00000002   Code   RO         4404    .text               c_w.l(use_no_semi.o)
    0x080005d6   0x000000b2   Code   RO         4407    .text               c_w.l(_printf_intcommon.o)
    0x08000688   0x0000002c   Code   RO         4409    .text               c_w.l(_printf_char.o)
    0x080006b4   0x00000024   Code   RO         4411    .text               c_w.l(_printf_char_file.o)
    0x080006d8   0x00000030   Code   RO         4434    .text               c_w.l(_printf_char_common.o)
    0x08000708   0x00000008   Code   RO         4436    .text               c_w.l(ferror.o)
    0x08000710   0x0000004a   Code   RO         4440    .text               c_w.l(sys_stackheap_outer.o)
    0x0800075a   0x00000012   Code   RO         4444    .text               c_w.l(exit.o)
    0x0800076c   0x00000008   Code   RO         4452    .text               c_w.l(libspace.o)
    0x08000774   0x00000004   Code   RO          290    i.BusFault_Handler  stm32f1xx_it.o
    0x08000778   0x00000002   Code   RO          291    i.DebugMon_Handler  stm32f1xx_it.o
    0x0800077a   0x00000002   PAD
    0x0800077c   0x00000044   Code   RO         2188    i.FSMC_NORSRAM_Extended_Timing_Init  stm32f1xx_ll_fsmc.o
    0x080007c0   0x00000078   Code   RO         2189    i.FSMC_NORSRAM_Init  stm32f1xx_ll_fsmc.o
    0x08000838   0x00000042   Code   RO         2190    i.FSMC_NORSRAM_Timing_Init  stm32f1xx_ll_fsmc.o
    0x0800087a   0x00000002   PAD
    0x0800087c   0x000001a8   Code   RO          985    i.HAL_DMA_Abort_IT  stm32f1xx_hal_dma.o
    0x08000a24   0x00000340   Code   RO         1081    i.HAL_GPIO_Init     stm32f1xx_hal_gpio.o
    0x08000d64   0x00000010   Code   RO         1083    i.HAL_GPIO_ReadPin  stm32f1xx_hal_gpio.o
    0x08000d74   0x00000014   Code   RO         1084    i.HAL_GPIO_TogglePin  stm32f1xx_hal_gpio.o
    0x08000d88   0x0000000c   Code   RO         1085    i.HAL_GPIO_WritePin  stm32f1xx_hal_gpio.o
    0x08000d94   0x0000000c   Code   RO          698    i.HAL_GetTick       stm32f1xx_hal.o
    0x08000da0   0x00000018   Code   RO          704    i.HAL_IncTick       stm32f1xx_hal.o
    0x08000db8   0x00000028   Code   RO          705    i.HAL_Init          stm32f1xx_hal.o
    0x08000de0   0x0000004c   Code   RO          706    i.HAL_InitTick      stm32f1xx_hal.o
    0x08000e2c   0x00000002   Code   RO          708    i.HAL_MspInit       stm32f1xx_hal.o
    0x08000e2e   0x00000020   Code   RO          863    i.HAL_NVIC_EnableIRQ  stm32f1xx_hal_cortex.o
    0x08000e4e   0x0000007c   Code   RO          869    i.HAL_NVIC_SetPriority  stm32f1xx_hal_cortex.o
    0x08000eca   0x00000002   PAD
    0x08000ecc   0x00000028   Code   RO          870    i.HAL_NVIC_SetPriorityGrouping  stm32f1xx_hal_cortex.o
    0x08000ef4   0x0000018c   Code   RO         1306    i.HAL_RCC_ClockConfig  stm32f1xx_hal_rcc.o
    0x08001080   0x0000000c   Code   RO         1311    i.HAL_RCC_GetHCLKFreq  stm32f1xx_hal_rcc.o
    0x0800108c   0x00000020   Code   RO         1313    i.HAL_RCC_GetPCLK1Freq  stm32f1xx_hal_rcc.o
    0x080010ac   0x00000020   Code   RO         1314    i.HAL_RCC_GetPCLK2Freq  stm32f1xx_hal_rcc.o
    0x080010cc   0x00000094   Code   RO         1315    i.HAL_RCC_GetSysClockFreq  stm32f1xx_hal_rcc.o
    0x08001160   0x00000464   Code   RO         1318    i.HAL_RCC_OscConfig  stm32f1xx_hal_rcc.o
    0x080015c4   0x000000d4   Code   RO         3301    i.HAL_SPI_Init      stm32f1xx_hal_spi.o
    0x08001698   0x000000b0   Code   RO         3954    i.HAL_SPI_MspInit   spi.o
    0x08001748   0x000002ee   Code   RO         3310    i.HAL_SPI_TransmitReceive  stm32f1xx_hal_spi.o
    0x08001a36   0x00000066   Code   RO         2049    i.HAL_SRAM_Init     stm32f1xx_hal_sram.o
    0x08001a9c   0x00000090   Code   RO         3662    i.HAL_SRAM_MspInit  lcd.o
    0x08001b2c   0x00000034   Code   RO          874    i.HAL_SYSTICK_Config  stm32f1xx_hal_cortex.o
    0x08001b60   0x00000066   Code   RO         2308    i.HAL_TIM_Base_Init  stm32f1xx_hal_tim.o
    0x08001bc6   0x00000002   Code   RO         2310    i.HAL_TIM_Base_MspInit  stm32f1xx_hal_tim.o
    0x08001bc8   0x00000090   Code   RO         2313    i.HAL_TIM_Base_Start_IT  stm32f1xx_hal_tim.o
    0x08001c58   0x00000002   Code   RO         1469    i.HAL_UART_ErrorCallback  stm32f1xx_hal_uart.o
    0x08001c5a   0x00000002   PAD
    0x08001c5c   0x00000154   Code   RO         1472    i.HAL_UART_IRQHandler  stm32f1xx_hal_uart.o
    0x08001db0   0x00000072   Code   RO         1473    i.HAL_UART_Init     stm32f1xx_hal_uart.o
    0x08001e22   0x00000002   PAD
    0x08001e24   0x000000b4   Code   RO          610    i.HAL_UART_MspInit  usart.o
    0x08001ed8   0x00000070   Code   RO         1478    i.HAL_UART_Receive_IT  stm32f1xx_hal_uart.o
    0x08001f48   0x0000009c   Code   RO          611    i.HAL_UART_RxCpltCallback  usart.o
    0x08001fe4   0x00000002   Code   RO         1484    i.HAL_UART_TxCpltCallback  stm32f1xx_hal_uart.o
    0x08001fe6   0x00000004   Code   RO          292    i.HardFault_Handler  stm32f1xx_it.o
    0x08001fea   0x00000004   Code   RO          293    i.MemManage_Handler  stm32f1xx_it.o
    0x08001fee   0x00000002   Code   RO          294    i.NMI_Handler       stm32f1xx_it.o
    0x08001ff0   0x00000002   Code   RO          295    i.PendSV_Handler    stm32f1xx_it.o
    0x08001ff2   0x00000002   PAD
    0x08001ff4   0x00000028   Code   RO         1319    i.RCC_Delay         stm32f1xx_hal_rcc.o
    0x0800201c   0x00000028   Code   RO         3341    i.SPI_EndRxTxTransaction  stm32f1xx_hal_spi.o
    0x08002044   0x00000006   Code   RO         3342    i.SPI_ISCRCErrorValid  stm32f1xx_hal_spi.o
    0x0800204a   0x00000002   PAD
    0x0800204c   0x000000d8   Code   RO         3349    i.SPI_WaitFlagStateUntilTimeout  stm32f1xx_hal_spi.o
    0x08002124   0x00000002   Code   RO          296    i.SVC_Handler       stm32f1xx_it.o
    0x08002126   0x00000008   Code   RO          297    i.SysTick_Handler   stm32f1xx_it.o
    0x0800212e   0x00000002   Code   RO          254    i.SystemInit        system_stm32f1xx.o
    0x08002130   0x00000044   Code   RO         4191    i.TIM4_IRQHandler   usmart_port.o
    0x08002174   0x0000009c   Code   RO         2401    i.TIM_Base_SetConfig  stm32f1xx_hal_tim.o
    0x08002210   0x00000014   Code   RO         1486    i.UART_DMAAbortOnError  stm32f1xx_hal_uart.o
    0x08002224   0x00000020   Code   RO         1496    i.UART_EndRxTransfer  stm32f1xx_hal_uart.o
    0x08002244   0x00000020   Code   RO         1497    i.UART_EndTransmit_IT  stm32f1xx_hal_uart.o
    0x08002264   0x000000a0   Code   RO         1499    i.UART_Receive_IT   stm32f1xx_hal_uart.o
    0x08002304   0x000000fc   Code   RO         1500    i.UART_SetConfig    stm32f1xx_hal_uart.o
    0x08002400   0x00000060   Code   RO         1501    i.UART_Transmit_IT  stm32f1xx_hal_uart.o
    0x08002460   0x00000010   Code   RO          612    i.USART1_IRQHandler  usart.o
    0x08002470   0x00000004   Code   RO          298    i.UsageFault_Handler  stm32f1xx_it.o
    0x08002474   0x00000010   Code   RO          876    i.__NVIC_GetPriorityGrouping  stm32f1xx_hal_cortex.o
    0x08002484   0x00000028   Code   RO          877    i.__NVIC_SetPriority  stm32f1xx_hal_cortex.o
    0x080024ac   0x0000000e   Code   RO         4370    i._is_digit         c_w.l(__printf_wp.o)
    0x080024ba   0x00000004   Code   RO          614    i._sys_exit         usart.o
    0x080024be   0x00000002   PAD
    0x080024c0   0x0000000c   Code   RO          494    i.delay_init        delay.o
    0x080024cc   0x00000012   Code   RO          495    i.delay_ms          delay.o
    0x080024de   0x00000002   PAD
    0x080024e0   0x00000048   Code   RO          496    i.delay_us          delay.o
    0x08002528   0x0000001c   Code   RO          616    i.fputc             usart.o
    0x08002544   0x000000f0   Code   RO         3923    i.key_init          key.o
    0x08002634   0x000000c4   Code   RO         3924    i.key_scan          key.o
    0x080026f8   0x00000034   Code   RO         3663    i.lcd_clear         lcd.o
    0x0800272c   0x0000016c   Code   RO         3665    i.lcd_display_dir   lcd.o
    0x08002898   0x00000020   Code   RO         3671    i.lcd_draw_point    lcd.o
    0x080028b8   0x0000022c   Code   RO         3673    i.lcd_ex_ili9341_reginit  lcd.o
    0x08002ae4   0x00000340   Code   RO         3674    i.lcd_ex_ili9806_reginit  lcd.o
    0x08002e24   0x00000ef2   Code   RO         3675    i.lcd_ex_nt35310_reginit  lcd.o
    0x08003d16   0x00000efc   Code   RO         3676    i.lcd_ex_nt35510_reginit  lcd.o
    0x08004c12   0x0000016e   Code   RO         3677    i.lcd_ex_ssd1963_reginit  lcd.o
    0x08004d80   0x000001a8   Code   RO         3678    i.lcd_ex_st7789_reginit  lcd.o
    0x08004f28   0x000001c6   Code   RO         3679    i.lcd_ex_st7796_reginit  lcd.o
    0x080050ee   0x00000002   PAD
    0x080050f0   0x00000054   Code   RO         3680    i.lcd_fill          lcd.o
    0x08005144   0x00000468   Code   RO         3682    i.lcd_init          lcd.o
    0x080055ac   0x0000000c   Code   RO         3683    i.lcd_opt_delay     lcd.o
    0x080055b8   0x00000018   Code   RO         3685    i.lcd_rd_data       lcd.o
    0x080055d0   0x0000023c   Code   RO         3687    i.lcd_scan_dir      lcd.o
    0x0800580c   0x00000120   Code   RO         3688    i.lcd_set_cursor    lcd.o
    0x0800592c   0x00000140   Code   RO         3690    i.lcd_show_char     lcd.o
    0x08005a6c   0x0000006a   Code   RO         3692    i.lcd_show_string   lcd.o
    0x08005ad6   0x00000002   PAD
    0x08005ad8   0x00000054   Code   RO         3694    i.lcd_ssd_backlight_set  lcd.o
    0x08005b2c   0x00000018   Code   RO         3695    i.lcd_wr_data       lcd.o
    0x08005b44   0x00000018   Code   RO         3696    i.lcd_wr_regno      lcd.o
    0x08005b5c   0x00000014   Code   RO         3697    i.lcd_write_ram_prepare  lcd.o
    0x08005b70   0x00000010   Code   RO         3698    i.lcd_write_reg     lcd.o
    0x08005b80   0x00000090   Code   RO         3638    i.led_init          led.o
    0x08005c10   0x000002d8   Code   RO           13    i.main              main.o
    0x08005ee8   0x00000038   Code   RO         4002    i.norflash_erase_chip  norflash.o
    0x08005f20   0x00000044   Code   RO         4003    i.norflash_erase_sector  norflash.o
    0x08005f64   0x000000b8   Code   RO         4004    i.norflash_init     norflash.o
    0x0800601c   0x00000050   Code   RO         4005    i.norflash_read     norflash.o
    0x0800606c   0x00000050   Code   RO         4006    i.norflash_read_id  norflash.o
    0x080060bc   0x0000005c   Code   RO         4007    i.norflash_read_sr  norflash.o
    0x08006118   0x00000034   Code   RO         4008    i.norflash_send_address  norflash.o
    0x0800614c   0x00000014   Code   RO         4009    i.norflash_wait_busy  norflash.o
    0x08006160   0x0000002c   Code   RO         4011    i.norflash_write_enable  norflash.o
    0x0800618c   0x00000058   Code   RO         4013    i.norflash_write_page  norflash.o
    0x080061e4   0x00000058   Code   RO         4014    i.norflash_write_sr  norflash.o
    0x0800623c   0x00000006   Code   RO         4099    i.read_addr         usmart.o
    0x08006242   0x00000002   PAD
    0x08006244   0x0000007c   Code   RO         3955    i.spi2_init         spi.o
    0x080062c0   0x00000020   Code   RO         3956    i.spi2_read_write_byte  spi.o
    0x080062e0   0x00000048   Code   RO         3957    i.spi2_set_speed    spi.o
    0x08006328   0x00000066   Code   RO          543    i.sys_stm32_clock_init  sys.o
    0x0800638e   0x00000002   PAD
    0x08006390   0x00000038   Code   RO          617    i.usart_init        usart.o
    0x080063c8   0x000000b0   Code   RO         4100    i.usmart_cmd_rec    usmart.o
    0x08006478   0x000002d4   Code   RO         4101    i.usmart_exe        usmart.o
    0x0800674c   0x000000d4   Code   RO         4242    i.usmart_get_aparm  usmart_str.o
    0x08006820   0x00000036   Code   RO         4243    i.usmart_get_cmdname  usmart_str.o
    0x08006856   0x00000002   PAD
    0x08006858   0x000001c0   Code   RO         4244    i.usmart_get_fname  usmart_str.o
    0x08006a18   0x0000010c   Code   RO         4245    i.usmart_get_fparam  usmart_str.o
    0x08006b24   0x00000028   Code   RO         4192    i.usmart_get_input_string  usmart_port.o
    0x08006b4c   0x00000020   Code   RO         4246    i.usmart_get_parmpos  usmart_str.o
    0x08006b6c   0x00000028   Code   RO         4102    i.usmart_init       usmart.o
    0x08006b94   0x00000016   Code   RO         4247    i.usmart_pow        usmart_str.o
    0x08006baa   0x00000002   PAD
    0x08006bac   0x000000a8   Code   RO         4103    i.usmart_scan       usmart.o
    0x08006c54   0x00000016   Code   RO         4248    i.usmart_search_nextc  usmart_str.o
    0x08006c6a   0x00000106   Code   RO         4249    i.usmart_str2num    usmart_str.o
    0x08006d70   0x00000022   Code   RO         4250    i.usmart_strcmp     usmart_str.o
    0x08006d92   0x00000016   Code   RO         4251    i.usmart_strcopy    usmart_str.o
    0x08006da8   0x00000018   Code   RO         4252    i.usmart_strlen     usmart_str.o
    0x08006dc0   0x000006f4   Code   RO         4104    i.usmart_sys_cmd_exe  usmart.o
    0x080074b4   0x00000044   Code   RO         4193    i.usmart_timx_get_time  usmart_port.o
    0x080074f8   0x00000060   Code   RO         4194    i.usmart_timx_init  usmart_port.o
    0x08007558   0x00000034   Code   RO         4195    i.usmart_timx_reset_time  usmart_port.o
    0x0800758c   0x00000004   Code   RO         4105    i.write_addr        usmart.o
    0x08007590   0x0000005a   Code   RO         4392    x$fpl$dfixu         fz_ws.l(dfixu.o)
    0x080075ea   0x00000026   Code   RO         4396    x$fpl$dfltu         fz_ws.l(dflt_clz.o)
    0x08007610   0x00000154   Code   RO         4402    x$fpl$dmul          fz_ws.l(dmul.o)
    0x08007764   0x0000009c   Code   RO         4414    x$fpl$dnaninf       fz_ws.l(dnaninf.o)
    0x08007800   0x0000000c   Code   RO         4416    x$fpl$dretinf       fz_ws.l(dretinf.o)
    0x0800780c   0x00000000   Code   RO         4418    x$fpl$usenofp       fz_ws.l(usenofp.o)
    0x0800780c   0x00000017   Data   RO           14    .constdata          main.o
    0x08007823   0x00000018   Data   RO          255    .constdata          system_stm32f1xx.o
    0x0800783b   0x00002f80   Data   RO         3700    .constdata          lcd.o
    0x0800a7bb   0x00000028   Data   RO         4343    .constdata          c_w.l(_printf_hex_int.o)
    0x0800a7e3   0x00000011   Data   RO         4378    .constdata          c_w.l(__printf_flags_ss_wp.o)
    0x0800a7f4   0x00000028   Data   RO         4106    .conststring        usmart.o
    0x0800a81c   0x000000f4   Data   RO         4166    .conststring        usmart_config.o
    0x0800a910   0x00000020   Data   RO         4570    Region$$Table       anon$$obj.o


    Execution Region RW_IRAM1 (Base: 0x20000000, Size: 0x000009d0, Max: 0x00010000, ABSOLUTE, COMPRESSED[0x00000070])

    Base Addr    Size         Type   Attr      Idx    E Section Name        Object

    0x20000000   0x00000004   Data   RW          256    .data               system_stm32f1xx.o
    0x20000004   0x00000004   Data   RW          497    .data               delay.o
    0x20000008   0x00000007   Data   RW          619    .data               usart.o
    0x2000000f   0x00000001   PAD
    0x20000010   0x00000009   Data   RW          712    .data               stm32f1xx_hal.o
    0x20000019   0x00000003   PAD
    0x2000001c   0x00000008   Data   RW         3701    .data               lcd.o
    0x20000024   0x00000001   Data   RW         3925    .data               key.o
    0x20000025   0x00000001   PAD
    0x20000026   0x00000002   Data   RW         4016    .data               norflash.o
    0x20000028   0x0000001c   Data   RW         4107    .data               usmart.o
    0x20000044   0x0000012c   Data   RW         4167    .data               usmart_config.o
    0x20000170   0x00000108   Zero   RW          618    .bss                usart.o
    0x20000278   0x00000056   Zero   RW         3699    .bss                lcd.o
    0x200002ce   0x00000002   PAD
    0x200002d0   0x00000058   Zero   RW         3958    .bss                spi.o
    0x20000328   0x00000048   Zero   RW         4196    .bss                usmart_port.o
    0x20000370   0x00000060   Zero   RW         4453    .bss                c_w.l(libspace.o)
    0x200003d0   0x00000200   Zero   RW            2    HEAP                startup_stm32f103xe.o
    0x200005d0   0x00000400   Zero   RW            1    STACK               startup_stm32f103xe.o


==============================================================================

Image component sizes


      Code (inc. data)   RO Data    RW Data    ZI Data      Debug   Object Name

       102         10          0          4          0       1819   delay.o
       436         26          0          1          0       1706   key.o
     13588        176      12160          8         86      24394   lcd.o
       144         12          0          0          0        891   led.o
       728        228         23          0          0     502876   main.o
       852         54          0          2          0       7067   norflash.o
       404         34          0          0         88       2771   spi.o
        64         26        304          0       1536        928   startup_stm32f103xe.o
       154         32          0          9          0       6331   stm32f1xx_hal.o
       304         22          0          0          0      29403   stm32f1xx_hal_cortex.o
       424         10          0          0          0       1223   stm32f1xx_hal_dma.o
       880         40          0          0          0       3932   stm32f1xx_hal_gpio.o
      1784        110          0          0          0       5984   stm32f1xx_hal_rcc.o
      1224          6          0          0          0       5179   stm32f1xx_hal_spi.o
       102          0          0          0          0       1192   stm32f1xx_hal_sram.o
       404         44          0          0          0       3088   stm32f1xx_hal_tim.o
      1162         10          0          0          0       7659   stm32f1xx_hal_uart.o
        32          0          0          0          0       3818   stm32f1xx_it.o
       254         10          0          0          0       3815   stm32f1xx_ll_fsmc.o
       102          0          0          0          0        703   sys.o
         2          0         24          4          0       1319   system_stm32f1xx.o
       440         56          0          7        264       5357   usart.o
      2898       1308         40         28          0       5702   usmart.o
         0          0        244        300          0       1556   usmart_config.o
       324         50          0          0         72       3278   usmart_port.o
      1400         20          0          0          0       8937   usmart_str.o

    ----------------------------------------------------------------------
     28238       2284      12827        368       2048     640928   Object Totals
         0          0         32          0          0          0   (incl. Generated)
        30          0          0          5          2          0   (incl. Padding)

    ----------------------------------------------------------------------

      Code (inc. data)   RO Data    RW Data    ZI Data      Debug   Library Member Name

        90          0          0          0          0          0   __dczerorl2.o
         8          0          0          0          0         68   __main.o
       392          4         17          0          0         92   __printf_flags_ss_wp.o
        14          0          0          0          0         68   __printf_wp.o
         0          0          0          0          0          0   __rtentry.o
        12          0          0          0          0          0   __rtentry2.o
         6          0          0          0          0          0   __rtentry4.o
        52          8          0          0          0          0   __scatter.o
        28          0          0          0          0          0   __scatter_zi.o
         6          0          0          0          0          0   _printf_c.o
        44          0          0          0          0        108   _printf_char.o
        48          6          0          0          0         96   _printf_char_common.o
        36          4          0          0          0         80   _printf_char_file.o
         6          0          0          0          0          0   _printf_d.o
       120         16          0          0          0         92   _printf_dec.o
        88          4         40          0          0         88   _printf_hex_int.o
       178          0          0          0          0         88   _printf_intcommon.o
        78          0          0          0          0        108   _printf_pad.o
         0          0          0          0          0          0   _printf_percent.o
         4          0          0          0          0          0   _printf_percent_end.o
         6          0          0          0          0          0   _printf_s.o
        82          0          0          0          0         80   _printf_str.o
         6          0          0          0          0          0   _printf_u.o
         6          0          0          0          0          0   _printf_x.o
        18          0          0          0          0         80   exit.o
         8          0          0          0          0         68   ferror.o
         6          0          0          0          0        152   heapauxi.o
         2          0          0          0          0          0   libinit.o
         2          0          0          0          0          0   libinit2.o
         2          0          0          0          0          0   libshutdown.o
         2          0          0          0          0          0   libshutdown2.o
         8          4          0          0         96         68   libspace.o
        24          4          0          0          0         84   noretval__2printf.o
        78          0          0          0          0         80   rt_memclr_w.o
         2          0          0          0          0          0   rtexit.o
        10          0          0          0          0          0   rtexit2.o
        74          0          0          0          0         80   sys_stackheap_outer.o
         2          0          0          0          0         68   use_no_semi.o
         2          0          0          0          0         68   use_no_semi_2.o
        90          4          0          0          0         92   dfixu.o
        38          0          0          0          0         68   dflt_clz.o
       340         12          0          0          0        104   dmul.o
       156          4          0          0          0         92   dnaninf.o
        12          0          0          0          0         68   dretinf.o
         0          0          0          0          0          0   usenofp.o

    ----------------------------------------------------------------------
      2190         70         57          0         96       2140   Library Totals
         4          0          0          0          0          0   (incl. Padding)

    ----------------------------------------------------------------------

      Code (inc. data)   RO Data    RW Data    ZI Data      Debug   Library Name

      1550         50         57          0         96       1716   c_w.l
       636         20          0          0          0        424   fz_ws.l

    ----------------------------------------------------------------------
      2190         70         57          0         96       2140   Library Totals

    ----------------------------------------------------------------------

==============================================================================


      Code (inc. data)   RO Data    RW Data    ZI Data      Debug   

     30428       2354      12884        368       2144     635368   Grand Totals
     30428       2354      12884        112       2144     635368   ELF Image Totals (compressed)
     30428       2354      12884        112          0          0   ROM Totals

==============================================================================

    Total RO  Size (Code + RO Data)                43312 (  42.30kB)
    Total RW  Size (RW Data + ZI Data)              2512 (   2.45kB)
    Total ROM Size (Code + RO Data + RW Data)      43424 (  42.41kB)

==============================================================================

