Component: ARM Compiler 5.06 update 3 (build 300) Tool: armlink [4d35c9]

==============================================================================

Section Cross References

    startup_stm32f103xe.o(RESET) refers to startup_stm32f103xe.o(STACK) for __initial_sp
    startup_stm32f103xe.o(RESET) refers to startup_stm32f103xe.o(.text) for Reset_Handler
    startup_stm32f103xe.o(RESET) refers to stm32f1xx_it.o(i.NMI_Handler) for NMI_Handler
    startup_stm32f103xe.o(RESET) refers to stm32f1xx_it.o(i.HardFault_Handler) for HardFault_Handler
    startup_stm32f103xe.o(RESET) refers to stm32f1xx_it.o(i.MemManage_Handler) for MemManage_Handler
    startup_stm32f103xe.o(RESET) refers to stm32f1xx_it.o(i.BusFault_Handler) for BusFault_Handler
    startup_stm32f103xe.o(RESET) refers to stm32f1xx_it.o(i.UsageFault_Handler) for UsageFault_Handler
    startup_stm32f103xe.o(RESET) refers to stm32f1xx_it.o(i.SVC_Handler) for SVC_Handler
    startup_stm32f103xe.o(RESET) refers to stm32f1xx_it.o(i.DebugMon_Handler) for DebugMon_Handler
    startup_stm32f103xe.o(RESET) refers to stm32f1xx_it.o(i.PendSV_Handler) for PendSV_Handler
    startup_stm32f103xe.o(RESET) refers to stm32f1xx_it.o(i.SysTick_Handler) for SysTick_Handler
    startup_stm32f103xe.o(RESET) refers to usmart_port.o(i.TIM4_IRQHandler) for TIM4_IRQHandler
    startup_stm32f103xe.o(RESET) refers to usart.o(i.USART1_IRQHandler) for USART1_IRQHandler
    startup_stm32f103xe.o(.text) refers to system_stm32f1xx.o(i.SystemInit) for SystemInit
    startup_stm32f103xe.o(.text) refers to entry.o(.ARM.Collect$$$$00000000) for __main
    system_stm32f1xx.o(i.SystemCoreClockUpdate) refers to system_stm32f1xx.o(.data) for SystemCoreClock
    system_stm32f1xx.o(i.SystemCoreClockUpdate) refers to system_stm32f1xx.o(.constdata) for AHBPrescTable
    main.o(i.main) refers to stm32f1xx_hal.o(i.HAL_Init) for HAL_Init
    main.o(i.main) refers to sys.o(i.sys_stm32_clock_init) for sys_stm32_clock_init
    main.o(i.main) refers to delay.o(i.delay_init) for delay_init
    main.o(i.main) refers to usart.o(i.usart_init) for usart_init
    main.o(i.main) refers to led.o(i.led_init) for led_init
    main.o(i.main) refers to lcd.o(i.lcd_init) for lcd_init
    main.o(i.main) refers to key.o(i.key_init) for key_init
    main.o(i.main) refers to norflash.o(i.norflash_init) for norflash_init
    main.o(i.main) refers to lcd.o(i.lcd_show_string) for lcd_show_string
    main.o(i.main) refers to norflash.o(i.norflash_read_id) for norflash_read_id
    main.o(i.main) refers to delay.o(i.delay_ms) for delay_ms
    main.o(i.main) refers to stm32f1xx_hal_gpio.o(i.HAL_GPIO_TogglePin) for HAL_GPIO_TogglePin
    main.o(i.main) refers to key.o(i.key_scan) for key_scan
    main.o(i.main) refers to lcd.o(i.lcd_fill) for lcd_fill
    main.o(i.main) refers to norflash.o(i.norflash_write_page) for norflash_write_page
    main.o(i.main) refers to norflash.o(i.norflash_read) for norflash_read
    main.o(i.main) refers to usmart_config.o(.data) for usmart_dev
    main.o(i.main) refers to main.o(.constdata) for g_text_buf
    stm32f1xx_it.o(i.SysTick_Handler) refers to stm32f1xx_hal.o(i.HAL_IncTick) for HAL_IncTick
    delay.o(i.HAL_Delay) refers to delay.o(i.delay_ms) for delay_ms
    delay.o(i.delay_init) refers to delay.o(.data) for g_fac_us
    delay.o(i.delay_ms) refers to delay.o(i.delay_us) for delay_us
    delay.o(i.delay_us) refers to delay.o(.data) for g_fac_us
    sys.o(i.sys_stm32_clock_init) refers to memseta.o(.text) for __aeabi_memclr4
    sys.o(i.sys_stm32_clock_init) refers to stm32f1xx_hal_rcc.o(i.HAL_RCC_OscConfig) for HAL_RCC_OscConfig
    sys.o(i.sys_stm32_clock_init) refers to stm32f1xx_hal_rcc.o(i.HAL_RCC_ClockConfig) for HAL_RCC_ClockConfig
    usart.o(i.HAL_UART_MspInit) refers to stm32f1xx_hal_gpio.o(i.HAL_GPIO_Init) for HAL_GPIO_Init
    usart.o(i.HAL_UART_MspInit) refers to stm32f1xx_hal_cortex.o(i.HAL_NVIC_EnableIRQ) for HAL_NVIC_EnableIRQ
    usart.o(i.HAL_UART_MspInit) refers to stm32f1xx_hal_cortex.o(i.HAL_NVIC_SetPriority) for HAL_NVIC_SetPriority
    usart.o(i.HAL_UART_RxCpltCallback) refers to stm32f1xx_hal_uart.o(i.HAL_UART_Receive_IT) for HAL_UART_Receive_IT
    usart.o(i.HAL_UART_RxCpltCallback) refers to usart.o(.data) for g_usart_rx_sta
    usart.o(i.HAL_UART_RxCpltCallback) refers to usart.o(.bss) for g_usart_rx_buf
    usart.o(i.USART1_IRQHandler) refers to stm32f1xx_hal_uart.o(i.HAL_UART_IRQHandler) for HAL_UART_IRQHandler
    usart.o(i.USART1_IRQHandler) refers to usart.o(.bss) for g_uart1_handle
    usart.o(i.usart_init) refers to stm32f1xx_hal_uart.o(i.HAL_UART_Init) for HAL_UART_Init
    usart.o(i.usart_init) refers to stm32f1xx_hal_uart.o(i.HAL_UART_Receive_IT) for HAL_UART_Receive_IT
    usart.o(i.usart_init) refers to usart.o(.bss) for g_uart1_handle
    usart.o(i.usart_init) refers to usart.o(.data) for g_rx_buffer
[...]
    Removing stm32f1xx_hal_usart.o(i.HAL_USART_Init), (90 bytes).
    Removing stm32f1xx_hal_usart.o(i.HAL_USART_MspDeInit), (2 bytes).
    Removing stm32f1xx_hal_usart.o(i.HAL_USART_MspInit), (2 bytes).
    Removing stm32f1xx_hal_usart.o(i.HAL_USART_Receive), (278 bytes).
    Removing stm32f1xx_hal_usart.o(i.HAL_USART_Receive_DMA), (248 bytes).
    Removing stm32f1xx_hal_usart.o(i.HAL_USART_Receive_IT), (108 bytes).
    Removing stm32f1xx_hal_usart.o(i.HAL_USART_RxCpltCallback), (2 bytes).
    Removing stm32f1xx_hal_usart.o(i.HAL_USART_RxHalfCpltCallback), (2 bytes).
    Removing stm32f1xx_hal_usart.o(i.HAL_USART_Transmit), (214 bytes).
    Removing stm32f1xx_hal_usart.o(i.HAL_USART_TransmitReceive), (320 bytes).
    Removing stm32f1xx_hal_usart.o(i.HAL_USART_TransmitReceive_DMA), (268 bytes).
    Removing stm32f1xx_hal_usart.o(i.HAL_USART_TransmitReceive_IT), (132 bytes).
    Removing stm32f1xx_hal_usart.o(i.HAL_USART_Transmit_DMA), (156 bytes).
    Removing stm32f1xx_hal_usart.o(i.HAL_USART_Transmit_IT), (88 bytes).
    Removing stm32f1xx_hal_usart.o(i.HAL_USART_TxCpltCallback), (2 bytes).
    Removing stm32f1xx_hal_usart.o(i.HAL_USART_TxHalfCpltCallback), (2 bytes).
    Removing stm32f1xx_hal_usart.o(i.HAL_USART_TxRxCpltCallback), (2 bytes).
    Removing stm32f1xx_hal_usart.o(i.USART_DMAAbortOnError), (20 bytes).
    Removing stm32f1xx_hal_usart.o(i.USART_DMAError), (84 bytes).
    Removing stm32f1xx_hal_usart.o(i.USART_DMAReceiveCplt), (122 bytes).
    Removing stm32f1xx_hal_usart.o(i.USART_DMARxAbortCallback), (48 bytes).
    Removing stm32f1xx_hal_usart.o(i.USART_DMARxHalfCplt), (14 bytes).
    Removing stm32f1xx_hal_usart.o(i.USART_DMATransmitCplt), (70 bytes).
    Removing stm32f1xx_hal_usart.o(i.USART_DMATxAbortCallback), (48 bytes).
    Removing stm32f1xx_hal_usart.o(i.USART_DMATxHalfCplt), (14 bytes).
    Removing stm32f1xx_hal_usart.o(i.USART_EndRxTransfer), (32 bytes).
    Removing stm32f1xx_hal_usart.o(i.USART_EndTransmit_IT), (44 bytes).
    Removing stm32f1xx_hal_usart.o(i.USART_EndTxTransfer), (20 bytes).
    Removing stm32f1xx_hal_usart.o(i.USART_Receive_IT), (194 bytes).
    Removing stm32f1xx_hal_usart.o(i.USART_SetConfig), (444 bytes).
    Removing stm32f1xx_hal_usart.o(i.USART_TransmitReceive_IT), (270 bytes).
    Removing stm32f1xx_hal_usart.o(i.USART_Transmit_IT), (104 bytes).
    Removing stm32f1xx_hal_usart.o(i.USART_WaitOnFlagUntilTimeout), (128 bytes).
    Removing stm32f1xx_ll_fsmc.o(.rev16_text), (4 bytes).
    Removing stm32f1xx_ll_fsmc.o(.revsh_text), (4 bytes).
    Removing stm32f1xx_ll_fsmc.o(.rrx_text), (6 bytes).
    Removing stm32f1xx_ll_fsmc.o(i.FSMC_NAND_AttributeSpace_Timing_Init), (62 bytes).
    Removing stm32f1xx_ll_fsmc.o(i.FSMC_NAND_CommonSpace_Timing_Init), (62 bytes).
    Removing stm32f1xx_ll_fsmc.o(i.FSMC_NAND_DeInit), (66 bytes).
    Removing stm32f1xx_ll_fsmc.o(i.FSMC_NAND_ECC_Disable), (28 bytes).
    Removing stm32f1xx_ll_fsmc.o(i.FSMC_NAND_ECC_Enable), (28 bytes).
    Removing stm32f1xx_ll_fsmc.o(i.FSMC_NAND_GetECC), (84 bytes).
    Removing stm32f1xx_ll_fsmc.o(i.FSMC_NAND_Init), (100 bytes).
    Removing stm32f1xx_ll_fsmc.o(i.FSMC_NORSRAM_DeInit), (56 bytes).
    Removing stm32f1xx_ll_fsmc.o(i.FSMC_NORSRAM_WriteOperation_Disable), (18 bytes).
    Removing stm32f1xx_ll_fsmc.o(i.FSMC_NORSRAM_WriteOperation_Enable), (18 bytes).
    Removing stm32f1xx_ll_fsmc.o(i.FSMC_PCCARD_AttributeSpace_Timing_Init), (30 bytes).
    Removing stm32f1xx_ll_fsmc.o(i.FSMC_PCCARD_CommonSpace_Timing_Init), (30 bytes).
    Removing stm32f1xx_ll_fsmc.o(i.FSMC_PCCARD_DeInit), (32 bytes).
    Removing stm32f1xx_ll_fsmc.o(i.FSMC_PCCARD_IOSpace_Timing_Init), (30 bytes).
    Removing stm32f1xx_ll_fsmc.o(i.FSMC_PCCARD_Init), (40 bytes).
    Removing key.o(.rev16_text), (4 bytes).
    Removing key.o(.revsh_text), (4 bytes).
    Removing key.o(.rrx_text), (6 bytes).
    Removing lcd.o(.rev16_text), (4 bytes).
    Removing lcd.o(.revsh_text), (4 bytes).
    Removing lcd.o(.rrx_text), (6 bytes).
    Removing lcd.o(i.lcd_color_fill), (96 bytes).
    Removing lcd.o(i.lcd_display_off), (36 bytes).
    Removing lcd.o(i.lcd_display_on), (36 bytes).
    Removing lcd.o(i.lcd_draw_circle), (170 bytes).
    Removing lcd.o(i.lcd_draw_hline), (56 bytes).
    Removing lcd.o(i.lcd_draw_line), (172 bytes).
    Removing lcd.o(i.lcd_draw_rectangle), (74 bytes).
    Removing lcd.o(i.lcd_fill_circle), (176 bytes).
    Removing lcd.o(i.lcd_pow), (22 bytes).
    Removing lcd.o(i.lcd_read_point), (152 bytes).
    Removing lcd.o(i.lcd_set_window), (368 bytes).
    Removing lcd.o(i.lcd_show_num), (152 bytes).
    Removing lcd.o(i.lcd_show_xnum), (198 bytes).
    Removing led.o(.rev16_text), (4 bytes).
    Removing led.o(.revsh_text), (4 bytes).
    Removing led.o(.rrx_text), (6 bytes).
    Removing norflash.o(.rev16_text), (4 bytes).
    Removing norflash.o(.revsh_text), (4 bytes).
    Removing norflash.o(.rrx_text), (6 bytes).
    Removing norflash.o(i.norflash_write), (184 bytes).
    Removing norflash.o(i.norflash_write_nocheck), (70 bytes).
    Removing norflash.o(.bss), (4096 bytes).
    Removing spi.o(.rev16_text), (4 bytes).
    Removing spi.o(.revsh_text), (4 bytes).
    Removing spi.o(.rrx_text), (6 bytes).
    Removing usmart_port.o(.rev16_text), (4 bytes).
    Removing usmart_port.o(.revsh_text), (4 bytes).
    Removing usmart_port.o(.rrx_text), (6 bytes).
    Removing usmart_str.o(.rev16_text), (4 bytes).
    Removing usmart_str.o(.revsh_text), (4 bytes).
    Removing usmart_str.o(.rrx_text), (6 bytes).
    Removing usmart.o(.rev16_text), (4 bytes).
    Removing usmart.o(.revsh_text), (4 bytes).
    Removing usmart.o(.rrx_text), (6 bytes).
    Removing usmart_config.o(.rev16_text), (4 bytes).
    Removing usmart_config.o(.revsh_text), (4 bytes).
    Removing usmart_config.o(.rrx_text), (6 bytes).
    Removing dadd.o(.text), (334 bytes).
    Removing ddiv.o(.text), (222 bytes).
    Removing dfixul.o(.text), (48 bytes).
    Removing cdrcmple.o(.text), (48 bytes).

536 unused section(s) (total 51914 bytes) removed from the image.

==============================================================================

Image Symbol Table

    Local Symbols

    Symbol Name                              Value     Ov Type        Size  Object(Section)

    ../clib/../cmprslib/zerorunl2.c          0x00000000   Number         0  __dczerorl2.o ABSOLUTE
    ../clib/microlib/division.c              0x00000000   Number         0  uidiv.o ABSOLUTE
    ../clib/microlib/division.c              0x00000000   Number         0  uldiv.o ABSOLUTE
    ../clib/microlib/init/entry.s            0x00000000   Number         0  entry7b.o ABSOLUTE
    ../clib/microlib/init/entry.s            0x00000000   Number         0  entry.o ABSOLUTE
    ../clib/microlib/init/entry.s            0x00000000   Number         0  entry9b.o ABSOLUTE
    ../clib/microlib/init/entry.s            0x00000000   Number         0  entry7a.o ABSOLUTE
    ../clib/microlib/init/entry.s            0x00000000   Number         0  entry5.o ABSOLUTE
    ../clib/microlib/init/entry.s            0x00000000   Number         0  entry11b.o ABSOLUTE
    ../clib/microlib/init/entry.s            0x00000000   Number         0  entry9a.o ABSOLUTE
    ../clib/microlib/init/entry.s            0x00000000   Number         0  entry8a.o ABSOLUTE
    ../clib/microlib/init/entry.s            0x00000000   Number         0  entry2.o ABSOLUTE
    ../clib/microlib/init/entry.s            0x00000000   Number         0  entry8b.o ABSOLUTE
    ../clib/microlib/init/entry.s            0x00000000   Number         0  entry11a.o ABSOLUTE
    ../clib/microlib/init/entry.s            0x00000000   Number         0  entry10b.o ABSOLUTE
    ../clib/microlib/init/entry.s            0x00000000   Number         0  entry10a.o ABSOLUTE
    ../clib/microlib/longlong.c              0x00000000   Number         0  llshl.o ABSOLUTE
    ../clib/microlib/longlong.c              0x00000000   Number         0  llsshr.o ABSOLUTE
    ../clib/microlib/longlong.c              0x00000000   Number         0  llushr.o ABSOLUTE
    ../clib/microlib/printf/printf.c         0x00000000   Number         0  printf0.o ABSOLUTE
    ../clib/microlib/printf/printf.c         0x00000000   Number         0  printf1.o ABSOLUTE
    ../clib/microlib/printf/printf.c         0x00000000   Number         0  printfa.o ABSOLUTE
    ../clib/microlib/printf/printf.c         0x00000000   Number         0  printf2.o ABSOLUTE
    ../clib/microlib/printf/printf.c         0x00000000   Number         0  printf3.o ABSOLUTE
    ../clib/microlib/printf/printf.c         0x00000000   Number         0  printf4.o ABSOLUTE
    ../clib/microlib/printf/printf.c         0x00000000   Number         0  printf5.o ABSOLUTE
    ../clib/microlib/printf/printf.c         0x00000000   Number         0  printf6.o ABSOLUTE
    ../clib/microlib/printf/printf.c         0x00000000   Number         0  printf7.o ABSOLUTE
    ../clib/microlib/printf/printf.c         0x00000000   Number         0  printf8.o ABSOLUTE
    ../clib/microlib/printf/printf.c         0x00000000   Number         0  printfb.o ABSOLUTE
    ../clib/microlib/printf/stubs.s          0x00000000   Number         0  stubs.o ABSOLUTE
    ../clib/microlib/string/memset.c         0x00000000   Number         0  memseta.o ABSOLUTE
    ../clib/microlib/stubs.s                 0x00000000   Number         0  useno.o ABSOLUTE
    ../clib/microlib/stubs.s                 0x00000000   Number         0  iusefp.o ABSOLUTE
    ../fplib/microlib/fpadd.c                0x00000000   Number         0  dadd.o ABSOLUTE
    ../fplib/microlib/fpdiv.c                0x00000000   Number         0  ddiv.o ABSOLUTE
    ../fplib/microlib/fpepilogue.c           0x00000000   Number         0  depilogue.o ABSOLUTE
    ../fplib/microlib/fpfix.c                0x00000000   Number         0  dfixui.o ABSOLUTE
    ../fplib/microlib/fpfix.c                0x00000000   Number         0  dfixul.o ABSOLUTE
    ../fplib/microlib/fpflt.c                0x00000000   Number         0  dfltui.o ABSOLUTE
    ../fplib/microlib/fpmul.c                0x00000000   Number         0  dmul.o ABSOLUTE
    ..\..\Drivers\BSP\KEY\key.c              0x00000000   Number         0  key.o ABSOLUTE
    ..\..\Drivers\BSP\LCD\lcd.c              0x00000000   Number         0  lcd.o ABSOLUTE
    ..\..\Drivers\BSP\LED\led.c              0x00000000   Number         0  led.o ABSOLUTE
    ..\..\Drivers\BSP\NORFLASH\norflash.c    0x00000000   Number         0  norflash.o ABSOLUTE
    ..\..\Drivers\BSP\SPI\spi.c              0x00000000   Number         0  spi.o ABSOLUTE
    ..\..\Drivers\CMSIS\Device\ST\STM32F1xx\Source\Templates\arm\startup_stm32f103xe.s 0x00000000   Number         0  startup_stm32f103xe.o ABSOLUTE
    ..\..\Drivers\CMSIS\Device\ST\STM32F1xx\Source\Templates\system_stm32f1xx.c 0x00000000   Number         0  system_stm32f1xx.o ABSOLUTE
    ..\..\Drivers\STM32F1xx_HAL_Driver\Src\stm32f1xx_hal.c 0x00000000   Number         0  stm32f1xx_hal.o ABSOLUTE
    ..\..\Drivers\STM32F1xx_HAL_Driver\Src\stm32f1xx_hal_cortex.c 0x00000000   Number         0  stm32f1xx_hal_cortex.o ABSOLUTE
    ..\..\Drivers\STM32F1xx_HAL_Driver\Src\stm32f1xx_hal_dma.c 0x00000000   Number         0  stm32f1xx_hal_dma.o ABSOLUTE
    ..\..\Drivers\STM32F1xx_HAL_Driver\Src\stm32f1xx_hal_gpio.c 0x00000000   Number         0  stm32f1xx_hal_gpio.o ABSOLUTE
    ..\..\Drivers\STM32F1xx_HAL_Driver\Src\stm32f1xx_hal_gpio_ex.c 0x00000000   Number         0  stm32f1xx_hal_gpio_ex.o ABSOLUTE
    ..\..\Drivers\STM32F1xx_HAL_Driver\Src\stm32f1xx_hal_pwr.c 0x00000000   Number         0  stm32f1xx_hal_pwr.o ABSOLUTE
    ..\..\Drivers\STM32F1xx_HAL_Driver\Src\stm32f1xx_hal_rcc.c 0x00000000   Number         0  stm32f1xx_hal_rcc.o ABSOLUTE
    ..\..\Drivers\STM32F1xx_HAL_Driver\Src\stm32f1xx_hal_rcc_ex.c 0x00000000   Number         0  stm32f1xx_hal_rcc_ex.o ABSOLUTE
    ..\..\Drivers\STM32F1xx_HAL_Driver\Src\stm32f1xx_hal_spi.c 0x00000000   Number         0  stm32f1xx_hal_spi.o ABSOLUTE
    ..\..\Drivers\STM32F1xx_HAL_Driver\Src\stm32f1xx_hal_sram.c 0x00000000   Number         0  stm32f1xx_hal_sram.o ABSOLUTE
    ..\..\Drivers\STM32F1xx_HAL_Driver\Src\stm32f1xx_hal_tim.c 0x00000000   Number         0  stm32f1xx_hal_tim.o ABSOLUTE
    ..\..\Drivers\STM32F1xx_HAL_Driver\Src\stm32f1xx_hal_tim_ex.c 0x00000000   Number         0  stm32f1xx_hal_tim_ex.o ABSOLUTE
    ..\..\Drivers\STM32F1xx_HAL_Driver\Src\stm32f1xx_hal_uart.c 0x00000000   Number         0  stm32f1xx_hal_uart.o ABSOLUTE
    ..\..\Drivers\STM32F1xx_HAL_Driver\Src\stm32f1xx_hal_usart.c 0x00000000   Number         0  stm32f1xx_hal_usart.o ABSOLUTE
    ..\..\Drivers\STM32F1xx_HAL_Driver\Src\stm32f1xx_ll_fsmc.c 0x00000000   Number         0  stm32f1xx_ll_fsmc.o ABSOLUTE
    ..\..\Drivers\SYSTEM\delay\delay.c       0x00000000   Number         0  delay.o ABSOLUTE
    ..\..\Drivers\SYSTEM\sys\sys.c           0x00000000   Number         0  sys.o ABSOLUTE
    ..\..\Drivers\SYSTEM\usart\usart.c       0x00000000   Number         0  usart.o ABSOLUTE
    ..\..\Middlewares\USMART\usmart.c        0x00000000   Number         0  usmart.o ABSOLUTE
    ..\..\Middlewares\USMART\usmart_config.c 0x00000000   Number         0  usmart_config.o ABSOLUTE
    ..\..\Middlewares\USMART\usmart_port.c   0x00000000   Number         0  usmart_port.o ABSOLUTE
    ..\..\Middlewares\USMART\usmart_str.c    0x00000000   Number         0  usmart_str.o ABSOLUTE
    ..\..\User\main.c                        0x00000000   Number         0  main.o ABSOLUTE
    ..\..\User\stm32f1xx_it.c                0x00000000   Number         0  stm32f1xx_it.o ABSOLUTE
    ..\\..\\Drivers\\BSP\\KEY\\key.c         0x00000000   Number         0  key.o ABSOLUTE
    ..\\..\\Drivers\\BSP\\LCD\\lcd.c         0x00000000   Number         0  lcd.o ABSOLUTE
    ..\\..\\Drivers\\BSP\\LED\\led.c         0x00000000   Number         0  led.o ABSOLUTE
    ..\\..\\Drivers\\BSP\\NORFLASH\\norflash.c 0x00000000   Number         0  norflash.o ABSOLUTE
    ..\\..\\Drivers\\BSP\\SPI\\spi.c         0x00000000   Number         0  spi.o ABSOLUTE
    ..\\..\\Drivers\\CMSIS\\Device\\ST\\STM32F1xx\\Source\\Templates\\system_stm32f1xx.c 0x00000000   Number         0  system_stm32f1xx.o ABSOLUTE
    ..\\..\\Drivers\\STM32F1xx_HAL_Driver\\Src\\stm32f1xx_hal.c 0x00000000   Number         0  stm32f1xx_hal.o ABSOLUTE
    ..\\..\\Drivers\\STM32F1xx_HAL_Driver\\Src\\stm32f1xx_hal_cortex.c 0x00000000   Number         0  stm32f1xx_hal_cortex.o ABSOLUTE
    ..\\..\\Drivers\\STM32F1xx_HAL_Driver\\Src\\stm32f1xx_hal_dma.c 0x00000000   Number         0  stm32f1xx_hal_dma.o ABSOLUTE
    ..\\..\\Drivers\\STM32F1xx_HAL_Driver\\Src\\stm32f1xx_hal_gpio.c 0x00000000   Number         0  stm32f1xx_hal_gpio.o ABSOLUTE
    ..\\..\\Drivers\\STM32F1xx_HAL_Driver\\Src\\stm32f1xx_hal_gpio_ex.c 0x00000000   Number         0  stm32f1xx_hal_gpio_ex.o ABSOLUTE
    ..\\..\\Drivers\\STM32F1xx_HAL_Driver\\Src\\stm32f1xx_hal_pwr.c 0x00000000   Number         0  stm32f1xx_hal_pwr.o ABSOLUTE
    ..\\..\\Drivers\\STM32F1xx_HAL_Driver\\Src\\stm32f1xx_hal_rcc.c 0x00000000   Number         0  stm32f1xx_hal_rcc.o ABSOLUTE
    ..\\..\\Drivers\\STM32F1xx_HAL_Driver\\Src\\stm32f1xx_hal_rcc_ex.c 0x00000000   Number         0  stm32f1xx_hal_rcc_ex.o ABSOLUTE
    ..\\..\\Drivers\\STM32F1xx_HAL_Driver\\Src\\stm32f1xx_hal_spi.c 0x00000000   Number         0  stm32f1xx_hal_spi.o ABSOLUTE
    ..\\..\\Drivers\\STM32F1xx_HAL_Driver\\Src\\stm32f1xx_hal_sram.c 0x00000000   Number         0  stm32f1xx_hal_sram.o ABSOLUTE
    ..\\..\\Drivers\\STM32F1xx_HAL_Driver\\Src\\stm32f1xx_hal_tim.c 0x00000000   Number         0  stm32f1xx_hal_tim.o ABSOLUTE
    ..\\..\\Drivers\\STM32F1xx_HAL_Driver\\Src\\stm32f1xx_hal_tim_ex.c 0x00000000   Number         0  stm32f1xx_hal_tim_ex.o ABSOLUTE
    ..\\..\\Drivers\\STM32F1xx_HAL_Driver\\Src\\stm32f1xx_hal_uart.c 0x00000000   Number         0  stm32f1xx_hal_uart.o ABSOLUTE
    ..\\..\\Drivers\\STM32F1xx_HAL_Driver\\Src\\stm32f1xx_hal_usart.c 0x00000000   Number         0  stm32f1xx_hal_usart.o ABSOLUTE
    ..\\..\\Drivers\\STM32F1xx_HAL_Driver\\Src\\stm32f1xx_ll_fsmc.c 0x00000000   Number         0  stm32f1xx_ll_fsmc.o ABSOLUTE
    ..\\..\\Drivers\\SYSTEM\\delay\\delay.c  0x00000000   Number         0  delay.o ABSOLUTE
    ..\\..\\Drivers\\SYSTEM\\sys\\sys.c      0x00000000   Number         0  sys.o ABSOLUTE
    ..\\..\\Drivers\\SYSTEM\\usart\\usart.c  0x00000000   Number         0  usart.o ABSOLUTE
    ..\\..\\Middlewares\\USMART\\usmart.c    0x00000000   Number         0  usmart.o ABSOLUTE
    ..\\..\\Middlewares\\USMART\\usmart_config.c 0x00000000   Number         0  usmart_config.o ABSOLUTE
    ..\\..\\Middlewares\\USMART\\usmart_port.c 0x00000000   Number         0  usmart_port.o ABSOLUTE
    ..\\..\\Middlewares\\USMART\\usmart_str.c 0x00000000   Number         0  usmart_str.o ABSOLUTE
    ..\\..\\User\\main.c                     0x00000000   Number         0  main.o ABSOLUTE
    ..\\..\\User\\stm32f1xx_it.c             0x00000000   Number         0  stm32f1xx_it.o ABSOLUTE
    cdrcmple.s                               0x00000000   Number         0  cdrcmple.o ABSOLUTE
    dc.s                                     0x00000000   Number         0  dc.o ABSOLUTE
    handlers.s                               0x00000000   Number         0  handlers.o ABSOLUTE
    init.s                                   0x00000000   Number         0  init.o ABSOLUTE
    RESET                                    0x08000000   Section      304  startup_stm32f103xe.o(RESET)
    .ARM.Collect$$$$00000000                 0x08000130   Section        0  entry.o(.ARM.Collect$$$$00000000)
    .ARM.Collect$$$$00000001                 0x08000130   Section        4  entry2.o(.ARM.Collect$$$$00000001)
    .ARM.Collect$$$$00000004                 0x08000134   Section        4  entry5.o(.ARM.Collect$$$$00000004)
    .ARM.Collect$$$$00000008                 0x08000138   Section        0  entry7b.o(.ARM.Collect$$$$00000008)
    .ARM.Collect$$$$0000000A                 0x08000138   Section        0  entry8b.o(.ARM.Collect$$$$0000000A)
    .ARM.Collect$$$$0000000B                 0x08000138   Section        8  entry9a.o(.ARM.Collect$$$$0000000B)
    .ARM.Collect$$$$0000000D                 0x08000140   Section        0  entry10a.o(.ARM.Collect$$$$0000000D)
    .ARM.Collect$$$$0000000F                 0x08000140   Section        0  entry11a.o(.ARM.Collect$$$$0000000F)
    .ARM.Collect$$$$00002712                 0x08000140   Section        4  entry2.o(.ARM.Collect$$$$00002712)
    __lit__00000000                          0x08000140   Data           4  entry2.o(.ARM.Collect$$$$00002712)
    .text                                    0x08000144   Section       36  startup_stm32f103xe.o(.text)
    .text                                    0x08000168   Section        0  memseta.o(.text)
    .text                                    0x0800018c   Section        0  dmul.o(.text)
    .text                                    0x08000270   Section        0  dfltui.o(.text)
    .text                                    0x0800028a   Section        0  dfixui.o(.text)
    .text                                    0x080002bc   Section        0  uldiv.o(.text)
    .text                                    0x0800031e   Section        0  llushr.o(.text)
    .text                                    0x0800033e   Section        0  iusefp.o(.text)
    .text                                    0x0800033e   Section        0  depilogue.o(.text)
    .text                                    0x080003f8   Section       36  init.o(.text)
    .text                                    0x0800041c   Section        0  llshl.o(.text)
    .text                                    0x0800043a   Section        0  __dczerorl2.o(.text)
    i.BusFault_Handler                       0x08000490   Section        0  stm32f1xx_it.o(i.BusFault_Handler)
    i.DebugMon_Handler                       0x08000494   Section        0  stm32f1xx_it.o(i.DebugMon_Handler)
    i.FSMC_NORSRAM_Extended_Timing_Init      0x08000498   Section        0  stm32f1xx_ll_fsmc.o(i.FSMC_NORSRAM_Extended_Timing_Init)
    i.FSMC_NORSRAM_Init                      0x080004dc   Section        0  stm32f1xx_ll_fsmc.o(i.FSMC_NORSRAM_Init)
    i.FSMC_NORSRAM_Timing_Init               0x08000554   Section        0  stm32f1xx_ll_fsmc.o(i.FSMC_NORSRAM_Timing_Init)
    i.HAL_DMA_Abort_IT                       0x08000598   Section        0  stm32f1xx_hal_dma.o(i.HAL_DMA_Abort_IT)
    i.HAL_GPIO_Init                          0x08000740   Section        0  stm32f1xx_hal_gpio.o(i.HAL_GPIO_Init)
    i.HAL_GPIO_ReadPin                       0x08000a80   Section        0  stm32f1xx_hal_gpio.o(i.HAL_GPIO_ReadPin)
    i.HAL_GPIO_TogglePin                     0x08000a90   Section        0  stm32f1xx_hal_gpio.o(i.HAL_GPIO_TogglePin)
    i.HAL_GPIO_WritePin                      0x08000aa4   Section        0  stm32f1xx_hal_gpio.o(i.HAL_GPIO_WritePin)
    i.HAL_GetTick                            0x08000ab0   Section        0  stm32f1xx_hal.o(i.HAL_GetTick)
    i.HAL_IncTick                            0x08000abc   Section        0  stm32f1xx_hal.o(i.HAL_IncTick)
    i.HAL_Init                               0x08000ad4   Section        0  stm32f1xx_hal.o(i.HAL_Init)
    i.HAL_InitTick                           0x08000afc   Section        0  stm32f1xx_hal.o(i.HAL_InitTick)
    i.HAL_MspInit                            0x08000b48   Section        0  stm32f1xx_hal.o(i.HAL_MspInit)
    i.HAL_NVIC_EnableIRQ                     0x08000b4a   Section        0  stm32f1xx_hal_cortex.o(i.HAL_NVIC_EnableIRQ)
    i.HAL_NVIC_SetPriority                   0x08000b6a   Section        0  stm32f1xx_hal_cortex.o(i.HAL_NVIC_SetPriority)
    i.HAL_NVIC_SetPriorityGrouping           0x08000be8   Section        0  stm32f1xx_hal_cortex.o(i.HAL_NVIC_SetPriorityGrouping)
    i.HAL_RCC_ClockConfig                    0x08000c10   Section        0  stm32f1xx_hal_rcc.o(i.HAL_RCC_ClockConfig)
    i.HAL_RCC_GetHCLKFreq                    0x08000d9c   Section        0  stm32f1xx_hal_rcc.o(i.HAL_RCC_GetHCLKFreq)
    i.HAL_RCC_GetPCLK1Freq                   0x08000da8   Section        0  stm32f1xx_hal_rcc.o(i.HAL_RCC_GetPCLK1Freq)
    i.HAL_RCC_GetPCLK2Freq                   0x08000dc8   Section        0  stm32f1xx_hal_rcc.o(i.HAL_RCC_GetPCLK2Freq)
    i.HAL_RCC_GetSysClockFreq                0x08000de8   Section        0  stm32f1xx_hal_rcc.o(i.HAL_RCC_GetSysClockFreq)
    i.HAL_RCC_OscConfig                      0x08000e7c   Section        0  stm32f1xx_hal_rcc.o(i.HAL_RCC_OscConfig)
    i.HAL_SPI_Init                           0x080012e0   Section        0  stm32f1xx_hal_spi.o(i.HAL_SPI_Init)
    i.HAL_SPI_MspInit                        0x080013b4   Section        0  spi.o(i.HAL_SPI_MspInit)
    i.HAL_SPI_TransmitReceive                0x08001464   Section        0  stm32f1xx_hal_spi.o(i.HAL_SPI_TransmitReceive)
    i.HAL_SRAM_Init                          0x08001752   Section        0  stm32f1xx_hal_sram.o(i.HAL_SRAM_Init)
    i.HAL_SRAM_MspInit                       0x080017b8   Section        0  lcd.o(i.HAL_SRAM_MspInit)
    i.HAL_SYSTICK_Config                     0x08001848   Section        0  stm32f1xx_hal_cortex.o(i.HAL_SYSTICK_Config)
    i.HAL_TIM_Base_Init                      0x0800187c   Section        0  stm32f1xx_hal_tim.o(i.HAL_TIM_Base_Init)
    i.HAL_TIM_Base_MspInit                   0x080018e2   Section        0  stm32f1xx_hal_tim.o(i.HAL_TIM_Base_MspInit)
    i.HAL_TIM_Base_Start_IT                  0x080018e4   Section        0  stm32f1xx_hal_tim.o(i.HAL_TIM_Base_Start_IT)
    i.HAL_UART_ErrorCallback                 0x08001974   Section        0  stm32f1xx_hal_uart.o(i.HAL_UART_ErrorCallback)
    i.HAL_UART_IRQHandler                    0x08001978   Section        0  stm32f1xx_hal_uart.o(i.HAL_UART_IRQHandler)
    i.HAL_UART_Init                          0x08001acc   Section        0  stm32f1xx_hal_uart.o(i.HAL_UART_Init)
    i.HAL_UART_MspInit                       0x08001b40   Section        0  usart.o(i.HAL_UART_MspInit)
    i.HAL_UART_Receive_IT                    0x08001bf4   Section        0  stm32f1xx_hal_uart.o(i.HAL_UART_Receive_IT)
    i.HAL_UART_RxCpltCallback                0x08001c64   Section        0  usart.o(i.HAL_UART_RxCpltCallback)
    i.HAL_UART_TxCpltCallback                0x08001d00   Section        0  stm32f1xx_hal_uart.o(i.HAL_UART_TxCpltCallback)
    i.HardFault_Handler                      0x08001d02   Section        0  stm32f1xx_it.o(i.HardFault_Handler)
    i.MemManage_Handler                      0x08001d06   Section        0  stm32f1xx_it.o(i.MemManage_Handler)
    i.NMI_Handler                            0x08001d0a   Section        0  stm32f1xx_it.o(i.NMI_Handler)
    i.PendSV_Handler                         0x08001d0c   Section        0  stm32f1xx_it.o(i.PendSV_Handler)
    i.RCC_Delay                              0x08001d10   Section        0  stm32f1xx_hal_rcc.o(i.RCC_Delay)
    RCC_Delay                                0x08001d11   Thumb Code    36  stm32f1xx_hal_rcc.o(i.RCC_Delay)
    i.SPI_EndRxTxTransaction                 0x08001d38   Section        0  stm32f1xx_hal_spi.o(i.SPI_EndRxTxTransaction)
    SPI_EndRxTxTransaction                   0x08001d39   Thumb Code    40  stm32f1xx_hal_spi.o(i.SPI_EndRxTxTransaction)
    i.SPI_ISCRCErrorValid                    0x08001d60   Section        0  stm32f1xx_hal_spi.o(i.SPI_ISCRCErrorValid)
    i.SPI_WaitFlagStateUntilTimeout          0x08001d68   Section        0  stm32f1xx_hal_spi.o(i.SPI_WaitFlagStateUntilTimeout)
    SPI_WaitFlagStateUntilTimeout            0x08001d69   Thumb Code   210  stm32f1xx_hal_spi.o(i.SPI_WaitFlagStateUntilTimeout)
    i.SVC_Handler                            0x08001e40   Section        0  stm32f1xx_it.o(i.SVC_Handler)
    i.SysTick_Handler                        0x08001e42   Section        0  stm32f1xx_it.o(i.SysTick_Handler)
    i.SystemInit                             0x08001e4a   Section        0  system_stm32f1xx.o(i.SystemInit)
    i.TIM4_IRQHandler                        0x08001e4c   Section        0  usmart_port.o(i.TIM4_IRQHandler)
    i.TIM_Base_SetConfig                     0x08001e90   Section        0  stm32f1xx_hal_tim.o(i.TIM_Base_SetConfig)
    i.UART_DMAAbortOnError                   0x08001f2c   Section        0  stm32f1xx_hal_uart.o(i.UART_DMAAbortOnError)
    UART_DMAAbortOnError                     0x08001f2d   Thumb Code    20  stm32f1xx_hal_uart.o(i.UART_DMAAbortOnError)
    i.UART_EndRxTransfer                     0x08001f40   Section        0  stm32f1xx_hal_uart.o(i.UART_EndRxTransfer)
    UART_EndRxTransfer                       0x08001f41   Thumb Code    32  stm32f1xx_hal_uart.o(i.UART_EndRxTransfer)
    i.UART_EndTransmit_IT                    0x08001f60   Section        0  stm32f1xx_hal_uart.o(i.UART_EndTransmit_IT)
    UART_EndTransmit_IT                      0x08001f61   Thumb Code    32  stm32f1xx_hal_uart.o(i.UART_EndTransmit_IT)
    i.UART_Receive_IT                        0x08001f80   Section        0  stm32f1xx_hal_uart.o(i.UART_Receive_IT)
    UART_Receive_IT                          0x08001f81   Thumb Code   160  stm32f1xx_hal_uart.o(i.UART_Receive_IT)
    i.UART_SetConfig                         0x08002020   Section        0  stm32f1xx_hal_uart.o(i.UART_SetConfig)
    UART_SetConfig                           0x08002021   Thumb Code   248  stm32f1xx_hal_uart.o(i.UART_SetConfig)
    i.UART_Transmit_IT                       0x0800211c   Section        0  stm32f1xx_hal_uart.o(i.UART_Transmit_IT)
    UART_Transmit_IT                         0x0800211d   Thumb Code    96  stm32f1xx_hal_uart.o(i.UART_Transmit_IT)
    i.USART1_IRQHandler                      0x0800217c   Section        0  usart.o(i.USART1_IRQHandler)
    i.UsageFault_Handler                     0x0800218c   Section        0  stm32f1xx_it.o(i.UsageFault_Handler)
    i.__0printf$8                            0x08002190   Section        0  printf8.o(i.__0printf$8)
    i.__NVIC_GetPriorityGrouping             0x080021b0   Section        0  stm32f1xx_hal_cortex.o(i.__NVIC_GetPriorityGrouping)
    __NVIC_GetPriorityGrouping               0x080021b1   Thumb Code    10  stm32f1xx_hal_cortex.o(i.__NVIC_GetPriorityGrouping)
    i.__NVIC_SetPriority                     0x080021c0   Section        0  stm32f1xx_hal_cortex.o(i.__NVIC_SetPriority)
    __NVIC_SetPriority                       0x080021c1   Thumb Code    32  stm32f1xx_hal_cortex.o(i.__NVIC_SetPriority)
    i.__scatterload_copy                     0x080021e8   Section       14  handlers.o(i.__scatterload_copy)
    i.__scatterload_null                     0x080021f6   Section        2  handlers.o(i.__scatterload_null)
    i.__scatterload_zeroinit                 0x080021f8   Section       14  handlers.o(i.__scatterload_zeroinit)
    i._printf_core                           0x08002208   Section        0  printf8.o(i._printf_core)
    _printf_core                             0x08002209   Thumb Code   996  printf8.o(i._printf_core)
    i._printf_post_padding                   0x08002618   Section        0  printf8.o(i._printf_post_padding)
    _printf_post_padding                     0x08002619   Thumb Code    36  printf8.o(i._printf_post_padding)
    i._printf_pre_padding                    0x0800263c   Section        0  printf8.o(i._printf_pre_padding)
    _printf_pre_padding                      0x0800263d   Thumb Code    46  printf8.o(i._printf_pre_padding)
    i.delay_init                             0x0800266c   Section        0  delay.o(i.delay_init)
    i.delay_ms                               0x08002678   Section        0  delay.o(i.delay_ms)
    i.delay_us                               0x0800268c   Section        0  delay.o(i.delay_us)
    i.fputc                                  0x080026d4   Section        0  usart.o(i.fputc)
    i.key_init                               0x080026f0   Section        0  key.o(i.key_init)
    i.key_scan                               0x080027e0   Section        0  key.o(i.key_scan)
    i.lcd_clear                              0x080028a4   Section        0  lcd.o(i.lcd_clear)
    i.lcd_display_dir                        0x080028d8   Section        0  lcd.o(i.lcd_display_dir)
    i.lcd_draw_point                         0x08002a44   Section        0  lcd.o(i.lcd_draw_point)
    i.lcd_ex_ili9341_reginit                 0x08002a64   Section        0  lcd.o(i.lcd_ex_ili9341_reginit)
    i.lcd_ex_ili9806_reginit                 0x08002c90   Section        0  lcd.o(i.lcd_ex_ili9806_reginit)
    i.lcd_ex_nt35310_reginit                 0x08002fd0   Section        0  lcd.o(i.lcd_ex_nt35310_reginit)
    i.lcd_ex_nt35510_reginit                 0x08003ec2   Section        0  lcd.o(i.lcd_ex_nt35510_reginit)
    i.lcd_ex_ssd1963_reginit                 0x08004dbe   Section        0  lcd.o(i.lcd_ex_ssd1963_reginit)
    i.lcd_ex_st7789_reginit                  0x08004f2c   Section        0  lcd.o(i.lcd_ex_st7789_reginit)
    i.lcd_ex_st7796_reginit                  0x080050d4   Section        0  lcd.o(i.lcd_ex_st7796_reginit)
    i.lcd_fill                               0x0800529c   Section        0  lcd.o(i.lcd_fill)
    i.lcd_init                               0x080052f0   Section        0  lcd.o(i.lcd_init)
    i.lcd_opt_delay                          0x08005758   Section        0  lcd.o(i.lcd_opt_delay)
    lcd_opt_delay                            0x08005759   Thumb Code    12  lcd.o(i.lcd_opt_delay)
    i.lcd_rd_data                            0x08005764   Section        0  lcd.o(i.lcd_rd_data)
    lcd_rd_data                              0x08005765   Thumb Code    20  lcd.o(i.lcd_rd_data)
    i.lcd_scan_dir                           0x0800577c   Section        0  lcd.o(i.lcd_scan_dir)
    i.lcd_set_cursor                         0x080059b8   Section        0  lcd.o(i.lcd_set_cursor)
    i.lcd_show_char                          0x08005ad8   Section        0  lcd.o(i.lcd_show_char)
    i.lcd_show_string                        0x08005c18   Section        0  lcd.o(i.lcd_show_string)
    i.lcd_ssd_backlight_set                  0x08005c84   Section        0  lcd.o(i.lcd_ssd_backlight_set)
    i.lcd_wr_data                            0x08005cd8   Section        0  lcd.o(i.lcd_wr_data)
    i.lcd_wr_regno                           0x08005cf0   Section        0  lcd.o(i.lcd_wr_regno)
    i.lcd_write_ram_prepare                  0x08005d08   Section        0  lcd.o(i.lcd_write_ram_prepare)
    i.lcd_write_reg                          0x08005d1c   Section        0  lcd.o(i.lcd_write_reg)
    i.led_init                               0x08005d2c   Section        0  led.o(i.led_init)
    i.main                                   0x08005dbc   Section        0  main.o(i.main)
    i.norflash_erase_chip                    0x08006094   Section        0  norflash.o(i.norflash_erase_chip)
    i.norflash_erase_sector                  0x080060cc   Section        0  norflash.o(i.norflash_erase_sector)
    i.norflash_init                          0x08006110   Section        0  norflash.o(i.norflash_init)
    i.norflash_read                          0x080061c8   Section        0  norflash.o(i.norflash_read)
    i.norflash_read_id                       0x08006218   Section        0  norflash.o(i.norflash_read_id)
    i.norflash_read_sr                       0x08006268   Section        0  norflash.o(i.norflash_read_sr)
    i.norflash_send_address                  0x080062c4   Section        0  norflash.o(i.norflash_send_address)
    norflash_send_address                    0x080062c5   Thumb Code    46  norflash.o(i.norflash_send_address)
    i.norflash_wait_busy                     0x080062f8   Section        0  norflash.o(i.norflash_wait_busy)
    norflash_wait_busy                       0x080062f9   Thumb Code    20  norflash.o(i.norflash_wait_busy)
    i.norflash_write_enable                  0x0800630c   Section        0  norflash.o(i.norflash_write_enable)
    i.norflash_write_page                    0x08006338   Section        0  norflash.o(i.norflash_write_page)
    i.norflash_write_sr                      0x08006390   Section        0  norflash.o(i.norflash_write_sr)
    i.read_addr                              0x080063e8   Section        0  usmart.o(i.read_addr)
    i.spi2_init                              0x080063f0   Section        0  spi.o(i.spi2_init)
    i.spi2_read_write_byte                   0x0800646c   Section        0  spi.o(i.spi2_read_write_byte)
    i.spi2_set_speed                         0x0800648c   Section        0  spi.o(i.spi2_set_speed)
    i.sys_stm32_clock_init                   0x080064d4   Section        0  sys.o(i.sys_stm32_clock_init)
    i.usart_init                             0x0800653c   Section        0  usart.o(i.usart_init)
    i.usmart_cmd_rec                         0x08006574   Section        0  usmart.o(i.usmart_cmd_rec)
    i.usmart_exe                             0x08006624   Section        0  usmart.o(i.usmart_exe)
    i.usmart_get_aparm                       0x080068f8   Section        0  usmart_str.o(i.usmart_get_aparm)
    i.usmart_get_cmdname                     0x080069cc   Section        0  usmart_str.o(i.usmart_get_cmdname)
    i.usmart_get_fname                       0x08006a04   Section        0  usmart_str.o(i.usmart_get_fname)
    i.usmart_get_fparam                      0x08006bc4   Section        0  usmart_str.o(i.usmart_get_fparam)
    i.usmart_get_input_string                0x08006cd0   Section        0  usmart_port.o(i.usmart_get_input_string)
    i.usmart_get_parmpos                     0x08006cf8   Section        0  usmart_str.o(i.usmart_get_parmpos)
    i.usmart_init                            0x08006d18   Section        0  usmart.o(i.usmart_init)
    i.usmart_pow                             0x08006d40   Section        0  usmart_str.o(i.usmart_pow)
    i.usmart_scan                            0x08006d58   Section        0  usmart.o(i.usmart_scan)
    i.usmart_search_nextc                    0x08006e00   Section        0  usmart_str.o(i.usmart_search_nextc)
    i.usmart_str2num                         0x08006e16   Section        0  usmart_str.o(i.usmart_str2num)
    i.usmart_strcmp                          0x08006f1c   Section        0  usmart_str.o(i.usmart_strcmp)
    i.usmart_strcopy                         0x08006f3e   Section        0  usmart_str.o(i.usmart_strcopy)
    i.usmart_strlen                          0x08006f54   Section        0  usmart_str.o(i.usmart_strlen)
    i.usmart_sys_cmd_exe                     0x08006f6c   Section        0  usmart.o(i.usmart_sys_cmd_exe)
    i.usmart_timx_get_time                   0x08007660   Section        0  usmart_port.o(i.usmart_timx_get_time)
    i.usmart_timx_init                       0x080076a4   Section        0  usmart_port.o(i.usmart_timx_init)
    i.usmart_timx_reset_time                 0x08007704   Section        0  usmart_port.o(i.usmart_timx_reset_time)
    i.write_addr                             0x08007738   Section        0  usmart.o(i.write_addr)
    .constdata                               0x0800773c   Section       24  system_stm32f1xx.o(.constdata)
    .constdata                               0x08007754   Section       23  main.o(.constdata)
    .constdata                               0x0800776b   Section    12160  lcd.o(.constdata)
    .conststring                             0x0800a6ec   Section       40  usmart.o(.conststring)
    .conststring                             0x0800a714   Section      244  usmart_config.o(.conststring)
    .data                                    0x20000000   Section        4  system_stm32f1xx.o(.data)
    .data                                    0x20000004   Section        4  delay.o(.data)
    g_fac_us                                 0x20000004   Data           4  delay.o(.data)
    .data                                    0x20000008   Section        7  usart.o(.data)
    .data                                    0x20000010   Section        9  stm32f1xx_hal.o(.data)
    .data                                    0x20000019   Section        1  key.o(.data)
    key_up                                   0x20000019   Data           1  key.o(.data)
    .data                                    0x2000001c   Section        8  lcd.o(.data)
    .data                                    0x20000024   Section        2  norflash.o(.data)
    .data                                    0x20000028   Section       28  usmart.o(.data)
    .data                                    0x20000044   Section      300  usmart_config.o(.data)
    .bss                                     0x20000170   Section      264  usart.o(.bss)
    .bss                                     0x20000278   Section       86  lcd.o(.bss)
    .bss                                     0x200002d0   Section       88  spi.o(.bss)
    .bss                                     0x20000328   Section       72  usmart_port.o(.bss)
    STACK                                    0x20000370   Section     1024  startup_stm32f103xe.o(STACK)

    Global Symbols

    Symbol Name                              Value     Ov Type        Size  Object(Section)

    BuildAttributes$$THM_ISAv4$P$D$K$B$S$PE$A:L22UL41UL21$X:L11$S22US41US21$IEEE1$IW$USESV6$~STKCKD$USESV7$~SHL$OSPACE$ROPI$EBA8$MICROLIB$REQ8$PRES8$EABIv2 0x00000000   Number         0  anon$$obj.o ABSOLUTE
    __ARM_use_no_argv                        0x00000000   Number         0  main.o ABSOLUTE
    __use_no_errno                           0x00000000   Number         0  useno.o ABSOLUTE
    __use_no_exception_handling              0x00000000   Number         0  useno.o ABSOLUTE
    __use_no_fp                              0x00000000   Number         0  useno.o ABSOLUTE
    __use_no_heap                            0x00000000   Number         0  useno.o ABSOLUTE
    __use_no_heap_region                     0x00000000   Number         0  useno.o ABSOLUTE
    __use_no_semihosting                     0x00000000   Number         0  useno.o ABSOLUTE
    __use_no_semihosting_swi                 0x00000000   Number         0  useno.o ABSOLUTE
    __use_no_signal_handling                 0x00000000   Number         0  useno.o ABSOLUTE
    _printf_a                                0x00000000   Number         0  stubs.o ABSOLUTE
    _printf_c                                0x00000000   Number         0  stubs.o ABSOLUTE
    _printf_charcount                        0x00000000   Number         0  stubs.o ABSOLUTE
    _printf_d                                0x00000000   Number         0  stubs.o ABSOLUTE
    _printf_e                                0x00000000   Number         0  stubs.o ABSOLUTE
    _printf_f                                0x00000000   Number         0  stubs.o ABSOLUTE
    _printf_flags                            0x00000000   Number         0  stubs.o ABSOLUTE
    _printf_fp_dec                           0x00000000   Number         0  stubs.o ABSOLUTE
    _printf_fp_hex                           0x00000000   Number         0  stubs.o ABSOLUTE
    _printf_g                                0x00000000   Number         0  stubs.o ABSOLUTE
    _printf_i                                0x00000000   Number         0  stubs.o ABSOLUTE
    _printf_int_dec                          0x00000000   Number         0  stubs.o ABSOLUTE
    _printf_l                                0x00000000   Number         0  stubs.o ABSOLUTE
    _printf_lc                               0x00000000   Number         0  stubs.o ABSOLUTE
    _printf_ll                               0x00000000   Number         0  stubs.o ABSOLUTE
    _printf_lld                              0x00000000   Number         0  stubs.o ABSOLUTE
    _printf_lli                              0x00000000   Number         0  stubs.o ABSOLUTE
    _printf_llo                              0x00000000   Number         0  stubs.o ABSOLUTE
    _printf_llu                              0x00000000   Number         0  stubs.o ABSOLUTE
    _printf_llx                              0x00000000   Number         0  stubs.o ABSOLUTE
    _printf_longlong_dec                     0x00000000   Number         0  stubs.o ABSOLUTE
    _printf_longlong_hex                     0x00000000   Number         0  stubs.o ABSOLUTE
    _printf_longlong_oct                     0x00000000   Number         0  stubs.o ABSOLUTE
    _printf_ls                               0x00000000   Number         0  stubs.o ABSOLUTE
    _printf_mbtowc                           0x00000000   Number         0  stubs.o ABSOLUTE
    _printf_n                                0x00000000   Number         0  stubs.o ABSOLUTE
    _printf_o                                0x00000000   Number         0  stubs.o ABSOLUTE
    _printf_p                                0x00000000   Number         0  stubs.o ABSOLUTE
    _printf_percent                          0x00000000   Number         0  stubs.o ABSOLUTE
    _printf_pre_padding                      0x00000000   Number         0  stubs.o ABSOLUTE
    _printf_return_value                     0x00000000   Number         0  stubs.o ABSOLUTE
    _printf_s                                0x00000000   Number         0  stubs.o ABSOLUTE
    _printf_sizespec                         0x00000000   Number         0  stubs.o ABSOLUTE
    _printf_str                              0x00000000   Number         0  stubs.o ABSOLUTE
    _printf_truncate_signed                  0x00000000   Number         0  stubs.o ABSOLUTE
    _printf_truncate_unsigned                0x00000000   Number         0  stubs.o ABSOLUTE
    _printf_u                                0x00000000   Number         0  stubs.o ABSOLUTE
    _printf_wc                               0x00000000   Number         0  stubs.o ABSOLUTE
    _printf_wctomb                           0x00000000   Number         0  stubs.o ABSOLUTE
    _printf_widthprec                        0x00000000   Number         0  stubs.o ABSOLUTE
    _printf_x                                0x00000000   Number         0  stubs.o ABSOLUTE
    __cpp_initialize__aeabi_                  - Undefined Weak Reference
    __cxa_finalize                            - Undefined Weak Reference
    _clock_init                               - Undefined Weak Reference
    _microlib_exit                            - Undefined Weak Reference
    __Vectors_Size                           0x00000130   Number         0  startup_stm32f103xe.o ABSOLUTE
    __Vectors                                0x08000000   Data           4  startup_stm32f103xe.o(RESET)
    __Vectors_End                            0x08000130   Data           0  startup_stm32f103xe.o(RESET)
    __main                                   0x08000131   Thumb Code     0  entry.o(.ARM.Collect$$$$00000000)
    _main_stk                                0x08000131   Thumb Code     0  entry2.o(.ARM.Collect$$$$00000001)
    _main_scatterload                        0x08000135   Thumb Code     0  entry5.o(.ARM.Collect$$$$00000004)
    __main_after_scatterload                 0x08000139   Thumb Code     0  entry5.o(.ARM.Collect$$$$00000004)
    _main_clock                              0x08000139   Thumb Code     0  entry7b.o(.ARM.Collect$$$$00000008)
    _main_cpp_init                           0x08000139   Thumb Code     0  entry8b.o(.ARM.Collect$$$$0000000A)
    _main_init                               0x08000139   Thumb Code     0  entry9a.o(.ARM.Collect$$$$0000000B)
    __rt_final_cpp                           0x08000141   Thumb Code     0  entry10a.o(.ARM.Collect$$$$0000000D)
    __rt_final_exit                          0x08000141   Thumb Code     0  entry11a.o(.ARM.Collect$$$$0000000F)
    Reset_Handler                            0x08000145   Thumb Code     8  startup_stm32f103xe.o(.text)
    ADC1_2_IRQHandler                        0x0800015f   Thumb Code     0  startup_stm32f103xe.o(.text)
    ADC3_IRQHandler                          0x0800015f   Thumb Code     0  startup_stm32f103xe.o(.text)
    CAN1_RX1_IRQHandler                      0x0800015f   Thumb Code     0  startup_stm32f103xe.o(.text)
    CAN1_SCE_IRQHandler                      0x0800015f   Thumb Code     0  startup_stm32f103xe.o(.text)
    DMA1_Channel1_IRQHandler                 0x0800015f   Thumb Code     0  startup_stm32f103xe.o(.text)
    DMA1_Channel2_IRQHandler                 0x0800015f   Thumb Code     0  startup_stm32f103xe.o(.text)
    DMA1_Channel3_IRQHandler                 0x0800015f   Thumb Code     0  startup_stm32f103xe.o(.text)
    DMA1_Channel4_IRQHandler                 0x0800015f   Thumb Code     0  startup_stm32f103xe.o(.text)
    DMA1_Channel5_IRQHandler                 0x0800015f   Thumb Code     0  startup_stm32f103xe.o(.text)
    DMA1_Channel6_IRQHandler                 0x0800015f   Thumb Code     0  startup_stm32f103xe.o(.text)
    DMA1_Channel7_IRQHandler                 0x0800015f   Thumb Code     0  startup_stm32f103xe.o(.text)
    DMA2_Channel1_IRQHandler                 0x0800015f   Thumb Code     0  startup_stm32f103xe.o(.text)
    DMA2_Channel2_IRQHandler                 0x0800015f   Thumb Code     0  startup_stm32f103xe.o(.text)
    DMA2_Channel3_IRQHandler                 0x0800015f   Thumb Code     0  startup_stm32f103xe.o(.text)
    DMA2_Channel4_5_IRQHandler               0x0800015f   Thumb Code     0  startup_stm32f103xe.o(.text)
    EXTI0_IRQHandler                         0x0800015f   Thumb Code     0  startup_stm32f103xe.o(.text)
    EXTI15_10_IRQHandler                     0x0800015f   Thumb Code     0  startup_stm32f103xe.o(.text)
    EXTI1_IRQHandler                         0x0800015f   Thumb Code     0  startup_stm32f103xe.o(.text)
    EXTI2_IRQHandler                         0x0800015f   Thumb Code     0  startup_stm32f103xe.o(.text)
    EXTI3_IRQHandler                         0x0800015f   Thumb Code     0  startup_stm32f103xe.o(.text)
    EXTI4_IRQHandler                         0x0800015f   Thumb Code     0  startup_stm32f103xe.o(.text)
    EXTI9_5_IRQHandler                       0x0800015f   Thumb Code     0  startup_stm32f103xe.o(.text)
    FLASH_IRQHandler                         0x0800015f   Thumb Code     0  startup_stm32f103xe.o(.text)
    FSMC_IRQHandler                          0x0800015f   Thumb Code     0  startup_stm32f103xe.o(.text)
    I2C1_ER_IRQHandler                       0x0800015f   Thumb Code     0  startup_stm32f103xe.o(.text)
    I2C1_EV_IRQHandler                       0x0800015f   Thumb Code     0  startup_stm32f103xe.o(.text)
    I2C2_ER_IRQHandler                       0x0800015f   Thumb Code     0  startup_stm32f103xe.o(.text)
    I2C2_EV_IRQHandler                       0x0800015f   Thumb Code     0  startup_stm32f103xe.o(.text)
    PVD_IRQHandler                           0x0800015f   Thumb Code     0  startup_stm32f103xe.o(.text)
    RCC_IRQHandler                           0x0800015f   Thumb Code     0  startup_stm32f103xe.o(.text)
    RTC_Alarm_IRQHandler                     0x0800015f   Thumb Code     0  startup_stm32f103xe.o(.text)
    RTC_IRQHandler                           0x0800015f   Thumb Code     0  startup_stm32f103xe.o(.text)
    SDIO_IRQHandler                          0x0800015f   Thumb Code     0  startup_stm32f103xe.o(.text)
    SPI1_IRQHandler                          0x0800015f   Thumb Code     0  startup_stm32f103xe.o(.text)
    SPI2_IRQHandler                          0x0800015f   Thumb Code     0  startup_stm32f103xe.o(.text)
    SPI3_IRQHandler                          0x0800015f   Thumb Code     0  startup_stm32f103xe.o(.text)
    TAMPER_IRQHandler                        0x0800015f   Thumb Code     0  startup_stm32f103xe.o(.text)
    TIM1_BRK_IRQHandler                      0x0800015f   Thumb Code     0  startup_stm32f103xe.o(.text)
    TIM1_CC_IRQHandler                       0x0800015f   Thumb Code     0  startup_stm32f103xe.o(.text)
    TIM1_TRG_COM_IRQHandler                  0x0800015f   Thumb Code     0  startup_stm32f103xe.o(.text)
    TIM1_UP_IRQHandler                       0x0800015f   Thumb Code     0  startup_stm32f103xe.o(.text)
    TIM2_IRQHandler                          0x0800015f   Thumb Code     0  startup_stm32f103xe.o(.text)
    TIM3_IRQHandler                          0x0800015f   Thumb Code     0  startup_stm32f103xe.o(.text)
    TIM5_IRQHandler                          0x0800015f   Thumb Code     0  startup_stm32f103xe.o(.text)
    TIM6_IRQHandler                          0x0800015f   Thumb Code     0  startup_stm32f103xe.o(.text)
    TIM7_IRQHandler                          0x0800015f   Thumb Code     0  startup_stm32f103xe.o(.text)
    TIM8_BRK_IRQHandler                      0x0800015f   Thumb Code     0  startup_stm32f103xe.o(.text)
    TIM8_CC_IRQHandler                       0x0800015f   Thumb Code     0  startup_stm32f103xe.o(.text)
    TIM8_TRG_COM_IRQHandler                  0x0800015f   Thumb Code     0  startup_stm32f103xe.o(.text)
    TIM8_UP_IRQHandler                       0x0800015f   Thumb Code     0  startup_stm32f103xe.o(.text)
    UART4_IRQHandler                         0x0800015f   Thumb Code     0  startup_stm32f103xe.o(.text)
    UART5_IRQHandler                         0x0800015f   Thumb Code     0  startup_stm32f103xe.o(.text)
    USART2_IRQHandler                        0x0800015f   Thumb Code     0  startup_stm32f103xe.o(.text)
    USART3_IRQHandler                        0x0800015f   Thumb Code     0  startup_stm32f103xe.o(.text)
    USBWakeUp_IRQHandler                     0x0800015f   Thumb Code     0  startup_stm32f103xe.o(.text)
    USB_HP_CAN1_TX_IRQHandler                0x0800015f   Thumb Code     0  startup_stm32f103xe.o(.text)
    USB_LP_CAN1_RX0_IRQHandler               0x0800015f   Thumb Code     0  startup_stm32f103xe.o(.text)
    WWDG_IRQHandler                          0x0800015f   Thumb Code     0  startup_stm32f103xe.o(.text)
    __aeabi_memset                           0x08000169   Thumb Code    14  memseta.o(.text)
    __aeabi_memset4                          0x08000169   Thumb Code     0  memseta.o(.text)
    __aeabi_memset8                          0x08000169   Thumb Code     0  memseta.o(.text)
    __aeabi_memclr                           0x08000177   Thumb Code     4  memseta.o(.text)
    __aeabi_memclr4                          0x08000177   Thumb Code     0  memseta.o(.text)
    __aeabi_memclr8                          0x08000177   Thumb Code     0  memseta.o(.text)
    _memset$wrapper                          0x0800017b   Thumb Code    18  memseta.o(.text)
    __aeabi_dmul                             0x0800018d   Thumb Code   228  dmul.o(.text)
    __aeabi_ui2d                             0x08000271   Thumb Code    26  dfltui.o(.text)
    __aeabi_d2uiz                            0x0800028b   Thumb Code    50  dfixui.o(.text)
    __aeabi_uldivmod                         0x080002bd   Thumb Code    98  uldiv.o(.text)
    __aeabi_llsr                             0x0800031f   Thumb Code    32  llushr.o(.text)
    _ll_ushift_r                             0x0800031f   Thumb Code     0  llushr.o(.text)
    __I$use$fp                               0x0800033f   Thumb Code     0  iusefp.o(.text)
    _double_round                            0x0800033f   Thumb Code    30  depilogue.o(.text)
    _double_epilogue                         0x0800035d   Thumb Code   156  depilogue.o(.text)
    __scatterload                            0x080003f9   Thumb Code    28  init.o(.text)
    __scatterload_rt2                        0x080003f9   Thumb Code     0  init.o(.text)
    __aeabi_llsl                             0x0800041d   Thumb Code    30  llshl.o(.text)
    _ll_shift_l                              0x0800041d   Thumb Code     0  llshl.o(.text)
    __decompress                             0x0800043b   Thumb Code     0  __dczerorl2.o(.text)
    __decompress1                            0x0800043b   Thumb Code    86  __dczerorl2.o(.text)
    BusFault_Handler                         0x08000491   Thumb Code     4  stm32f1xx_it.o(i.BusFault_Handler)
    DebugMon_Handler                         0x08000495   Thumb Code     2  stm32f1xx_it.o(i.DebugMon_Handler)
    FSMC_NORSRAM_Extended_Timing_Init        0x08000499   Thumb Code    62  stm32f1xx_ll_fsmc.o(i.FSMC_NORSRAM_Extended_Timing_Init)
    FSMC_NORSRAM_Init                        0x080004dd   Thumb Code   116  stm32f1xx_ll_fsmc.o(i.FSMC_NORSRAM_Init)
    FSMC_NORSRAM_Timing_Init                 0x08000555   Thumb Code    66  stm32f1xx_ll_fsmc.o(i.FSMC_NORSRAM_Timing_Init)
    HAL_DMA_Abort_IT                         0x08000599   Thumb Code   414  stm32f1xx_hal_dma.o(i.HAL_DMA_Abort_IT)
    HAL_GPIO_Init                            0x08000741   Thumb Code   792  stm32f1xx_hal_gpio.o(i.HAL_GPIO_Init)
    HAL_GPIO_ReadPin                         0x08000a81   Thumb Code    16  stm32f1xx_hal_gpio.o(i.HAL_GPIO_ReadPin)
    HAL_GPIO_TogglePin                       0x08000a91   Thumb Code    20  stm32f1xx_hal_gpio.o(i.HAL_GPIO_TogglePin)
    HAL_GPIO_WritePin                        0x08000aa5   Thumb Code    12  stm32f1xx_hal_gpio.o(i.HAL_GPIO_WritePin)
    HAL_GetTick                              0x08000ab1   Thumb Code     6  stm32f1xx_hal.o(i.HAL_GetTick)
    HAL_IncTick                              0x08000abd   Thumb Code    16  stm32f1xx_hal.o(i.HAL_IncTick)
    HAL_Init                                 0x08000ad5   Thumb Code    34  stm32f1xx_hal.o(i.HAL_Init)
    HAL_InitTick                             0x08000afd   Thumb Code    64  stm32f1xx_hal.o(i.HAL_InitTick)
    HAL_MspInit                              0x08000b49   Thumb Code     2  stm32f1xx_hal.o(i.HAL_MspInit)
    HAL_NVIC_EnableIRQ                       0x08000b4b   Thumb Code    32  stm32f1xx_hal_cortex.o(i.HAL_NVIC_EnableIRQ)
    HAL_NVIC_SetPriority                     0x08000b6b   Thumb Code   124  stm32f1xx_hal_cortex.o(i.HAL_NVIC_SetPriority)
    HAL_NVIC_SetPriorityGrouping             0x08000be9   Thumb Code    32  stm32f1xx_hal_cortex.o(i.HAL_NVIC_SetPriorityGrouping)
    HAL_RCC_ClockConfig                      0x08000c11   Thumb Code   376  stm32f1xx_hal_rcc.o(i.HAL_RCC_ClockConfig)
    HAL_RCC_GetHCLKFreq                      0x08000d9d   Thumb Code     6  stm32f1xx_hal_rcc.o(i.HAL_RCC_GetHCLKFreq)
    HAL_RCC_GetPCLK1Freq                     0x08000da9   Thumb Code    22  stm32f1xx_hal_rcc.o(i.HAL_RCC_GetPCLK1Freq)
    HAL_RCC_GetPCLK2Freq                     0x08000dc9   Thumb Code    22  stm32f1xx_hal_rcc.o(i.HAL_RCC_GetPCLK2Freq)
    HAL_RCC_GetSysClockFreq                  0x08000de9   Thumb Code   116  stm32f1xx_hal_rcc.o(i.HAL_RCC_GetSysClockFreq)
    HAL_RCC_OscConfig                        0x08000e7d   Thumb Code  1114  stm32f1xx_hal_rcc.o(i.HAL_RCC_OscConfig)
    HAL_SPI_Init                             0x080012e1   Thumb Code   212  stm32f1xx_hal_spi.o(i.HAL_SPI_Init)
    HAL_SPI_MspInit                          0x080013b5   Thumb Code   164  spi.o(i.HAL_SPI_MspInit)
    HAL_SPI_TransmitReceive                  0x08001465   Thumb Code   750  stm32f1xx_hal_spi.o(i.HAL_SPI_TransmitReceive)
    HAL_SRAM_Init                            0x08001753   Thumb Code   102  stm32f1xx_hal_sram.o(i.HAL_SRAM_Init)
    HAL_SRAM_MspInit                         0x080017b9   Thumb Code   130  lcd.o(i.HAL_SRAM_MspInit)
    HAL_SYSTICK_Config                       0x08001849   Thumb Code    52  stm32f1xx_hal_cortex.o(i.HAL_SYSTICK_Config)
    HAL_TIM_Base_Init                        0x0800187d   Thumb Code   102  stm32f1xx_hal_tim.o(i.HAL_TIM_Base_Init)
    HAL_TIM_Base_MspInit                     0x080018e3   Thumb Code     2  stm32f1xx_hal_tim.o(i.HAL_TIM_Base_MspInit)
    HAL_TIM_Base_Start_IT                    0x080018e5   Thumb Code   122  stm32f1xx_hal_tim.o(i.HAL_TIM_Base_Start_IT)
    HAL_UART_ErrorCallback                   0x08001975   Thumb Code     2  stm32f1xx_hal_uart.o(i.HAL_UART_ErrorCallback)
    HAL_UART_IRQHandler                      0x08001979   Thumb Code   334  stm32f1xx_hal_uart.o(i.HAL_UART_IRQHandler)
    HAL_UART_Init                            0x08001acd   Thumb Code   114  stm32f1xx_hal_uart.o(i.HAL_UART_Init)
    HAL_UART_MspInit                         0x08001b41   Thumb Code   168  usart.o(i.HAL_UART_MspInit)
    HAL_UART_Receive_IT                      0x08001bf5   Thumb Code   112  stm32f1xx_hal_uart.o(i.HAL_UART_Receive_IT)
    HAL_UART_RxCpltCallback                  0x08001c65   Thumb Code   134  usart.o(i.HAL_UART_RxCpltCallback)
    HAL_UART_TxCpltCallback                  0x08001d01   Thumb Code     2  stm32f1xx_hal_uart.o(i.HAL_UART_TxCpltCallback)
    HardFault_Handler                        0x08001d03   Thumb Code     4  stm32f1xx_it.o(i.HardFault_Handler)
    MemManage_Handler                        0x08001d07   Thumb Code     4  stm32f1xx_it.o(i.MemManage_Handler)
    NMI_Handler                              0x08001d0b   Thumb Code     2  stm32f1xx_it.o(i.NMI_Handler)
    PendSV_Handler                           0x08001d0d   Thumb Code     2  stm32f1xx_it.o(i.PendSV_Handler)
    SPI_ISCRCErrorValid                      0x08001d61   Thumb Code     6  stm32f1xx_hal_spi.o(i.SPI_ISCRCErrorValid)
    SVC_Handler                              0x08001e41   Thumb Code     2  stm32f1xx_it.o(i.SVC_Handler)
    SysTick_Handler                          0x08001e43   Thumb Code     8  stm32f1xx_it.o(i.SysTick_Handler)
    SystemInit                               0x08001e4b   Thumb Code     2  system_stm32f1xx.o(i.SystemInit)
    TIM4_IRQHandler                          0x08001e4d   Thumb Code    58  usmart_port.o(i.TIM4_IRQHandler)
    TIM_Base_SetConfig                       0x08001e91   Thumb Code   134  stm32f1xx_hal_tim.o(i.TIM_Base_SetConfig)
    USART1_IRQHandler                        0x0800217d   Thumb Code    10  usart.o(i.USART1_IRQHandler)
    UsageFault_Handler                       0x0800218d   Thumb Code     4  stm32f1xx_it.o(i.UsageFault_Handler)
    __0printf$8                              0x08002191   Thumb Code    22  printf8.o(i.__0printf$8)
    __1printf$8                              0x08002191   Thumb Code     0  printf8.o(i.__0printf$8)
    __2printf                                0x08002191   Thumb Code     0  printf8.o(i.__0printf$8)
    __scatterload_copy                       0x080021e9   Thumb Code    14  handlers.o(i.__scatterload_copy)
    __scatterload_null                       0x080021f7   Thumb Code     2  handlers.o(i.__scatterload_null)
    __scatterload_zeroinit                   0x080021f9   Thumb Code    14  handlers.o(i.__scatterload_zeroinit)
    delay_init                               0x0800266d   Thumb Code     6  delay.o(i.delay_init)
    delay_ms                                 0x08002679   Thumb Code    18  delay.o(i.delay_ms)
    delay_us                                 0x0800268d   Thumb Code    68  delay.o(i.delay_us)
    fputc                                    0x080026d5   Thumb Code    24  usart.o(i.fputc)
    key_init                                 0x080026f1   Thumb Code   226  key.o(i.key_init)
    key_scan                                 0x080027e1   Thumb Code   184  key.o(i.key_scan)
    lcd_clear                                0x080028a5   Thumb Code    42  lcd.o(i.lcd_clear)
    lcd_display_dir                          0x080028d9   Thumb Code   360  lcd.o(i.lcd_display_dir)
    lcd_draw_point                           0x08002a45   Thumb Code    26  lcd.o(i.lcd_draw_point)
    lcd_ex_ili9341_reginit                   0x08002a65   Thumb Code   556  lcd.o(i.lcd_ex_ili9341_reginit)
    lcd_ex_ili9806_reginit                   0x08002c91   Thumb Code   832  lcd.o(i.lcd_ex_ili9806_reginit)
    lcd_ex_nt35310_reginit                   0x08002fd1   Thumb Code  3826  lcd.o(i.lcd_ex_nt35310_reginit)
    lcd_ex_nt35510_reginit                   0x08003ec3   Thumb Code  3836  lcd.o(i.lcd_ex_nt35510_reginit)
    lcd_ex_ssd1963_reginit                   0x08004dbf   Thumb Code   366  lcd.o(i.lcd_ex_ssd1963_reginit)
    lcd_ex_st7789_reginit                    0x08004f2d   Thumb Code   424  lcd.o(i.lcd_ex_st7789_reginit)
    lcd_ex_st7796_reginit                    0x080050d5   Thumb Code   454  lcd.o(i.lcd_ex_st7796_reginit)
    lcd_fill                                 0x0800529d   Thumb Code    80  lcd.o(i.lcd_fill)
    lcd_init                                 0x080052f1   Thumb Code  1120  lcd.o(i.lcd_init)
    lcd_scan_dir                             0x0800577d   Thumb Code   568  lcd.o(i.lcd_scan_dir)
    lcd_set_cursor                           0x080059b9   Thumb Code   282  lcd.o(i.lcd_set_cursor)
    lcd_show_char                            0x08005ad9   Thumb Code   294  lcd.o(i.lcd_show_char)
    lcd_show_string                          0x08005c19   Thumb Code   106  lcd.o(i.lcd_show_string)
    lcd_ssd_backlight_set                    0x08005c85   Thumb Code    80  lcd.o(i.lcd_ssd_backlight_set)
    lcd_wr_data                              0x08005cd9   Thumb Code    18  lcd.o(i.lcd_wr_data)
    lcd_wr_regno                             0x08005cf1   Thumb Code    18  lcd.o(i.lcd_wr_regno)
    lcd_write_ram_prepare                    0x08005d09   Thumb Code    10  lcd.o(i.lcd_write_ram_prepare)
    lcd_write_reg                            0x08005d1d   Thumb Code    10  lcd.o(i.lcd_write_reg)
    led_init                                 0x08005d2d   Thumb Code   132  led.o(i.led_init)
    main                                     0x08005dbd   Thumb Code   500  main.o(i.main)
    norflash_erase_chip                      0x08006095   Thumb Code    52  norflash.o(i.norflash_erase_chip)
    norflash_erase_sector                    0x080060cd   Thumb Code    62  norflash.o(i.norflash_erase_sector)
    norflash_init                            0x08006111   Thumb Code   172  norflash.o(i.norflash_init)
    norflash_read                            0x080061c9   Thumb Code    76  norflash.o(i.norflash_read)
    norflash_read_id                         0x08006219   Thumb Code    76  norflash.o(i.norflash_read_id)
    norflash_read_sr                         0x08006269   Thumb Code    88  norflash.o(i.norflash_read_sr)
    norflash_write_enable                    0x0800630d   Thumb Code    40  norflash.o(i.norflash_write_enable)
    norflash_write_page                      0x08006339   Thumb Code    82  norflash.o(i.norflash_write_page)
    norflash_write_sr                        0x08006391   Thumb Code    84  norflash.o(i.norflash_write_sr)
    read_addr                                0x080063e9   Thumb Code     6  usmart.o(i.read_addr)
    spi2_init                                0x080063f1   Thumb Code   110  spi.o(i.spi2_init)
    spi2_read_write_byte                     0x0800646d   Thumb Code    28  spi.o(i.spi2_read_write_byte)
    spi2_set_speed                           0x0800648d   Thumb Code    68  spi.o(i.spi2_set_speed)
    sys_stm32_clock_init                     0x080064d5   Thumb Code   102  sys.o(i.sys_stm32_clock_init)
    usart_init                               0x0800653d   Thumb Code    44  usart.o(i.usart_init)
    usmart_cmd_rec                           0x08006575   Thumb Code   170  usmart.o(i.usmart_cmd_rec)
    usmart_exe                               0x08006625   Thumb Code   632  usmart.o(i.usmart_exe)
    usmart_get_aparm                         0x080068f9   Thumb Code   212  usmart_str.o(i.usmart_get_aparm)
    usmart_get_cmdname                       0x080069cd   Thumb Code    54  usmart_str.o(i.usmart_get_cmdname)
    usmart_get_fname                         0x08006a05   Thumb Code   440  usmart_str.o(i.usmart_get_fname)
    usmart_get_fparam                        0x08006bc5   Thumb Code   262  usmart_str.o(i.usmart_get_fparam)
    usmart_get_input_string                  0x08006cd1   Thumb Code    30  usmart_port.o(i.usmart_get_input_string)
    usmart_get_parmpos                       0x08006cf9   Thumb Code    26  usmart_str.o(i.usmart_get_parmpos)
    usmart_init                              0x08006d19   Thumb Code    36  usmart.o(i.usmart_init)
    usmart_pow                               0x08006d41   Thumb Code    22  usmart_str.o(i.usmart_pow)
    usmart_scan                              0x08006d59   Thumb Code   106  usmart.o(i.usmart_scan)
    usmart_search_nextc                      0x08006e01   Thumb Code    22  usmart_str.o(i.usmart_search_nextc)
    usmart_str2num                           0x08006e17   Thumb Code   262  usmart_str.o(i.usmart_str2num)
    usmart_strcmp                            0x08006f1d   Thumb Code    34  usmart_str.o(i.usmart_strcmp)
    usmart_strcopy                           0x08006f3f   Thumb Code    22  usmart_str.o(i.usmart_strcopy)
    usmart_strlen                            0x08006f55   Thumb Code    24  usmart_str.o(i.usmart_strlen)
    usmart_sys_cmd_exe                       0x08006f6d   Thumb Code  1570  usmart.o(i.usmart_sys_cmd_exe)
    usmart_timx_get_time                     0x08007661   Thumb Code    58  usmart_port.o(i.usmart_timx_get_time)
    usmart_timx_init                         0x080076a5   Thumb Code    84  usmart_port.o(i.usmart_timx_init)
    usmart_timx_reset_time                   0x08007705   Thumb Code    44  usmart_port.o(i.usmart_timx_reset_time)
    write_addr                               0x08007739   Thumb Code     4  usmart.o(i.write_addr)
    AHBPrescTable                            0x0800773c   Data          16  system_stm32f1xx.o(.constdata)
    APBPrescTable                            0x0800774c   Data           8  system_stm32f1xx.o(.constdata)
    g_text_buf                               0x08007754   Data          23  main.o(.constdata)
    asc2_1206                                0x0800776b   Data        1140  lcd.o(.constdata)
    asc2_1608                                0x08007bdf   Data        1520  lcd.o(.constdata)
    asc2_2412                                0x080081cf   Data        3420  lcd.o(.constdata)
    asc2_3216                                0x08008f2b   Data        6080  lcd.o(.constdata)
    Region$$Table$$Base                      0x0800a808   Number         0  anon$$obj.o(Region$$Table)
    Region$$Table$$Limit                     0x0800a828   Number         0  anon$$obj.o(Region$$Table)
    SystemCoreClock                          0x20000000   Data           4  system_stm32f1xx.o(.data)
    __stdout                                 0x20000008   Data           4  usart.o(.data)
    g_usart_rx_sta                           0x2000000c   Data           2  usart.o(.data)
    g_rx_buffer                              0x2000000e   Data           1  usart.o(.data)
    uwTick                                   0x20000010   Data           4  stm32f1xx_hal.o(.data)
    uwTickPrio                               0x20000014   Data           4  stm32f1xx_hal.o(.data)
    uwTickFreq                               0x20000018   Data           1  stm32f1xx_hal.o(.data)
    g_point_color                            0x2000001c   Data           4  lcd.o(.data)
    g_back_color                             0x20000020   Data           4  lcd.o(.data)
    g_norflash_type                          0x20000024   Data           2  norflash.o(.data)
    sys_cmd_tab                              0x20000028   Data          28  usmart.o(.data)
    usmart_nametab                           0x20000044   Data          56  usmart_config.o(.data)
    usmart_dev                               0x2000007c   Data         244  usmart_config.o(.data)
    g_usart_rx_buf                           0x20000170   Data         200  usart.o(.bss)
    g_uart1_handle                           0x20000238   Data          64  usart.o(.bss)
    g_sram_handle                            0x20000278   Data          72  lcd.o(.bss)
    lcddev                                   0x200002c0   Data          14  lcd.o(.bss)
    g_spi2_handler                           0x200002d0   Data          88  spi.o(.bss)
    g_timx_usmart_handle                     0x20000328   Data          72  usmart_port.o(.bss)
    __initial_sp                             0x20000770   Data           0  startup_stm32f103xe.o(STACK)



==============================================================================

Memory Map of the image

  Image Entry point : 0x08000131

  Load Region LR_IROM1 (Base: 0x08000000, Size: 0x0000a998, Max: 0x00080000, ABSOLUTE, COMPRESSED[0x0000a898])

    Execution Region ER_IROM1 (Base: 0x08000000, Size: 0x0000a828, Max: 0x00080000, ABSOLUTE)

    Base Addr    Size         Type   Attr      Idx    E Section Name        Object

    0x08000000   0x00000130   Data   RO            3    RESET               startup_stm32f103xe.o
    0x08000130   0x00000000   Code   RO         4323  * .ARM.Collect$$$$00000000  mc_w.l(entry.o)
    0x08000130   0x00000004   Code   RO         4595    .ARM.Collect$$$$00000001  mc_w.l(entry2.o)
    0x08000134   0x00000004   Code   RO         4598    .ARM.Collect$$$$00000004  mc_w.l(entry5.o)
    0x08000138   0x00000000   Code   RO         4600    .ARM.Collect$$$$00000008  mc_w.l(entry7b.o)
    0x08000138   0x00000000   Code   RO         4602    .ARM.Collect$$$$0000000A  mc_w.l(entry8b.o)
    0x08000138   0x00000008   Code   RO         4603    .ARM.Collect$$$$0000000B  mc_w.l(entry9a.o)
    0x08000140   0x00000000   Code   RO         4605    .ARM.Collect$$$$0000000D  mc_w.l(entry10a.o)
    0x08000140   0x00000000   Code   RO         4607    .ARM.Collect$$$$0000000F  mc_w.l(entry11a.o)
    0x08000140   0x00000004   Code   RO         4596    .ARM.Collect$$$$00002712  mc_w.l(entry2.o)
    0x08000144   0x00000024   Code   RO            4    .text               startup_stm32f103xe.o
    0x08000168   0x00000024   Code   RO         4326    .text               mc_w.l(memseta.o)
    0x0800018c   0x000000e4   Code   RO         4589    .text               mf_w.l(dmul.o)
    0x08000270   0x0000001a   Code   RO         4591    .text               mf_w.l(dfltui.o)
    0x0800028a   0x00000032   Code   RO         4593    .text               mf_w.l(dfixui.o)
    0x080002bc   0x00000062   Code   RO         4611    .text               mc_w.l(uldiv.o)
    0x0800031e   0x00000020   Code   RO         4613    .text               mc_w.l(llushr.o)
    0x0800033e   0x00000000   Code   RO         4615    .text               mc_w.l(iusefp.o)
    0x0800033e   0x000000ba   Code   RO         4616    .text               mf_w.l(depilogue.o)
    0x080003f8   0x00000024   Code   RO         4626    .text               mc_w.l(init.o)
    0x0800041c   0x0000001e   Code   RO         4628    .text               mc_w.l(llshl.o)
    0x0800043a   0x00000056   Code   RO         4640    .text               mc_w.l(__dczerorl2.o)
    0x08000490   0x00000004   Code   RO          290    i.BusFault_Handler  stm32f1xx_it.o
    0x08000494   0x00000002   Code   RO          291    i.DebugMon_Handler  stm32f1xx_it.o
    0x08000496   0x00000002   PAD
    0x08000498   0x00000044   Code   RO         3520    i.FSMC_NORSRAM_Extended_Timing_Init  stm32f1xx_ll_fsmc.o
    0x080004dc   0x00000078   Code   RO         3521    i.FSMC_NORSRAM_Init  stm32f1xx_ll_fsmc.o
    0x08000554   0x00000042   Code   RO         3522    i.FSMC_NORSRAM_Timing_Init  stm32f1xx_ll_fsmc.o
    0x08000596   0x00000002   PAD
    0x08000598   0x000001a8   Code   RO          985    i.HAL_DMA_Abort_IT  stm32f1xx_hal_dma.o
    0x08000740   0x00000340   Code   RO         1081    i.HAL_GPIO_Init     stm32f1xx_hal_gpio.o
    0x08000a80   0x00000010   Code   RO         1083    i.HAL_GPIO_ReadPin  stm32f1xx_hal_gpio.o
    0x08000a90   0x00000014   Code   RO         1084    i.HAL_GPIO_TogglePin  stm32f1xx_hal_gpio.o
    0x08000aa4   0x0000000c   Code   RO         1085    i.HAL_GPIO_WritePin  stm32f1xx_hal_gpio.o
    0x08000ab0   0x0000000c   Code   RO          698    i.HAL_GetTick       stm32f1xx_hal.o
    0x08000abc   0x00000018   Code   RO          704    i.HAL_IncTick       stm32f1xx_hal.o
    0x08000ad4   0x00000028   Code   RO          705    i.HAL_Init          stm32f1xx_hal.o
    0x08000afc   0x0000004c   Code   RO          706    i.HAL_InitTick      stm32f1xx_hal.o
    0x08000b48   0x00000002   Code   RO          708    i.HAL_MspInit       stm32f1xx_hal.o
    0x08000b4a   0x00000020   Code   RO          863    i.HAL_NVIC_EnableIRQ  stm32f1xx_hal_cortex.o
    0x08000b6a   0x0000007c   Code   RO          869    i.HAL_NVIC_SetPriority  stm32f1xx_hal_cortex.o
    0x08000be6   0x00000002   PAD
    0x08000be8   0x00000028   Code   RO          870    i.HAL_NVIC_SetPriorityGrouping  stm32f1xx_hal_cortex.o
    0x08000c10   0x0000018c   Code   RO         1306    i.HAL_RCC_ClockConfig  stm32f1xx_hal_rcc.o
    0x08000d9c   0x0000000c   Code   RO         1311    i.HAL_RCC_GetHCLKFreq  stm32f1xx_hal_rcc.o
    0x08000da8   0x00000020   Code   RO         1313    i.HAL_RCC_GetPCLK1Freq  stm32f1xx_hal_rcc.o
    0x08000dc8   0x00000020   Code   RO         1314    i.HAL_RCC_GetPCLK2Freq  stm32f1xx_hal_rcc.o
    0x08000de8   0x00000094   Code   RO         1315    i.HAL_RCC_GetSysClockFreq  stm32f1xx_hal_rcc.o
    0x08000e7c   0x00000464   Code   RO         1318    i.HAL_RCC_OscConfig  stm32f1xx_hal_rcc.o
    0x080012e0   0x000000d4   Code   RO         1459    i.HAL_SPI_Init      stm32f1xx_hal_spi.o
    0x080013b4   0x000000b0   Code   RO         4054    i.HAL_SPI_MspInit   spi.o
    0x08001464   0x000002ee   Code   RO         1468    i.HAL_SPI_TransmitReceive  stm32f1xx_hal_spi.o
    0x08001752   0x00000066   Code   RO         1800    i.HAL_SRAM_Init     stm32f1xx_hal_sram.o
    0x080017b8   0x00000090   Code   RO         3669    i.HAL_SRAM_MspInit  lcd.o
    0x08001848   0x00000034   Code   RO          874    i.HAL_SYSTICK_Config  stm32f1xx_hal_cortex.o
    0x0800187c   0x00000066   Code   RO         1933    i.HAL_TIM_Base_Init  stm32f1xx_hal_tim.o
    0x080018e2   0x00000002   Code   RO         1935    i.HAL_TIM_Base_MspInit  stm32f1xx_hal_tim.o
    0x080018e4   0x00000090   Code   RO         1938    i.HAL_TIM_Base_Start_IT  stm32f1xx_hal_tim.o
    0x08001974   0x00000002   Code   RO         2936    i.HAL_UART_ErrorCallback  stm32f1xx_hal_uart.o
    0x08001976   0x00000002   PAD
    0x08001978   0x00000154   Code   RO         2939    i.HAL_UART_IRQHandler  stm32f1xx_hal_uart.o
    0x08001acc   0x00000072   Code   RO         2940    i.HAL_UART_Init     stm32f1xx_hal_uart.o
    0x08001b3e   0x00000002   PAD
    0x08001b40   0x000000b4   Code   RO          610    i.HAL_UART_MspInit  usart.o
    0x08001bf4   0x00000070   Code   RO         2945    i.HAL_UART_Receive_IT  stm32f1xx_hal_uart.o
    0x08001c64   0x0000009c   Code   RO          611    i.HAL_UART_RxCpltCallback  usart.o
    0x08001d00   0x00000002   Code   RO         2951    i.HAL_UART_TxCpltCallback  stm32f1xx_hal_uart.o
    0x08001d02   0x00000004   Code   RO          292    i.HardFault_Handler  stm32f1xx_it.o
    0x08001d06   0x00000004   Code   RO          293    i.MemManage_Handler  stm32f1xx_it.o
    0x08001d0a   0x00000002   Code   RO          294    i.NMI_Handler       stm32f1xx_it.o
    0x08001d0c   0x00000002   Code   RO          295    i.PendSV_Handler    stm32f1xx_it.o
    0x08001d0e   0x00000002   PAD
    0x08001d10   0x00000028   Code   RO         1319    i.RCC_Delay         stm32f1xx_hal_rcc.o
    0x08001d38   0x00000028   Code   RO         1499    i.SPI_EndRxTxTransaction  stm32f1xx_hal_spi.o
    0x08001d60   0x00000006   Code   RO         1500    i.SPI_ISCRCErrorValid  stm32f1xx_hal_spi.o
    0x08001d66   0x00000002   PAD
    0x08001d68   0x000000d8   Code   RO         1507    i.SPI_WaitFlagStateUntilTimeout  stm32f1xx_hal_spi.o
    0x08001e40   0x00000002   Code   RO          296    i.SVC_Handler       stm32f1xx_it.o
    0x08001e42   0x00000008   Code   RO          297    i.SysTick_Handler   stm32f1xx_it.o
    0x08001e4a   0x00000002   Code   RO           14    i.SystemInit        system_stm32f1xx.o
    0x08001e4c   0x00000044   Code   RO         4099    i.TIM4_IRQHandler   usmart_port.o
    0x08001e90   0x0000009c   Code   RO         2026    i.TIM_Base_SetConfig  stm32f1xx_hal_tim.o
    0x08001f2c   0x00000014   Code   RO         2953    i.UART_DMAAbortOnError  stm32f1xx_hal_uart.o
    0x08001f40   0x00000020   Code   RO         2963    i.UART_EndRxTransfer  stm32f1xx_hal_uart.o
    0x08001f60   0x00000020   Code   RO         2964    i.UART_EndTransmit_IT  stm32f1xx_hal_uart.o
    0x08001f80   0x000000a0   Code   RO         2966    i.UART_Receive_IT   stm32f1xx_hal_uart.o
    0x08002020   0x000000fc   Code   RO         2967    i.UART_SetConfig    stm32f1xx_hal_uart.o
    0x0800211c   0x00000060   Code   RO         2968    i.UART_Transmit_IT  stm32f1xx_hal_uart.o
    0x0800217c   0x00000010   Code   RO          612    i.USART1_IRQHandler  usart.o
    0x0800218c   0x00000004   Code   RO          298    i.UsageFault_Handler  stm32f1xx_it.o
    0x08002190   0x00000020   Code   RO         4535    i.__0printf$8       mc_w.l(printf8.o)
    0x080021b0   0x00000010   Code   RO          876    i.__NVIC_GetPriorityGrouping  stm32f1xx_hal_cortex.o
    0x080021c0   0x00000028   Code   RO          877    i.__NVIC_SetPriority  stm32f1xx_hal_cortex.o
    0x080021e8   0x0000000e   Code   RO         4634    i.__scatterload_copy  mc_w.l(handlers.o)
    0x080021f6   0x00000002   Code   RO         4635    i.__scatterload_null  mc_w.l(handlers.o)
    0x080021f8   0x0000000e   Code   RO         4636    i.__scatterload_zeroinit  mc_w.l(handlers.o)
    0x08002206   0x00000002   PAD
    0x08002208   0x00000410   Code   RO         4542    i._printf_core      mc_w.l(printf8.o)
    0x08002618   0x00000024   Code   RO         4543    i._printf_post_padding  mc_w.l(printf8.o)
    0x0800263c   0x0000002e   Code   RO         4544    i._printf_pre_padding  mc_w.l(printf8.o)
    0x0800266a   0x00000002   PAD
    0x0800266c   0x0000000c   Code   RO          494    i.delay_init        delay.o
    0x08002678   0x00000012   Code   RO          495    i.delay_ms          delay.o
    0x0800268a   0x00000002   PAD
    0x0800268c   0x00000048   Code   RO          496    i.delay_us          delay.o
    0x080026d4   0x0000001c   Code   RO          616    i.fputc             usart.o
    0x080026f0   0x000000f0   Code   RO         3638    i.key_init          key.o
    0x080027e0   0x000000c4   Code   RO         3639    i.key_scan          key.o
    0x080028a4   0x00000034   Code   RO         3670    i.lcd_clear         lcd.o
    0x080028d8   0x0000016c   Code   RO         3672    i.lcd_display_dir   lcd.o
    0x08002a44   0x00000020   Code   RO         3678    i.lcd_draw_point    lcd.o
    0x08002a64   0x0000022c   Code   RO         3680    i.lcd_ex_ili9341_reginit  lcd.o
    0x08002c90   0x00000340   Code   RO         3681    i.lcd_ex_ili9806_reginit  lcd.o
    0x08002fd0   0x00000ef2   Code   RO         3682    i.lcd_ex_nt35310_reginit  lcd.o
    0x08003ec2   0x00000efc   Code   RO         3683    i.lcd_ex_nt35510_reginit  lcd.o
    0x08004dbe   0x0000016e   Code   RO         3684    i.lcd_ex_ssd1963_reginit  lcd.o
    0x08004f2c   0x000001a8   Code   RO         3685    i.lcd_ex_st7789_reginit  lcd.o
    0x080050d4   0x000001c6   Code   RO         3686    i.lcd_ex_st7796_reginit  lcd.o
    0x0800529a   0x00000002   PAD
    0x0800529c   0x00000054   Code   RO         3687    i.lcd_fill          lcd.o
    0x080052f0   0x00000468   Code   RO         3689    i.lcd_init          lcd.o
    0x08005758   0x0000000c   Code   RO         3690    i.lcd_opt_delay     lcd.o
    0x08005764   0x00000018   Code   RO         3692    i.lcd_rd_data       lcd.o
    0x0800577c   0x0000023c   Code   RO         3694    i.lcd_scan_dir      lcd.o
    0x080059b8   0x00000120   Code   RO         3695    i.lcd_set_cursor    lcd.o
    0x08005ad8   0x00000140   Code   RO         3697    i.lcd_show_char     lcd.o
    0x08005c18   0x0000006a   Code   RO         3699    i.lcd_show_string   lcd.o
    0x08005c82   0x00000002   PAD
    0x08005c84   0x00000054   Code   RO         3701    i.lcd_ssd_backlight_set  lcd.o
    0x08005cd8   0x00000018   Code   RO         3702    i.lcd_wr_data       lcd.o
    0x08005cf0   0x00000018   Code   RO         3703    i.lcd_wr_regno      lcd.o
    0x08005d08   0x00000014   Code   RO         3704    i.lcd_write_ram_prepare  lcd.o
    0x08005d1c   0x00000010   Code   RO         3705    i.lcd_write_reg     lcd.o
    0x08005d2c   0x00000090   Code   RO         3930    i.led_init          led.o
    0x08005dbc   0x000002d8   Code   RO          221    i.main              main.o
    0x08006094   0x00000038   Code   RO         3954    i.norflash_erase_chip  norflash.o
    0x080060cc   0x00000044   Code   RO         3955    i.norflash_erase_sector  norflash.o
    0x08006110   0x000000b8   Code   RO         3956    i.norflash_init     norflash.o
    0x080061c8   0x00000050   Code   RO         3957    i.norflash_read     norflash.o
    0x08006218   0x00000050   Code   RO         3958    i.norflash_read_id  norflash.o
    0x08006268   0x0000005c   Code   RO         3959    i.norflash_read_sr  norflash.o
    0x080062c4   0x00000034   Code   RO         3960    i.norflash_send_address  norflash.o
    0x080062f8   0x00000014   Code   RO         3961    i.norflash_wait_busy  norflash.o
    0x0800630c   0x0000002c   Code   RO         3963    i.norflash_write_enable  norflash.o
    0x08006338   0x00000058   Code   RO         3965    i.norflash_write_page  norflash.o
    0x08006390   0x00000058   Code   RO         3966    i.norflash_write_sr  norflash.o
    0x080063e8   0x00000006   Code   RO         4237    i.read_addr         usmart.o
    0x080063ee   0x00000002   PAD
    0x080063f0   0x0000007c   Code   RO         4055    i.spi2_init         spi.o
    0x0800646c   0x00000020   Code   RO         4056    i.spi2_read_write_byte  spi.o
    0x0800648c   0x00000048   Code   RO         4057    i.spi2_set_speed    spi.o
    0x080064d4   0x00000066   Code   RO          543    i.sys_stm32_clock_init  sys.o
    0x0800653a   0x00000002   PAD
    0x0800653c   0x00000038   Code   RO          617    i.usart_init        usart.o
    0x08006574   0x000000b0   Code   RO         4238    i.usmart_cmd_rec    usmart.o
    0x08006624   0x000002d4   Code   RO         4239    i.usmart_exe        usmart.o
    0x080068f8   0x000000d4   Code   RO         4150    i.usmart_get_aparm  usmart_str.o
    0x080069cc   0x00000036   Code   RO         4151    i.usmart_get_cmdname  usmart_str.o
    0x08006a02   0x00000002   PAD
    0x08006a04   0x000001c0   Code   RO         4152    i.usmart_get_fname  usmart_str.o
    0x08006bc4   0x0000010c   Code   RO         4153    i.usmart_get_fparam  usmart_str.o
    0x08006cd0   0x00000028   Code   RO         4100    i.usmart_get_input_string  usmart_port.o
    0x08006cf8   0x00000020   Code   RO         4154    i.usmart_get_parmpos  usmart_str.o
    0x08006d18   0x00000028   Code   RO         4240    i.usmart_init       usmart.o
    0x08006d40   0x00000016   Code   RO         4155    i.usmart_pow        usmart_str.o
    0x08006d56   0x00000002   PAD
    0x08006d58   0x000000a8   Code   RO         4241    i.usmart_scan       usmart.o
    0x08006e00   0x00000016   Code   RO         4156    i.usmart_search_nextc  usmart_str.o
    0x08006e16   0x00000106   Code   RO         4157    i.usmart_str2num    usmart_str.o
    0x08006f1c   0x00000022   Code   RO         4158    i.usmart_strcmp     usmart_str.o
    0x08006f3e   0x00000016   Code   RO         4159    i.usmart_strcopy    usmart_str.o
    0x08006f54   0x00000018   Code   RO         4160    i.usmart_strlen     usmart_str.o
    0x08006f6c   0x000006f4   Code   RO         4242    i.usmart_sys_cmd_exe  usmart.o
    0x08007660   0x00000044   Code   RO         4101    i.usmart_timx_get_time  usmart_port.o
    0x080076a4   0x00000060   Code   RO         4102    i.usmart_timx_init  usmart_port.o
    0x08007704   0x00000034   Code   RO         4103    i.usmart_timx_reset_time  usmart_port.o
    0x08007738   0x00000004   Code   RO         4243    i.write_addr        usmart.o
    0x0800773c   0x00000018   Data   RO           15    .constdata          system_stm32f1xx.o
    0x08007754   0x00000017   Data   RO          222    .constdata          main.o
    0x0800776b   0x00002f80   Data   RO         3707    .constdata          lcd.o
    0x0800a6eb   0x00000001   PAD
    0x0800a6ec   0x00000028   Data   RO         4244    .conststring        usmart.o
    0x0800a714   0x000000f4   Data   RO         4301    .conststring        usmart_config.o
    0x0800a808   0x00000020   Data   RO         4632    Region$$Table       anon$$obj.o


    Execution Region RW_IRAM1 (Base: 0x20000000, Size: 0x00000770, Max: 0x00010000, ABSOLUTE, COMPRESSED[0x00000070])

    Base Addr    Size         Type   Attr      Idx    E Section Name        Object

    0x20000000   0x00000004   Data   RW           16    .data               system_stm32f1xx.o
    0x20000004   0x00000004   Data   RW          497    .data               delay.o
    0x20000008   0x00000007   Data   RW          619    .data               usart.o
    0x2000000f   0x00000001   PAD
    0x20000010   0x00000009   Data   RW          712    .data               stm32f1xx_hal.o
    0x20000019   0x00000001   Data   RW         3640    .data               key.o
    0x2000001a   0x00000002   PAD
    0x2000001c   0x00000008   Data   RW         3708    .data               lcd.o
    0x20000024   0x00000002   Data   RW         3968    .data               norflash.o
    0x20000026   0x00000002   PAD
    0x20000028   0x0000001c   Data   RW         4245    .data               usmart.o
    0x20000044   0x0000012c   Data   RW         4302    .data               usmart_config.o
    0x20000170   0x00000108   Zero   RW          618    .bss                usart.o
    0x20000278   0x00000056   Zero   RW         3706    .bss                lcd.o
    0x200002ce   0x00000002   PAD
    0x200002d0   0x00000058   Zero   RW         4058    .bss                spi.o
    0x20000328   0x00000048   Zero   RW         4104    .bss                usmart_port.o
    0x20000370   0x00000400   Zero   RW            1    STACK               startup_stm32f103xe.o


==============================================================================

Image component sizes


      Code (inc. data)   RO Data    RW Data    ZI Data      Debug   Object Name

       102         10          0          4          0       1819   delay.o
       436         26          0          1          0       1706   key.o
     13588        176      12160          8         86      24394   lcd.o
       144         12          0          0          0        891   led.o
       728        228         23          0          0       1484   main.o
       852         54          0          2          0       7067   norflash.o
       404         34          0          0         88       2771   spi.o
        36          8        304          0       1024        920   startup_stm32f103xe.o
       154         32          0          9          0       6331   stm32f1xx_hal.o
       304         22          0          0          0      29403   stm32f1xx_hal_cortex.o
       424         10          0          0          0       1223   stm32f1xx_hal_dma.o
       880         40          0          0          0       3932   stm32f1xx_hal_gpio.o
      1784        110          0          0          0       5984   stm32f1xx_hal_rcc.o
      1224          6          0          0          0       5179   stm32f1xx_hal_spi.o
       102          0          0          0          0       1192   stm32f1xx_hal_sram.o
       404         44          0          0          0       3088   stm32f1xx_hal_tim.o
      1162         10          0          0          0       7659   stm32f1xx_hal_uart.o
        32          0          0          0          0       3818   stm32f1xx_it.o
       254         10          0          0          0       3815   stm32f1xx_ll_fsmc.o
       102          0          0          0          0        703   sys.o
         2          0         24          4          0     502711   system_stm32f1xx.o
       436         56          0          7        264       4893   usart.o
      2898       1308         40         28          0       5702   usmart.o
         0          0        244        300          0       1556   usmart_config.o
       324         50          0          0         72       3278   usmart_port.o
      1400         20          0          0          0       8937   usmart_str.o

    ----------------------------------------------------------------------
     28204       2266      12828        368       1536     640456   Object Totals
         0          0         32          0          0          0   (incl. Generated)
        28          0          1          5          2          0   (incl. Padding)

    ----------------------------------------------------------------------

      Code (inc. data)   RO Data    RW Data    ZI Data      Debug   Library Member Name

        86          0          0          0          0          0   __dczerorl2.o
         0          0          0          0          0          0   entry.o
         0          0          0          0          0          0   entry10a.o
         0          0          0          0          0          0   entry11a.o
         8          4          0          0          0          0   entry2.o
         4          0          0          0          0          0   entry5.o
         0          0          0          0          0          0   entry7b.o
         0          0          0          0          0          0   entry8b.o
         8          4          0          0          0          0   entry9a.o
        30          0          0          0          0          0   handlers.o
        36          8          0          0          0         68   init.o
         0          0          0          0          0          0   iusefp.o
        30          0          0          0          0         68   llshl.o
        32          0          0          0          0         68   llushr.o
        36          0          0          0          0        108   memseta.o
      1154         54          0          0          0        352   printf8.o
        98          0          0          0          0         92   uldiv.o
       186          0          0          0          0        176   depilogue.o
        50          0          0          0          0         76   dfixui.o
        26          0          0          0          0         76   dfltui.o
       228          0          0          0          0         96   dmul.o

    ----------------------------------------------------------------------
      2016         70          0          0          0       1180   Library Totals
         4          0          0          0          0          0   (incl. Padding)

    ----------------------------------------------------------------------

      Code (inc. data)   RO Data    RW Data    ZI Data      Debug   Library Name

      1522         70          0          0          0        756   mc_w.l
       490          0          0          0          0        424   mf_w.l

    ----------------------------------------------------------------------
      2016         70          0          0          0       1180   Library Totals

    ----------------------------------------------------------------------

==============================================================================


      Code (inc. data)   RO Data    RW Data    ZI Data      Debug   

     30220       2336      12828        368       1536     634692   Grand Totals
     30220       2336      12828        112       1536     634692   ELF Image Totals (compressed)
     30220       2336      12828        112          0          0   ROM Totals

==============================================================================

    Total RO  Size (Code + RO Data)                43048 (  42.04kB)
    Total RW  Size (RW Data + ZI Data)              1904 (   1.86kB)
    Total ROM Size (Code + RO Data + RW Data)      43160 (  42.15kB)

==============================================================================

